 kehelper

 Timestamp is 6479b90b (Fri Jun  2 05:40:27 2023)

 Preferred load address is 10000000

 Start         Length     Name                   Class
 0001:00000000 00000010H .text$di                CODE
 0001:00000010 000122b0H .text$mn                CODE
 0001:000122c0 00000050H .text$x                 CODE
 0001:00012310 0000000cH .text$yd                CODE
 0002:00000000 0000016cH .idata$5                DATA
 0002:0000016c 00000004H .00cfg                  DATA
 0002:00000170 00000004H .CRT$XCA                DATA
 0002:00000174 00000004H .CRT$XCU                DATA
 0002:00000178 00000004H .CRT$XCZ                DATA
 0002:0000017c 00000004H .CRT$XIA                DATA
 0002:00000180 0000000cH .CRT$XIC                DATA
 0002:0000018c 00000004H .CRT$XIZ                DATA
 0002:00000190 00000004H .CRT$XPA                DATA
 0002:00000194 00000008H .CRT$XPX                DATA
 0002:0000019c 00000004H .CRT$XPXA               DATA
 0002:000001a0 00000004H .CRT$XPZ                DATA
 0002:000001a4 00000004H .CRT$XTA                DATA
 0002:000001a8 00000008H .CRT$XTZ                DATA
 0002:000001ac 00000000H .gfids$y                DATA
 0002:000001b0 00005748H .rdata                  DATA
 0002:000058f8 00000178H .rdata$r                DATA
 0002:00005a70 0000001cH .rdata$sxdata           DATA
 0002:00005a8c 00000350H .rdata$zzzdbg           DATA
 0002:00005ddc 00000004H .rtc$IAA                DATA
 0002:00005de0 00000004H .rtc$IZZ                DATA
 0002:00005de4 00000004H .rtc$TAA                DATA
 0002:00005de8 00000008H .rtc$TZZ                DATA
 0002:00005df0 00000660H .xdata$x                DATA
 0002:00006450 00000130H .edata                  DATA
 0002:00006580 00000050H .idata$2                DATA
 0002:000065d0 00000014H .idata$3                DATA
 0002:000065e4 0000016cH .idata$4                DATA
 0002:00006750 0000062aH .idata$6                DATA
 0003:00000000 000008c0H .data                   DATA
 0003:000008c0 000000b8H .data$r                 DATA
 0003:00000978 00000b44H .bss                    DATA
 0004:00000000 000000a0H .rsrc$01                DATA
 0004:000000a0 00000458H .rsrc$02                DATA

  Address         Publics by Value              Rva+Base       Lib:Object

 0000:00000000       ___guard_iat_count         00000000     <absolute>
 0000:00000000       ___guard_longjmp_table     00000000     <absolute>
 0000:00000000       ___hybrid_code_map_count   00000000     <absolute>
 0000:00000000       ___hybrid_auxiliary_iat    00000000     <absolute>
 0000:00000000       __except_list              00000000     <absolute>
 0000:00000000       ___guard_fids_table        00000000     <absolute>
 0000:00000000       ___guard_fids_count        00000000     <absolute>
 0000:00000000       ___volatile_metadata       00000000     <absolute>
 0000:00000000       ___dynamic_value_reloc_table 00000000     <absolute>
 0000:00000000       ___guard_iat_table         00000000     <absolute>
 0000:00000000       ___guard_longjmp_count     00000000     <absolute>
 0000:00000000       ___enclave_config          00000000     <absolute>
 0000:00000000       ___hybrid_code_map         00000000     <absolute>
 0000:00000007       ___safe_se_handler_count   00000007     <absolute>
 0000:00000100       ___guard_flags             00000100     <absolute>
 0000:00000000       ___ImageBase               10000000     <linker-defined>
 0001:00000010       ?ManageDriver@@YAEPBD0G@Z  10001010 f   install.obj
 0001:00000150       ___local_stdio_printf_options 10001150 f i kehelp.obj
 0001:00000160       _printf                    10001160 f i kehelp.obj
 0001:00000190       ??1_bstr_t@@QAE@XZ         10001190 f i kehelp.obj
 0001:000002f0       _StartupHelper             100012f0 f   kehelp.obj
 0001:00000800       _ReadIoSpace               10001800 f   kehelp.obj
 0001:00000860       _GetPciRouteTable          10001860 f   kehelp.obj
 0001:00000880       _GetPciDatabase            10001880 f   kehelp.obj
 0001:00000980       _GetBiosData               10001980 f   kehelp.obj
 0001:00000a40       _GetNextTaterEntry         10001a40 f   kehelp.obj
 0001:00000b40       _GetSmbiosData             10001b40 f   kehelp.obj
 0001:00000ce0       _GetNextSmEntry            10001ce0 f   kehelp.obj
 0001:00000d20       _PrintDataBuffer           10001d20 f   kehelp.obj
 0001:00000e90       _ShutdownHelper            10001e90 f   kehelp.obj
 0001:00000eb0       _DllMain@12                10001eb0 f   kehelp.obj
 0001:000010a0       ?_com_issue_error@@YGXJ@Z  100020a0 f   comsuppw:comsupp.obj
 0001:000010c0       ?ConvertStringToBSTR@_com_util@@YGPA_WPBD@Z 100020c0 f   comsuppw:comutil.obj
 0001:00001260       ??0_com_error@@QAE@ABV0@@Z 10002260 f i comsuppw:comraise.obj
 0001:000012a0       ??0_com_error@@QAE@JPAUIErrorInfo@@_N@Z 100022a0 f i comsuppw:comraise.obj
 0001:000012f0       ??1_com_error@@UAE@XZ      100022f0 f i comsuppw:comraise.obj
 0001:00001330       ??_G_com_error@@UAEPAXI@Z  10002330 f i comsuppw:comraise.obj
 0001:00001330       ??_E_com_error@@UAEPAXI@Z  10002330 f i comsuppw:comraise.obj
 0001:00001380       ?_com_raise_error@@YGXJPAUIErrorInfo@@@Z 10002380 f   comsuppw:comraise.obj
 0001:000013a5       @__security_check_cookie@4 100023a5 f   LIBCMT:secchk.obj
 0001:000013b6       ??3@YAXPAXI@Z              100023b6 f   LIBCMT:delete_scalar_size.obj
 0001:000013c4       ??_V@YAXPAX@Z              100023c4 f   LIBCMT:delete_array.obj
 0001:000013c9       ___raise_securityfailure   100023c9 f   LIBCMT:gs_report.obj
 0001:000013f1       ___report_gsfailure        100023f1 f   LIBCMT:gs_report.obj
 0001:000014ea       ??2@YAPAXI@Z               100024ea f   LIBCMT:new_scalar.obj
 0001:0000183a       __DllMainCRTStartup@12     1000283a f   LIBCMT:dll_dllmain.obj
 0001:0000185d       @_guard_check_icall_nop@4  1000285d f i LIBCMT:guard_support.obj
 0001:0000185e       ??$__crt_fast_encode_pointer@PAX@@YAPAXQAX@Z 1000285e f i libvcruntime:winapi_downlevel.obj
 0001:0000185e       ??$__crt_fast_encode_pointer@PAP6AXXZ@@YAPAP6AXXZQAP6AXXZ@Z 1000285e f i LIBCMT:utility.obj
 0001:000018bf       ___scrt_acquire_startup_lock 100028bf f   LIBCMT:utility.obj
 0001:000018f1       ___scrt_dllmain_after_initialize_c 100028f1 f   LIBCMT:utility.obj
 0001:0000191c       ___scrt_dllmain_before_initialize_c 1000291c f   LIBCMT:utility.obj
 0001:0000192a       ___scrt_dllmain_crt_thread_attach 1000292a f   LIBCMT:utility.obj
 0001:00001949       ___scrt_dllmain_crt_thread_detach 10002949 f   LIBCMT:utility.obj
 0001:00001956       ___scrt_dllmain_exception_filter 10002956 f   LIBCMT:utility.obj
 0001:0000198a       ___scrt_dllmain_uninitialize_c 1000298a f   LIBCMT:utility.obj
 0001:000019ad       ___scrt_dllmain_uninitialize_critical 100029ad f   LIBCMT:utility.obj
 0001:000019ba       ___scrt_initialize_crt     100029ba f   LIBCMT:utility.obj
 0001:000019f3       ___scrt_initialize_onexit_tables 100029f3 f   LIBCMT:utility.obj
 0001:00001a98       ___scrt_is_nonwritable_in_current_image 10002a98 f   LIBCMT:utility.obj
 0001:00001b2c       ___scrt_release_startup_lock 10002b2c f   LIBCMT:utility.obj
 0001:00001b49       ___scrt_uninitialize_crt   10002b49 f   LIBCMT:utility.obj
 0001:00001b71       __onexit                   10002b71 f   LIBCMT:utility.obj
 0001:00001bac       _atexit                    10002bac f   LIBCMT:utility.obj
 0001:00001bd0       __alloca_probe_16          10002bd0 f   LIBCMT:alloca16.obj
 0001:00001be6       __alloca_probe_8           10002be6     LIBCMT:alloca16.obj
 0001:00001bfc       ??_Etype_info@@UAEPAXI@Z   10002bfc f i LIBCMT:std_type_info_static.obj
 0001:00001bfc       ??_Gtype_info@@UAEPAXI@Z   10002bfc f i LIBCMT:std_type_info_static.obj
 0001:00001c1f       ??3@YAXPAX@Z               10002c1f f   LIBCMT:delete_scalar.obj
 0001:00001c24       ??0bad_alloc@std@@QAE@ABV01@@Z 10002c24 f i LIBCMT:throw_bad_alloc.obj
 0001:00001c3f       ??0bad_alloc@std@@QAE@XZ   10002c3f f i LIBCMT:throw_bad_alloc.obj
 0001:00001c57       ??0bad_array_new_length@std@@QAE@ABV01@@Z 10002c57 f i LIBCMT:throw_bad_alloc.obj
 0001:00001c72       ??0bad_array_new_length@std@@QAE@XZ 10002c72 f i LIBCMT:throw_bad_alloc.obj
 0001:00001c8a       ??0exception@std@@QAE@ABV01@@Z 10002c8a f i LIBCMT:throw_bad_alloc.obj
 0001:00001cb6       ??1bad_alloc@std@@UAE@XZ   10002cb6 f i LIBCMT:throw_bad_alloc.obj
 0001:00001cb6       ??1bad_array_new_length@std@@UAE@XZ 10002cb6 f i LIBCMT:throw_bad_alloc.obj
 0001:00001cb6       ??1bad_exception@std@@UAE@XZ 10002cb6 f i libvcruntime:frame.obj
 0001:00001cc7       ??_Gbad_array_new_length@std@@UAEPAXI@Z 10002cc7 f i LIBCMT:throw_bad_alloc.obj
 0001:00001cc7       ??_Ebad_alloc@std@@UAEPAXI@Z 10002cc7 f i LIBCMT:throw_bad_alloc.obj
 0001:00001cc7       ??_Gbad_exception@std@@UAEPAXI@Z 10002cc7 f i libvcruntime:frame.obj
 0001:00001cc7       ??_Eexception@std@@UAEPAXI@Z 10002cc7 f i LIBCMT:throw_bad_alloc.obj
 0001:00001cc7       ??_Gexception@std@@UAEPAXI@Z 10002cc7 f i LIBCMT:throw_bad_alloc.obj
 0001:00001cc7       ??_Ebad_exception@std@@UAEPAXI@Z 10002cc7 f i libvcruntime:frame.obj
 0001:00001cc7       ??_Ebad_array_new_length@std@@UAEPAXI@Z 10002cc7 f i LIBCMT:throw_bad_alloc.obj
 0001:00001cc7       ??_Gbad_alloc@std@@UAEPAXI@Z 10002cc7 f i LIBCMT:throw_bad_alloc.obj
 0001:00001cf4       ?__scrt_throw_std_bad_alloc@@YAXXZ 10002cf4 f   LIBCMT:throw_bad_alloc.obj
 0001:00001d11       ?__scrt_throw_std_bad_array_new_length@@YAXXZ 10002d11 f   LIBCMT:throw_bad_alloc.obj
 0001:00001d2e       ?what@exception@std@@UBEPBDXZ 10002d2e f i LIBCMT:throw_bad_alloc.obj
 0001:00001d88       ___security_init_cookie    10002d88 f   LIBCMT:gs_support.obj
 0001:00001dd3       ?__scrt_initialize_type_info@@YAXXZ 10002dd3 f   LIBCMT:tncleanup.obj
 0001:00001ddf       ?__scrt_uninitialize_type_info@@YAXXZ 10002ddf f   LIBCMT:tncleanup.obj
 0001:00001deb       ___local_stdio_scanf_options 10002deb f i LIBCMT:default_local_stdio_options.obj
 0001:00001df1       ___scrt_initialize_default_local_stdio_options 10002df1 f   LIBCMT:default_local_stdio_options.obj
 0001:00001e0e       ___scrt_get_dyn_tls_init_callback 10002e0e f   LIBCMT:dyn_tls_init.obj
 0001:00001e14       ___scrt_fastfail           10002e14 f   LIBCMT:utility_desktop.obj
 0001:00001f2e       __crt_debugger_hook        10002f2e f   LIBCMT:utility_desktop.obj
 0001:00001f36       __RTC_Initialize           10002f36 f   LIBCMT:initsect.obj
 0001:00001f62       __RTC_Terminate            10002f62 f   LIBCMT:initsect.obj
 0001:00001f90       __SEH_prolog4              10002f90 f   LIBCMT:sehprolg4.obj
 0001:00001fd6       __SEH_epilog4              10002fd6 f   LIBCMT:sehprolg4.obj
 0001:00001fed       ___isa_available_init      10002fed f   LIBCMT:cpu_disp.obj
 0001:00002184       __get_startup_argv_mode    10003184 f   LIBCMT:argv_mode.obj
 0001:00002188       ___scrt_is_ucrt_dll_in_use 10003188 f   LIBCMT:ucrt_detection.obj
 0001:000021a0       __chkstk                   100031a0 f   LIBCMT:chkstk.obj
 0001:000021a0       __alloca_probe             100031a0 f   LIBCMT:chkstk.obj
 0001:000021cd       ?GetRangeOfTrysToCheck@__FrameHandler3@@SA?AU?$pair@Viterator@TryBlockMap@__FrameHandler3@@V123@@std@@AAVTryBlockMap@1@HH@Z 100031cd f   libvcruntime:trnsctrl.obj
 0001:0000224f       ?_CallCatchBlock2@@YAPAXPAUEHRegistrationNode@@PBU_s_FuncInfo@@PAXHK@Z 1000324f f   libvcruntime:trnsctrl.obj
 0001:000022ad       ?_CallSETranslator@@YAHPAUEHExceptionRecord@@PAUEHRegistrationNode@@PAX2PBU_s_FuncInfo@@H1@Z 100032ad f   libvcruntime:trnsctrl.obj
 0001:00002388       ?_JumpToContinuation@@YGXPAXPAUEHRegistrationNode@@@Z 10003388 f   libvcruntime:trnsctrl.obj
 0001:000023b8       ?_UnwindNestedFrames@@YGXPAUEHRegistrationNode@@PAUEHExceptionRecord@@@Z 100033b8 f   libvcruntime:trnsctrl.obj
 0001:0000240b       __CatchGuardHandler        1000340b f   libvcruntime:trnsctrl.obj
 0001:0000243c       __CreateFrameInfo          1000343c f   libvcruntime:trnsctrl.obj
 0001:00002460       __FindAndUnlinkFrame       10003460 f   libvcruntime:trnsctrl.obj
 0001:000024a5       __TranslatorGuardHandler   100034a5 f   libvcruntime:trnsctrl.obj
 0001:00002542       ___CxxFrameHandler3        10003542 f   libvcruntime:trnsctrl.obj
 0001:00002580       _strrchr                   10003580 f   libvcruntime:strrchr.obj
 0001:00002700       __except_handler4          10003700 f   libvcruntime:chandler4.obj
 0001:00002857       __CxxThrowException@8      10003857 f   libvcruntime:throw.obj
 0001:000028d0       _memset                    100038d0 f   libvcruntime:memset.obj
 0001:00002a2a       ___vcrt_initialize         10003a2a f   libvcruntime:initialization.obj
 0001:00002a53       ___vcrt_thread_attach      10003a53 f   libvcruntime:initialization.obj
 0001:00002a5e       ___vcrt_thread_detach      10003a5e f   libvcruntime:initialization.obj
 0001:00002a69       ___vcrt_uninitialize       10003a69 f   libvcruntime:initialization.obj
 0001:00002a88       ___vcrt_uninitialize_critical 10003a88 f   libvcruntime:initialization.obj
 0001:00002a90       ___std_exception_copy      10003a90 f   libvcruntime:std_exception.obj
 0001:00002af3       ___std_exception_destroy   10003af3 f   libvcruntime:std_exception.obj
 0001:00002b12       ___std_type_info_compare   10003b12 f   libvcruntime:std_type_info.obj
 0001:00002b4e       ___std_type_info_destroy_list 10003b4e f   libvcruntime:std_type_info.obj
 0001:00002b71       ___vcrt_freefls@4          10003b71 f   libvcruntime:per_thread_data.obj
 0001:00002b8d       ___vcrt_freeptd            10003b8d f   libvcruntime:per_thread_data.obj
 0001:00002bc3       ___vcrt_getptd             10003bc3 f   libvcruntime:per_thread_data.obj
 0001:00002bd1       ___vcrt_getptd_noexit      10003bd1 f   libvcruntime:per_thread_data.obj
 0001:00002c63       ___vcrt_initialize_ptd     10003c63 f   libvcruntime:per_thread_data.obj
 0001:00002c96       ___vcrt_uninitialize_ptd   10003c96 f   libvcruntime:per_thread_data.obj
 0001:000033a8       ??$TypeMatchHelper@$$CBU_s_HandlerType@@@@YAHPBU_s_HandlerType@@PBU_s_CatchableType@@PBU_s_ThrowInfo@@@Z 100043a8 f i libvcruntime:frame.obj
 0001:00003436       ??$__InternalCxxFrameHandler@V__FrameHandler3@@@@YA?AW4_EXCEPTION_DISPOSITION@@PAUEHExceptionRecord@@PAUEHRegistrationNode@@PAU_CONTEXT@@PAXPBU_s_FuncInfo@@H1E@Z 10004436 f i libvcruntime:frame.obj
 0001:00003538       ??0bad_exception@std@@QAE@ABV01@@Z 10004538 f i libvcruntime:frame.obj
 0001:00003553       ??0bad_exception@std@@QAE@XZ 10004553 f i libvcruntime:frame.obj
 0001:0000356b       ??8type_info@@QBE_NABV0@@Z 1000456b f i libvcruntime:frame.obj
 0001:000037d2       ?FrameUnwindToEmptyState@__FrameHandler3@@SAXPAUEHRegistrationNode@@PAXPBU_s_FuncInfo@@@Z 100047d2 f   libvcruntime:frame.obj
 0001:000037ea       ?FrameUnwindToState@__FrameHandler3@@SAXPAUEHRegistrationNode@@PAXPBU_s_FuncInfo@@H@Z 100047ea f   libvcruntime:frame.obj
 0001:0000396c       ?_CallMemberFunction1@@YGXQAX00@Z 1000496c f i libvcruntime:frame.obj
 0001:0000397c       ?_CallMemberFunction2@@YGXQAX00H@Z 1000497c f i libvcruntime:frame.obj
 0001:0000398f       ?getESTypes@__FrameHandler3@@SAPBU_s_ESTypeList@@PBU_s_FuncInfo@@@Z 1000498f f i libvcruntime:frame.obj
 0001:000039a0       __CallSettingFrame@12      100049a0 f   libvcruntime:lowhelpr.obj
 0001:000039c7       __NLG_Return               100049c7     libvcruntime:lowhelpr.obj
 0001:000039ec       ___except_validate_context_record 100049ec f   libvcruntime:jbcxrval.obj
 0001:00003a1c       ___except_validate_jump_buffer 10004a1c f   libvcruntime:jbcxrval.obj
 0001:00003a50       __local_unwind4            10004a50 f   libvcruntime:exsup4.obj
 0001:00003b28       __seh_longjmp_unwind4@4    10004b28 f   libvcruntime:exsup4.obj
 0001:00003b50       @_EH4_CallFilterFunc@8     10004b50 f   libvcruntime:exsup4.obj
 0001:00003b68       @_EH4_TransferToHandler@8  10004b68 f   libvcruntime:exsup4.obj
 0001:00003b84       @_EH4_GlobalUnwind2@8      10004b84 f   libvcruntime:exsup4.obj
 0001:00003ba0       @_EH4_LocalUnwind@16       10004ba0 f   libvcruntime:exsup4.obj
 0001:00003bb7       ___vcrt_initialize_locks   10004bb7 f   libvcruntime:locks.obj
 0001:00003bf3       ___vcrt_uninitialize_locks 10004bf3 f   libvcruntime:locks.obj
 0001:00003d55       ___vcrt_FlsAlloc           10004d55 f   libvcruntime:winapi_downlevel.obj
 0001:00003d90       ___vcrt_FlsFree            10004d90 f   libvcruntime:winapi_downlevel.obj
 0001:00003dcb       ___vcrt_FlsGetValue        10004dcb f   libvcruntime:winapi_downlevel.obj
 0001:00003e06       ___vcrt_FlsSetValue        10004e06 f   libvcruntime:winapi_downlevel.obj
 0001:00003e44       ___vcrt_InitializeCriticalSectionEx 10004e44 f   libvcruntime:winapi_downlevel.obj
 0001:00003e8b       ___vcrt_initialize_winapi_thunks 10004e8b f   libvcruntime:winapi_downlevel.obj
 0001:00003eb4       ___vcrt_uninitialize_winapi_thunks 10004eb4 f   libvcruntime:winapi_downlevel.obj
 0001:00003ee6       ___vcrt_initialize_pure_virtual_call_handler 10004ee6 f   libvcruntime:purevirt_data.obj
 0001:00003ef1       _unexpected                10004ef1 f   libvcruntime:unexpected.obj
 0001:00003f0e       ?GetCurrentState@__FrameHandler3@@SAHPAUEHRegistrationNode@@PAXPBU_s_FuncInfo@@@Z 10004f0e f   libvcruntime:ehstate.obj
 0001:00003f2b       ?SetState@__FrameHandler3@@SAXPAUEHRegistrationNode@@PBU_s_FuncInfo@@H@Z 10004f2b f   libvcruntime:ehstate.obj
 0001:00003f39       ___DestructExceptionObject 10004f39 f   libvcruntime:ehhelpers.obj
 0001:00003fd9       ?_CallMemberFunction0@@YGXQAX0@Z 10004fd9 f i libvcruntime:ehhelpers.obj
 0001:00003fe6       __IsExceptionObjectToBeDestroyed 10004fe6 f   libvcruntime:ehhelpers.obj
 0001:0000400c       ___AdjustPointer           1000500c f   libvcruntime:ehhelpers.obj
 0001:00004031       ___FrameUnwindFilter       10005031 f   libvcruntime:ehhelpers.obj
 0001:00004080       _memmove                   10005080 f   libvcruntime:memmove.obj
 0001:00004600       __global_unwind2           10005600 f   libvcruntime:exsup.obj
 0001:00004666       __local_unwind2            10005666 f   libvcruntime:exsup.obj
 0001:000046ea       __abnormal_termination     100056ea f   libvcruntime:exsup.obj
 0001:00004710       __NLG_Notify1              10005710 f   libvcruntime:exsup.obj
 0001:0000471c       __NLG_Notify               1000571c f   libvcruntime:exsup.obj
 0001:00004733       __NLG_Dispatch             10005733     libvcruntime:exsup.obj
 0001:00004733       __NLG_Dispatch2            10005733     libvcruntime:exsup.obj
 0001:0000473b       __NLG_Call                 1000573b f   libvcruntime:exsup.obj
 0001:0000473d       __NLG_Return2              1000573d     libvcruntime:exsup.obj
 0001:00004740       _memcpy                    10005740 f   libvcruntime:memcpy.obj
 0001:00004cb4       ___acrt_initialize_stdio   10005cb4 f   libucrt:_file.obj
 0001:00004d7c       ___acrt_iob_func           10005d7c f   libucrt:_file.obj
 0001:00004d8c       ___acrt_uninitialize_stdio 10005d8c f   libucrt:_file.obj
 0001:00004dd8       __lock_file                10005dd8 f   libucrt:_file.obj
 0001:00004dec       __unlock_file              10005dec f   libucrt:_file.obj
 0001:00004e51       ??$count@D@formatting_buffer@__crt_stdio_output@@QBEIXZ 10005e51 f i libucrt:output.obj
 0001:00004e69       ??$ensure_buffer_is_big_enough@D@formatting_buffer@__crt_stdio_output@@QAE_NI@Z 10005e69 f i libucrt:output.obj
 0001:00004ee8       ??$is_wide_character_specifier@D@__crt_stdio_output@@YA_N_KDW4length_modifier@0@@Z 10005ee8 f i libucrt:output.obj
 0001:00004f19       ??$scratch_data@D@formatting_buffer@__crt_stdio_output@@QAEPADXZ 10005f19 f i libucrt:output.obj
 0001:00004f37       ??$type_case_integer_parse_into_buffer@I@?$output_processor@DV?$stream_output_adapter@D@__crt_stdio_output@@V?$standard_base@DV?$stream_output_adapter@D@__crt_stdio_output@@@2@@__crt_stdio_output@@AAEXII_N@Z 10005f37 f i libucrt:output.obj
 0001:00004faa       ??$type_case_integer_parse_into_buffer@_K@?$output_processor@DV?$stream_output_adapter@D@__crt_stdio_output@@V?$standard_base@DV?$stream_output_adapter@D@__crt_stdio_output@@@2@@__crt_stdio_output@@AAEX_KI_N@Z 10005faa f i libucrt:output.obj
 0001:0000503a       ??$write_multiple_characters@V?$stream_output_adapter@D@__crt_stdio_output@@D@__crt_stdio_output@@YAXABV?$stream_output_adapter@D@0@DHQAH@Z 1000603a f i libucrt:output.obj
 0001:00005075       ??0?$common_data@D@__crt_stdio_output@@IAE@XZ 10006075 f i libucrt:output.obj
 0001:000050bc       ??0?$output_adapter_data@DV?$stream_output_adapter@D@__crt_stdio_output@@@__crt_stdio_output@@IAE@ABV?$stream_output_adapter@D@1@_KQBDQAU__crt_locale_pointers@@QAD@Z 100060bc f i libucrt:output.obj
 0001:000050f8       ??0_LocaleUpdate@@QAE@QAU__crt_locale_pointers@@@Z 100060f8 f i libucrt:output.obj
 0001:0000517b       ??1formatting_buffer@__crt_stdio_output@@QAE@XZ 1000617b f i libucrt:output.obj
 0001:00005195       ??4?$__crt_unique_heap_ptr@DU__crt_internal_free_policy@@@@QAEAAV0@$$QAV0@@Z 10006195 f i libucrt:output.obj
 0001:0000527a       ?crop_zeroes@__crt_stdio_output@@YAXPADQAU__crt_locale_pointers@@@Z 1000627a f i libucrt:output.obj
 0001:000052da       ?find_next_state@?$output_processor@DV?$stream_output_adapter@D@__crt_stdio_output@@V?$standard_base@DV?$stream_output_adapter@D@__crt_stdio_output@@@2@@__crt_stdio_output@@ABE?AW4state@2@DW432@@Z 100062da f i libucrt:output.obj
 0001:00005319       ?force_decimal_point@__crt_stdio_output@@YAXPADQAU__crt_locale_pointers@@@Z 10006319 f i libucrt:output.obj
 0001:00005375       ?parse_int_from_format_string@?$output_processor@DV?$stream_output_adapter@D@__crt_stdio_output@@V?$standard_base@DV?$stream_output_adapter@D@__crt_stdio_output@@@2@@__crt_stdio_output@@AAE_NQAH@Z 10006375 f i libucrt:output.obj
 0001:000053eb       ?process@?$output_processor@DV?$stream_output_adapter@D@__crt_stdio_output@@V?$standard_base@DV?$stream_output_adapter@D@__crt_stdio_output@@@2@@__crt_stdio_output@@QAEHXZ 100063eb f i libucrt:output.obj
 0001:000054ff       ?state_case_flag@?$output_processor@DV?$stream_output_adapter@D@__crt_stdio_output@@V?$standard_base@DV?$stream_output_adapter@D@__crt_stdio_output@@@2@@__crt_stdio_output@@AAE_NXZ 100064ff f i libucrt:output.obj
 0001:0000553c       ?state_case_normal@?$output_processor@DV?$stream_output_adapter@D@__crt_stdio_output@@V?$standard_base@DV?$stream_output_adapter@D@__crt_stdio_output@@@2@@__crt_stdio_output@@AAE_NXZ 1000653c f i libucrt:output.obj
 0001:0000555b       ?state_case_normal_common@?$output_processor@DV?$stream_output_adapter@D@__crt_stdio_output@@V?$standard_base@DV?$stream_output_adapter@D@__crt_stdio_output@@@2@@__crt_stdio_output@@AAE_NXZ 1000655b f i libucrt:output.obj
 0001:00005597       ?state_case_normal_tchar@?$output_processor@DV?$stream_output_adapter@D@__crt_stdio_output@@V?$standard_base@DV?$stream_output_adapter@D@__crt_stdio_output@@@2@@__crt_stdio_output@@AAE_ND@Z 10006597 f i libucrt:output.obj
 0001:00005604       ?state_case_precision@?$output_processor@DV?$stream_output_adapter@D@__crt_stdio_output@@V?$standard_base@DV?$stream_output_adapter@D@__crt_stdio_output@@@2@@__crt_stdio_output@@AAE_NXZ 10006604 f i libucrt:output.obj
 0001:0000562a       ?state_case_size@?$output_processor@DV?$stream_output_adapter@D@__crt_stdio_output@@V?$standard_base@DV?$stream_output_adapter@D@__crt_stdio_output@@@2@@__crt_stdio_output@@AAE_NXZ 1000662a f i libucrt:output.obj
 0001:00005778       ?state_case_type@?$output_processor@DV?$stream_output_adapter@D@__crt_stdio_output@@V?$standard_base@DV?$stream_output_adapter@D@__crt_stdio_output@@@2@@__crt_stdio_output@@AAE_NXZ 10006778 f i libucrt:output.obj
 0001:000059ac       ?state_case_width@?$output_processor@DV?$stream_output_adapter@D@__crt_stdio_output@@V?$standard_base@DV?$stream_output_adapter@D@__crt_stdio_output@@@2@@__crt_stdio_output@@AAE_NXZ 100069ac f i libucrt:output.obj
 0001:000059d7       ?to_integer_size@__crt_stdio_output@@YAIW4length_modifier@1@@Z 100069d7 f i libucrt:output.obj
 0001:00005a2b       ?type_case_Z@?$output_processor@DV?$stream_output_adapter@D@__crt_stdio_output@@V?$standard_base@DV?$stream_output_adapter@D@__crt_stdio_output@@@2@@__crt_stdio_output@@AAE_NXZ 10006a2b f i libucrt:output.obj
 0001:00005a87       ?type_case_a@?$output_processor@DV?$stream_output_adapter@D@__crt_stdio_output@@V?$standard_base@DV?$stream_output_adapter@D@__crt_stdio_output@@@2@@__crt_stdio_output@@AAE_NXZ 10006a87 f i libucrt:output.obj
 0001:00005be0       ?type_case_c_tchar@?$output_processor@DV?$stream_output_adapter@D@__crt_stdio_output@@V?$standard_base@DV?$stream_output_adapter@D@__crt_stdio_output@@@2@@__crt_stdio_output@@AAE_ND@Z 10006be0 f i libucrt:output.obj
 0001:00005c70       ?type_case_integer@?$output_processor@DV?$stream_output_adapter@D@__crt_stdio_output@@V?$standard_base@DV?$stream_output_adapter@D@__crt_stdio_output@@@2@@__crt_stdio_output@@AAE_NI_N@Z 10006c70 f i libucrt:output.obj
 0001:00005dc3       ?type_case_n@?$output_processor@DV?$stream_output_adapter@D@__crt_stdio_output@@V?$standard_base@DV?$stream_output_adapter@D@__crt_stdio_output@@@2@@__crt_stdio_output@@AAE_NXZ 10006dc3 f i libucrt:output.obj
 0001:00005e37       ?type_case_o@?$output_processor@DV?$stream_output_adapter@D@__crt_stdio_output@@V?$standard_base@DV?$stream_output_adapter@D@__crt_stdio_output@@@2@@__crt_stdio_output@@AAE_NXZ 10006e37 f i libucrt:output.obj
 0001:00005e56       ?type_case_p@?$output_processor@DV?$stream_output_adapter@D@__crt_stdio_output@@V?$standard_base@DV?$stream_output_adapter@D@__crt_stdio_output@@@2@@__crt_stdio_output@@AAE_NXZ 10006e56 f i libucrt:output.obj
 0001:00005e6e       ?type_case_s@?$output_processor@DV?$stream_output_adapter@D@__crt_stdio_output@@V?$standard_base@DV?$stream_output_adapter@D@__crt_stdio_output@@@2@@__crt_stdio_output@@AAE_NXZ 10006e6e f i libucrt:output.obj
 0001:00005edf       ?validate@?$stream_output_adapter@D@__crt_stdio_output@@QBE_NXZ 10006edf f i libucrt:output.obj
 0001:00005f00       ?validate_stream_is_ansi_if_required@?$__acrt_stdio_char_traits@D@@SA_NQAU_iobuf@@@Z 10006f00 f i libucrt:output.obj
 0001:00005f87       ?write_character_without_count_update@?$stream_output_adapter@D@__crt_stdio_output@@QBE_ND@Z 10006f87 f i libucrt:output.obj
 0001:00005fbd       ?write_stored_string_tchar@?$output_processor@DV?$stream_output_adapter@D@__crt_stdio_output@@V?$standard_base@DV?$stream_output_adapter@D@__crt_stdio_output@@@2@@__crt_stdio_output@@AAE_ND@Z 10006fbd f i libucrt:output.obj
 0001:00006066       ?write_string@?$stream_output_adapter@D@__crt_stdio_output@@QBEXQBDHQAHAAV__crt_deferred_errno_cache@@@Z 10007066 f i libucrt:output.obj
 0001:00006092       ?write_string_impl@?$output_adapter_common@DV?$stream_output_adapter@D@__crt_stdio_output@@@__crt_stdio_output@@IBEXQBDHQAHAAV__crt_deferred_errno_cache@@@Z 10007092 f i libucrt:output.obj
 0001:00006132       ___acrt_locale_get_ctype_array_value 10007132 f i libucrt:output.obj
 0001:00006154       ___stdio_common_vfprintf   10007154 f   libucrt:output.obj
 0001:000061e0       _strncmp                   100071e0 f   libucrt:strncmp.obj
 0001:00006258       _free                      10007258 f   libucrt:free.obj
 0001:00006275       _malloc                    10007275 f   libucrt:malloc.obj
 0001:00006280       ___acrt_initialize_new_handler 10007280 f   libucrt:new_handler.obj
 0001:0000628f       __callnewh                 1000728f f   libucrt:new_handler.obj
 0001:000062bc       __query_new_handler        100072bc f   libucrt:new_handler.obj
 0001:0000630e       __initterm                 1000730e f   libucrt:initterm.obj
 0001:00006355       __initterm_e               10007355 f   libucrt:initterm.obj
 0001:00006383       __seh_filter_dll           10007383 f   libucrt:exception_filter.obj
 0001:000063a3       __seh_filter_exe           100073a3 f   libucrt:exception_filter.obj
 0001:00006763       ___acrt_initialize_thread_local_exit_callback 10007763 f   libucrt:exit.obj
 0001:00006772       __cexit                    10007772 f   libucrt:exit.obj
 0001:00006781       __exit                     10007781 f   libucrt:exit.obj
 0001:00006797       __is_c_termination_complete 10007797 f   libucrt:exit.obj
 0001:00006a4f       ___acrt_allocate_buffer_for_argv 10007a4f f   libucrt:argv_parsing.obj
 0001:00006a9e       __configure_narrow_argv    10007a9e f   libucrt:argv_parsing.obj
 0001:00006bfd       ??$uninitialize@A6AXAAPAPAD@Z@?$dual_state_global@PAPAD@__crt_state_management@@QAEXA6AXAAPAPAD@Z@Z 10007bfd f i libucrt:environment_initialization.obj
 0001:00006bfd       ??$uninitialize@A6AXAAPAPA_W@Z@?$dual_state_global@PAPA_W@__crt_state_management@@QAEXA6AXAAPAPA_W@Z@Z 10007bfd f i libucrt:environment_initialization.obj
 0001:00006c5c       ___dcrt_uninitialize_environments_nolock 10007c5c f   libucrt:environment_initialization.obj
 0001:00006c93       __initialize_narrow_environment 10007c93 f   libucrt:environment_initialization.obj
 0001:00006d3a       ??$__crt_fast_encode_pointer@P6AHXZ@@YAP6AHXZQ6AHXZ@Z 10007d3a f i libucrt:onexit.obj
 0001:00006f60       __crt_atexit               10007f60 f   libucrt:onexit.obj
 0001:00006f76       __execute_onexit_table     10007f76 f   libucrt:onexit.obj
 0001:00006fa5       __initialize_onexit_table  10007fa5 f   libucrt:onexit.obj
 0001:00006fce       __register_onexit_function 10007fce f   libucrt:onexit.obj
 0001:0000702a       ___acrt_uninitialize_command_line 1000802a f   libucrt:argv_data.obj
 0001:00007103       ___acrt_initialize         10008103 f   libucrt:initialization.obj
 0001:00007115       ___acrt_thread_attach      10008115 f   libucrt:initialization.obj
 0001:00007120       ___acrt_thread_detach      10008120 f   libucrt:initialization.obj
 0001:00007128       ___acrt_uninitialize       10008128 f   libucrt:initialization.obj
 0001:00007158       ___acrt_uninitialize_critical 10008158 f   libucrt:initialization.obj
 0001:0000716a       _terminate                 1000816a f   libucrt:terminate.obj
 0001:000071a6       _strcpy_s                  100081a6 f   libucrt:strcpy_s.obj
 0001:00007200       _abort                     10008200 f   libucrt:abort.obj
 0001:00007244       _calloc                    10008244 f   libucrt:calloc.obj
 0001:0000724f       _wcsncmp                   1000824f f   libucrt:wcsncmp.obj
 0001:00007289       ??$is_overflow_condition@K@__crt_strtox@@YA_NIK@Z 10008289 f i libucrt:atox.obj
 0001:000072ba       ??$parse_integer@KV?$c_string_character_source@D@__crt_strtox@@@__crt_strtox@@YAKQAU__crt_locale_pointers@@V?$c_string_character_source@D@0@H_N@Z 100082ba f i libucrt:atox.obj
 0001:000074e1       ?unget@?$c_string_character_source@D@__crt_strtox@@QAEXD@Z 100084e1 f i libucrt:atox.obj
 0001:0000750a       ?validate@?$c_string_character_source@D@__crt_strtox@@QBE_NXZ 1000850a f i libucrt:atox.obj
 0001:00007525       __chvalidchk_l             10008525 f i libucrt:atox.obj
 0001:0000754d       __ischartype_l             1000854d f i libucrt:atox.obj
 0001:00007580       ___acrt_call_reportfault   10008580 f   libucrt:invalid_parameter.obj
 0001:000076bb       ___acrt_initialize_invalid_parameter_handler 100086bb f   libucrt:invalid_parameter.obj
 0001:000076ca       __invalid_parameter        100086ca f   libucrt:invalid_parameter.obj
 0001:0000772e       __invalid_parameter_noinfo 1000872e f   libucrt:invalid_parameter.obj
 0001:0000773e       __invoke_watson            1000873e f   libucrt:invalid_parameter.obj
 0001:00007772       ___acrt_errno_from_os_error 10008772 f   libucrt:errno.obj
 0001:000077b5       ___acrt_errno_map_os_error 100087b5 f   libucrt:errno.obj
 0001:000077d8       ___doserrno                100087d8 f   libucrt:errno.obj
 0001:000077eb       __errno                    100087eb f   libucrt:errno.obj
 0001:000077fe       __calloc_base              100087fe f   libucrt:calloc_base.obj
 0001:0000785b       __free_base                1000885b f   libucrt:free_base.obj
 0001:00007a2f       ___acrt_AppPolicyGetProcessTerminationMethodInternal@4 10008a2f f   libucrt:winapi_thunks.obj
 0001:00007a6f       ___acrt_AreFileApisANSI@0  10008a6f f   libucrt:winapi_thunks.obj
 0001:00007a8e       ___acrt_FlsAlloc@4         10008a8e f   libucrt:winapi_thunks.obj
 0001:00007acd       ___acrt_FlsFree@4          10008acd f   libucrt:winapi_thunks.obj
 0001:00007b0c       ___acrt_FlsGetValue@4      10008b0c f   libucrt:winapi_thunks.obj
 0001:00007b4b       ___acrt_FlsSetValue@8      10008b4b f   libucrt:winapi_thunks.obj
 0001:00007b8d       ___acrt_InitializeCriticalSectionEx@12 10008b8d f   libucrt:winapi_thunks.obj
 0001:00007bd8       ___acrt_LCMapStringEx@36   10008bd8 f   libucrt:winapi_thunks.obj
 0001:00007c35       ___acrt_LocaleNameToLCID@8 10008c35 f   libucrt:winapi_thunks.obj
 0001:00007c66       ___acrt_initialize_winapi_thunks 10008c66 f   libucrt:winapi_thunks.obj
 0001:00007c91       ___acrt_uninitialize_winapi_thunks 10008c91 f   libucrt:winapi_thunks.obj
 0001:00007cc7       __fcloseall                10008cc7 f   libucrt:closeall.obj
 0001:00007f33       ___acrt_stdio_flush_nolock 10008f33 f   libucrt:fflush.obj
 0001:00007f98       __fflush_nolock            10008f98 f   libucrt:fflush.obj
 0001:00007fe0       __flushall                 10008fe0 f   libucrt:fflush.obj
 0001:00007fe9       ___acrt_stdio_free_buffer_nolock 10008fe9 f   libucrt:_freebuf.obj
 0001:00008195       ___acrt_initialize_lowio   10009195 f   libucrt:ioinit.obj
 0001:000081eb       ___acrt_uninitialize_lowio 100091eb f   libucrt:ioinit.obj
 0001:00008217       __isdigit_l                10009217 f i libucrt:_ctype.obj
 0001:0000824f       _isdigit                   1000924f f i libucrt:_ctype.obj
 0001:000083e3       __tolower_l                100093e3 f   libucrt:tolower_toupper.obj
 0001:000083fd       _tolower                   100093fd f   libucrt:tolower_toupper.obj
 0001:0000842d       __malloc_base              1000942d f   libucrt:malloc_base.obj
 0001:0000847b       ??$make_c_string_character_source@DPAPAD@__crt_strtox@@YA?AV?$c_string_character_source@D@0@QBDQAPAD@Z 1000947b f i libucrt:strtox.obj
 0001:00008496       _strtol                    10009496 f   libucrt:strtox.obj
 0001:000084c2       __mbtowc_l                 100094c2 f   libucrt:mbtowc.obj
 0001:00008606       _mbtowc                    10009606 f   libucrt:mbtowc.obj
 0001:00008620       __wctomb_s_l               10009620 f   libucrt:wctomb.obj
 0001:0000877d       _wctomb_s                  1000977d f   libucrt:wctomb.obj
 0001:0000879a       _strnlen                   1000979a f   libucrt:strnlen.obj
 0001:000088bc       _wcsnlen                   100098bc f   libucrt:strnlen.obj
 0001:00008d86       ___acrt_freeptd            10009d86 f   libucrt:per_thread_data.obj
 0001:00008db2       ___acrt_getptd             10009db2 f   libucrt:per_thread_data.obj
 0001:00008e6f       ___acrt_getptd_head        10009e6f f   libucrt:per_thread_data.obj
 0001:00008f09       ___acrt_getptd_noexit      10009f09 f   libucrt:per_thread_data.obj
 0001:00008fbe       ___acrt_initialize_ptd     10009fbe f   libucrt:per_thread_data.obj
 0001:00008fea       ___acrt_uninitialize_ptd   10009fea f   libucrt:per_thread_data.obj
 0001:00009004       ___acrt_update_locale_info 1000a004 f   libucrt:locale_update.obj
 0001:00009031       ___acrt_update_multibyte_info 1000a031 f   libucrt:locale_update.obj
 0001:0000905e       ?__acrt_fp_classify@@YA?AW4__acrt_fp_class@@ABN@Z 1000a05e f i libucrt:cvt.obj
 0001:00009915       ___acrt_fp_format          1000a915 f   libucrt:cvt.obj
 0001:00009a52       __fileno                   1000aa52 f   libucrt:fileno.obj
 0001:00009a79       __fputc_nolock             1000aa79 f   libucrt:fputc.obj
 0001:00009aa2       __get_printf_count_output  1000aaa2 f   libucrt:printf_count_output.obj
 0001:00009ab7       ___acrt_stdio_begin_temporary_buffering_nolock 1000aab7 f   libucrt:_sftbuf.obj
 0001:00009b6a       ___acrt_stdio_end_temporary_buffering_nolock 1000ab6a f   libucrt:_sftbuf.obj
 0001:00009c08       ___acrt_set_locale_changed 1000ac08 f   libucrt:wsetlocale.obj
 0001:00009c13       ___acrt_uninitialize_locale 1000ac13 f   libucrt:wsetlocale.obj
 0001:00009c3c       ___acrt_initialize_locks   1000ac3c f   libucrt:locks.obj
 0001:00009c7d       ___acrt_lock               1000ac7d f   libucrt:locks.obj
 0001:00009c94       ___acrt_uninitialize_locks 1000ac94 f   libucrt:locks.obj
 0001:00009cc5       ___acrt_unlock             1000acc5 f   libucrt:locks.obj
 0001:00009cdc       ___acrt_get_process_end_policy 1000acdc f   libucrt:win_policies.obj
 0001:00009ea8       ??$__acrt_mbs_to_wcs_cp@U__crt_win32_buffer_internal_dynamic_resizing@@@@YAHQBDAAV?$__crt_win32_buffer@_WU__crt_win32_buffer_internal_dynamic_resizing@@@@I@Z 1000aea8 f i libucrt:argv_wildcards.obj
 0001:0000a3c4       ?__acrt_get_utf8_acp_compatibility_codepage@@YAIXZ 1000b3c4 f i libucrt:argv_wildcards.obj
 0001:0000a405       ?_deallocate@?$__crt_win32_buffer@DU__crt_win32_buffer_internal_dynamic_resizing@@@@AAEXXZ 1000b405 f i libucrt:argv_wildcards.obj
 0001:0000a405       ?_deallocate@?$__crt_win32_buffer@_WU__crt_win32_buffer_internal_dynamic_resizing@@@@AAEXXZ 1000b405 f i libucrt:argv_wildcards.obj
 0001:0000a41f       ?allocate@?$__crt_win32_buffer@DU__crt_win32_buffer_internal_dynamic_resizing@@@@QAEHI@Z 1000b41f f i libucrt:argv_wildcards.obj
 0001:0000a45b       ?allocate@?$__crt_win32_buffer@_WU__crt_win32_buffer_internal_dynamic_resizing@@@@QAEHI@Z 1000b45b f i libucrt:argv_wildcards.obj
 0001:0000a49a       ?allocate@__crt_win32_buffer_internal_dynamic_resizing@@SAHQAPAXIABV__crt_win32_buffer_empty_debug_info@@@Z 1000b49a f i libucrt:argv_wildcards.obj
 0001:0000a540       ___acrt_expand_narrow_argv_wildcards 1000b540 f   libucrt:argv_wildcards.obj
 0001:0000a612       ?allocate@?$__crt_win32_buffer@DU__crt_win32_buffer_no_resizing@@@@QAEHI@Z 1000b612 f i libucrt:getmodulefilenamea.obj
 0001:0000a639       ?set_to_nullptr@?$__crt_win32_buffer@DU__crt_win32_buffer_no_resizing@@@@QAEXXZ 1000b639 f i libucrt:getmodulefilenamea.obj
 0001:0000a64d       ___acrt_GetModuleFileNameA 1000b64d f   libucrt:getmodulefilenamea.obj
 0001:0000ac00       ___acrt_initialize_multibyte 1000bc00 f   libucrt:mbctype.obj
 0001:0000ac48       ___acrt_update_thread_multibyte_data 1000bc48 f   libucrt:mbctype.obj
 0001:0000ac5b       __setmbcp_nolock           1000bc5b f   libucrt:mbctype.obj
 0001:0000af2a       __ismbblead                1000bf2a f   libucrt:ismbbyte.obj
 0001:0000af42       ___acrt_initialize_command_line 1000bf42 f   libucrt:argv_data.obj
 0001:0000af5b       ___acrt_MultiByteToWideChar 1000bf5b f   libucrt:multibytetowidechar.obj
 0001:0000afd7       ___acrt_WideCharToMultiByte 1000bfd7 f   libucrt:widechartomultibyte.obj
 0001:0000b0bb       ___dcrt_get_narrow_environment_from_os 1000c0bb f   libucrt:get_environment_from_os.obj
 0001:0000b141       __recalloc_base            1000c141 f   libucrt:recalloc.obj
 0001:0000b1ae       ___acrt_initialize_heap    1000c1ae f   libucrt:heap_handle.obj
 0001:0000b1bf       ___acrt_uninitialize_heap  1000c1bf f   libucrt:heap_handle.obj
 0001:0000b1c9       ___acrt_execute_initializers 1000c1c9 f   libucrt:shared_initialization.obj
 0001:0000b231       ___acrt_execute_uninitializers 1000c231 f   libucrt:shared_initialization.obj
 0001:0000b326       ___acrt_get_sigabrt_handler 1000c326 f   libucrt:signal.obj
 0001:0000b34f       ___acrt_initialize_signal_handlers 1000c34f f   libucrt:signal.obj
 0001:0000b36d       ___fpecode                 1000c36d f   libucrt:signal.obj
 0001:0000b376       _raise                     1000c376 f   libucrt:signal.obj
 0001:0000b55d       ___acrt_has_user_matherr   1000c55d f   libucrt:matherr.obj
 0001:0000b575       ___acrt_initialize_user_matherr 1000c575 f   libucrt:matherr.obj
 0001:0000b584       ___acrt_invoke_user_matherr 1000c584 f   libucrt:matherr.obj
 0001:0000b5b6       ___pctype_func             1000c5b6 f   libucrt:ctype.obj
 0001:0000b5dc       __isctype_l                1000c5dc f   libucrt:isctype.obj
 0001:0000b6b1       __query_new_mode           1000c6b1 f   libucrt:new_mode.obj
 0001:0000b76c       ___acrt_DownlevelLocaleNameToLCID 1000c76c f   libucrt:lcidtoname_downlevel.obj
 0001:0000b798       __fclose_nolock            1000c798 f   libucrt:fclose.obj
 0001:0000b80f       _fclose                    1000c80f f   libucrt:fclose.obj
 0001:0000b921       __commit                   1000c921 f   libucrt:commit.obj
 0001:0000c125       __write                    1000d125 f   libucrt:write.obj
 0001:0000c20d       __write_nolock             1000d20d f   libucrt:write.obj
 0001:0000c3f1       ___acrt_lowio_create_handle_array 1000d3f1 f   libucrt:osfinfo.obj
 0001:0000c46e       ___acrt_lowio_destroy_handle_array 1000d46e f   libucrt:osfinfo.obj
 0001:0000c4a3       ___acrt_lowio_ensure_fh_exists 1000d4a3 f   libucrt:osfinfo.obj
 0001:0000c537       ___acrt_lowio_lock_fh      1000d537 f   libucrt:osfinfo.obj
 0001:0000c55a       ___acrt_lowio_unlock_fh    1000d55a f   libucrt:osfinfo.obj
 0001:0000c57d       __free_osfhnd              1000d57d f   libucrt:osfinfo.obj
 0001:0000c60e       __get_osfhandle            1000d60e f   libucrt:osfinfo.obj
 0001:0000c678       __isleadbyte_l             1000d678 f i libucrt:_wctype.obj
 0001:0000c8a0       ___acrt_LCMapStringA       1000d8a0 f   libucrt:lcmapstringa.obj
 0001:0000c8eb       __freea_crt                1000d8eb f i libucrt:lcmapstringa.obj
 0001:0000c937       ?__mbrtowc_utf8@__crt_mbstring@@YAIPA_WPBDIPAU_Mbstatet@@@Z 1000d937 f   libucrt:mbrtowc.obj
 0001:0000c979       ?__mbsrtowcs_utf8@__crt_mbstring@@YAIPA_WPAPBDIPAU_Mbstatet@@@Z 1000d979 f   libucrt:mbrtowc.obj
 0001:0000ca76       ?__c32rtomb_utf8@__crt_mbstring@@YAIPAD_UPAU_Mbstatet@@@Z 1000da76 f   libucrt:c32rtomb.obj
 0001:0000cb25       ?return_illegal_sequence@__crt_mbstring@@YAIPAU_Mbstatet@@@Z 1000db25 f i libucrt:c32rtomb.obj
 0001:0000cb44       ___acrt_add_locale_ref     1000db44 f   libucrt:locale_refcounting.obj
 0001:0000cbc1       ___acrt_free_locale        1000dbc1 f   libucrt:locale_refcounting.obj
 0001:0000cd0b       ___acrt_locale_add_lc_time_reference 1000dd0b f   libucrt:locale_refcounting.obj
 0001:0000cd34       ___acrt_locale_free_lc_time_if_unreferenced 1000dd34 f   libucrt:locale_refcounting.obj
 0001:0000cd65       ___acrt_locale_release_lc_time_reference 1000dd65 f   libucrt:locale_refcounting.obj
 0001:0000cd8e       ___acrt_release_locale_ref 1000dd8e f   libucrt:locale_refcounting.obj
 0001:0000ce0f       ___acrt_update_thread_locale_data 1000de0f f   libucrt:locale_refcounting.obj
 0001:0000ce86       __updatetlocinfoEx_nolock  1000de86 f   libucrt:locale_refcounting.obj
 0001:0000ced6       ___acrt_fp_strflt_to_string 1000ded6 f   libucrt:_fptostr.obj
 0001:0000cfa0       ?divide@__crt_strtox@@YA_KAAUbig_integer@1@ABU21@@Z 1000dfa0 f i libucrt:cfout.obj
 0001:0000d438       ___acrt_fltout             1000e438 f   libucrt:cfout.obj
 0001:0000e9fc       ___acrt_stdio_flush_and_write_narrow_nolock 1000f9fc f   libucrt:_flsbuf.obj
 0001:0000ea07       __isatty                   1000fa07 f   libucrt:isatty.obj
 0001:0000ea5d       ___acrt_locale_free_monetary 1000fa5d f   libucrt:initmon.obj
 0001:0000eb5b       ___acrt_locale_free_numeric 1000fb5b f   libucrt:initnum.obj
 0001:0000ebfc       ___acrt_locale_free_time   1000fbfc f   libucrt:inittime.obj
 0001:0000ece0       ___acrt_GetStringTypeA     1000fce0 f   libucrt:getstringtypea.obj
 0001:0000ee30       _qsort                     1000fe30 f   libucrt:qsort.obj
 0001:0000f327       _strncpy_s                 10010327 f   libucrt:strncpy_s.obj
 0001:0000f340       _strpbrk                   10010340 f   libucrt:strpbrk.obj
 0001:0000f380       __mbsdec                   10010380 f   libucrt:mbsdec.obj
 0001:0000f397       __mbsdec_l                 10010397 f   libucrt:mbsdec.obj
 0001:0000f435       __msize_base               10010435 f   libucrt:msize.obj
 0001:0000f468       __realloc_base             10010468 f   libucrt:realloc_base.obj
 0001:0000f553       __close                    10010553 f   libucrt:close.obj
 0001:0000f5e2       __close_nolock             100105e2 f   libucrt:close.obj
 0001:0000f67e       ?__acrt_stdio_free_stream@@YAXV__crt_stdio_stream@@@Z 1001067e f   libucrt:stream.obj
 0001:0000f839       __lseeki64                 10010839 f   libucrt:lseek.obj
 0001:0000f854       __lseeki64_nolock          10010854 f   libucrt:lseek.obj
 0001:0000f86f       __putwch_nolock            1001086f f   libucrt:putwch.obj
 0001:0000f8a3       __query_app_type           100108a3 f   libucrt:report_runtime_error.obj
 0001:0000f8a9       ___strncnt                 100108a9 f   libucrt:strncnt.obj
 0001:0000f8c5       ?__mbrtoc32_utf8@__crt_mbstring@@YAIPA_UPBDIPAU_Mbstatet@@@Z 100108c5 f   libucrt:mbrtoc32.obj
 0001:0000fa79       _fegetenv                  10010a79 f   libucrt:fegetenv.obj
 0001:0000fa96       _fesetenv                  10010a96 f   libucrt:fesetenv.obj
 0001:0000fae3       _feholdexcept              10010ae3 f   libucrt:feholdexcept.obj
 0001:0000fb40       __CIlog10                  10010b40 f   libucrt:log10_impl.obj
 0001:0000fb7b       __CIlog10_default          10010b7b f   libucrt:log10_impl.obj
 0001:0000fb8f       __log10_default            10010b8f     libucrt:log10_impl.obj
 0001:0000fc50       _ceil                      10010c50 f   libucrt:ceil_pentium4.obj
 0001:0000fc90       __ceil_pentium4            10010c90 f   libucrt:ceil_pentium4.obj
 0001:0000fd6d       ___acrt_stdio_allocate_buffer_nolock 10010d6d f   libucrt:_getbuf.obj
 0001:0000fde5       ___dcrt_lowio_ensure_console_output_initialized 10010de5 f   libucrt:initcon.obj
 0001:0000fe04       ___dcrt_terminate_console_output 10010e04 f   libucrt:initcon.obj
 0001:0000fe1b       ___dcrt_write_console      10010e1b f   libucrt:initcon.obj
 0001:00010181       ___acrt_fenv_get_control   10011181 f   libucrt:_fenvutils.obj
 0001:00010203       ___acrt_fenv_get_status    10011203 f   libucrt:_fenvutils.obj
 0001:000102bd       ___acrt_fenv_set_control   100112bd f   libucrt:_fenvutils.obj
 0001:00010327       ___acrt_fenv_set_status    10011327 f   libucrt:_fenvutils.obj
 0001:00010420       __clearfp                  10011420 f   libucrt:ieee87.obj
 0001:00010500       ___acrt_initialize_sse2    10011500 f   libucrt:mathfcns.obj
 0001:00010510       __CIlog10_pentium4         10011510 f   libucrt:log10_pentium4.obj
 0001:00010528       __log10_pentium4           10011528     libucrt:log10_pentium4.obj
 0001:000107c0       __fFEXP                    100117c0 f   libucrt:87tran.obj
 0001:00010817       __rtinfpopse               10011817     libucrt:87tran.obj
 0001:00010819       __rtinfnpopse              10011819     libucrt:87tran.obj
 0001:00010829       __fFLN                     10011829     libucrt:87tran.obj
 0001:000108de       __rtinfpop                 100118de     libucrt:87tran.obj
 0001:000108e0       __rtinfnpop                100118e0     libucrt:87tran.obj
 0001:000108f0       __rtforexpinf              100118f0 f   libucrt:87tran.obj
 0001:000108fd       __ffexpm1                  100118fd     libucrt:87tran.obj
 0001:000109b0       __trandisp1                100119b0 f   libucrt:87disp.obj
 0001:00010a25       __trandisp2                10011a25 f   libucrt:87disp.obj
 0001:00010abf       __rttospopde               10011abf     libucrt:87disp.obj
 0001:00010ac4       __rttospop                 10011ac4     libucrt:87disp.obj
 0001:00010ad0       __rtnospop                 10011ad0 f   libucrt:87disp.obj
 0001:00010ae0       __rttosnpop                10011ae0 f   libucrt:87disp.obj
 0001:00010ae1       __rtnospopde               10011ae1     libucrt:87disp.obj
 0001:00010ae8       __rtzeropop                10011ae8     libucrt:87disp.obj
 0001:00010aea       __rtzeronpop               10011aea     libucrt:87disp.obj
 0001:00010af0       __rtzerospop               10011af0 f   libucrt:87disp.obj
 0001:00010afd       __rtonepop                 10011afd     libucrt:87disp.obj
 0001:00010b00       __rtonenpop                10011b00 f   libucrt:87disp.obj
 0001:00010b10       __tosnan1                  10011b10 f   libucrt:87disp.obj
 0001:00010b40       __nosnan2                  10011b40 f   libucrt:87disp.obj
 0001:00010b50       __tosnan2                  10011b50 f   libucrt:87disp.obj
 0001:00010b80       __nan2                     10011b80 f   libucrt:87disp.obj
 0001:00010bc0       __rtindfpop                10011bc0 f   libucrt:87disp.obj
 0001:00010bc2       __rtindfnpop               10011bc2     libucrt:87disp.obj
 0001:00010bd3       __rttosnpopde              10011bd3     libucrt:87disp.obj
 0001:00010be0       __rtatan2inf               10011be0 f   libucrt:87disp.obj
 0001:00010bfd       __rtchsifneg               10011bfd     libucrt:87disp.obj
 0001:00010c10       __twoToTOS                 10011c10 f   libucrt:common.obj
 0001:00010c25       __load_CW                  10011c25 f   libucrt:common.obj
 0001:00010c3c       __convertTOStoQNaN         10011c3c f   libucrt:common.obj
 0001:00010c55       __fload_withFB             10011c55 f   libucrt:common.obj
 0001:00010c98       __checkTOS_withFB          10011c98 f   libucrt:common.obj
 0001:00010cae       __fast_exit                10011cae f   libucrt:common.obj
 0001:00010cbb       __math_exit                10011cbb f   libucrt:common.obj
 0001:00010ce5       __check_overflow_exit      10011ce5 f   libucrt:common.obj
 0001:00010cf9       __check_range_exit         10011cf9 f   libucrt:common.obj
 0001:00010da0       __startTwoArgErrorHandling 10011da0 f   libucrt:genexcep.obj
 0001:00010db7       __startOneArgErrorHandling 10011db7 f   libucrt:genexcep.obj
 0001:00010df3       ___libm_error_support      10011df3 f   libucrt:libm_error.obj
 0001:00010fe9       __ceil_default             10011fe9 f   libucrt:ceil.obj
 0001:000110a0       ___ascii_strnicmp          100120a0 f   libucrt:_strnicm.obj
 0001:00011101       __clrfp                    10012101 f   libucrt:fpctrl.obj
 0001:00011114       __ctrlfp                   10012114 f   libucrt:fpctrl.obj
 0001:00011140       __set_statfp               10012140 f   libucrt:fpctrl.obj
 0001:0001119b       __statfp                   1001219b f   libucrt:fpctrl.obj
 0001:000111ad       __d_inttype                100121ad f   libucrt:powhlp.obj
 0001:00011217       __powhlp                   10012217 f   libucrt:powhlp.obj
 0001:00011342       __87except                 10012342 f   libucrt:87except.obj
 0001:0001144c       __frnd                     1001244c f   libucrt:frnd.obj
 0001:00011462       __errcode                  10012462 f   libucrt:fpexcept.obj
 0001:00011496       __except1                  10012496 f   libucrt:fpexcept.obj
 0001:00011564       __handle_exc               10012564 f   libucrt:fpexcept.obj
 0001:00011751       __raise_exc                10012751 f   libucrt:fpexcept.obj
 0001:00011774       __raise_exc_ex             10012774 f   libucrt:fpexcept.obj
 0001:00011a6a       __set_errno_from_matherr   10012a6a f   libucrt:fpexcept.obj
 0001:00011a99       __umatherr                 10012a99 f   libucrt:fpexcept.obj
 0001:00011b3b       __decomp                   10012b3b f   libucrt:util.obj
 0001:00011c19       __set_exp                  10012c19 f   libucrt:util.obj
 0001:00011c48       __sptype                   10012c48 f   libucrt:util.obj
 0001:00011ca6       __fpclass                  10012ca6 f   libucrt:ieeemisc.obj
 0001:00011d4a       _IsProcessorFeaturePresent@4 10012d4a f   kernel32:KERNEL32.dll
 0001:00011d50       __FindPESection            10012d50 f   LIBCMT:pesect.obj
 0001:00011da0       __IsNonwritableInCurrentImage 10012da0 f   LIBCMT:pesect.obj
 0001:00011e60       __ValidateImageBase        10012e60 f   LIBCMT:pesect.obj
 0001:00011e93       __EH_prolog3_catch         10012e93 f   LIBCMT:ehprolg3.obj
 0001:00011ed0       __aulldvrm                 10012ed0 f   LIBCMT:ulldvrm.obj
 0001:00011f70       __allmul                   10012f70 f   LIBCMT:llmul.obj
 0001:00011fb0       __alldvrm                  10012fb0 f   LIBCMT:lldvrm.obj
 0001:00012090       __aullshr                  10013090 f   LIBCMT:ullshr.obj
 0001:000120b0       __allshl                   100130b0 f   LIBCMT:llshl.obj
 0001:000120d0       __ftol2_sse                100130d0 f   LIBCMT:ftol2.obj
 0001:000120d9       __ftol2_pentium4           100130d9 f   LIBCMT:ftol2.obj
 0001:000120ec       __ftol2_sse_excpt          100130ec f   LIBCMT:ftol2.obj
 0001:00012110       __ftol2                    10013110 f   LIBCMT:ftol2.obj
 0001:00012190       _strchr                    10013190 f   libvcruntime:strchr.obj
 0001:000121fe       ___from_strstr_to_strchr   100131fe     libvcruntime:strchr.obj
 0002:00000000       __imp__CloseServiceHandle@4 10014000     advapi32:ADVAPI32.dll
 0002:00000004       __imp__OpenSCManagerA@12   10014004     advapi32:ADVAPI32.dll
 0002:00000008       __imp__DeleteService@4     10014008     advapi32:ADVAPI32.dll
 0002:0000000c       __imp__ControlService@12   1001400c     advapi32:ADVAPI32.dll
 0002:00000010       __imp__StartServiceA@12    10014010     advapi32:ADVAPI32.dll
 0002:00000014       __imp__OpenServiceA@12     10014014     advapi32:ADVAPI32.dll
 0002:00000018       __imp__CreateServiceA@52   10014018     advapi32:ADVAPI32.dll
 0002:0000001c       \177ADVAPI32_NULL_THUNK_DATA 1001401c     advapi32:ADVAPI32.dll
 0002:00000020       __imp__CloseHandle@4       10014020     kernel32:KERNEL32.dll
 0002:00000024       __imp__CreateFileA@28      10014024     kernel32:KERNEL32.dll
 0002:00000028       __imp__GetModuleHandleA@4  10014028     kernel32:KERNEL32.dll
 0002:0000002c       __imp__DeviceIoControl@32  1001402c     kernel32:KERNEL32.dll
 0002:00000030       __imp__GetCurrentProcess@0 10014030     kernel32:KERNEL32.dll
 0002:00000034       __imp__GetModuleFileNameA@12 10014034     kernel32:KERNEL32.dll
 0002:00000038       __imp__DecodePointer@4     10014038     kernel32:KERNEL32.dll
 0002:0000003c       __imp__GetProcAddress@8    1001403c     kernel32:KERNEL32.dll
 0002:00000040       __imp__GetLastError@0      10014040     kernel32:KERNEL32.dll
 0002:00000044       __imp__WriteConsoleW@20    10014044     kernel32:KERNEL32.dll
 0002:00000048       __imp__CreateFileW@28      10014048     kernel32:KERNEL32.dll
 0002:0000004c       __imp__HeapReAlloc@16      1001404c     kernel32:KERNEL32.dll
 0002:00000050       __imp__HeapSize@12         10014050     kernel32:KERNEL32.dll
 0002:00000054       __imp__GetStringTypeW@16   10014054     kernel32:KERNEL32.dll
 0002:00000058       __imp__SetFilePointerEx@20 10014058     kernel32:KERNEL32.dll
 0002:0000005c       __imp__GetFileSizeEx@8     1001405c     kernel32:KERNEL32.dll
 0002:00000060       __imp__SetStdHandle@8      10014060     kernel32:KERNEL32.dll
 0002:00000064       __imp__MultiByteToWideChar@24 10014064     kernel32:KERNEL32.dll
 0002:00000068       __imp__WideCharToMultiByte@32 10014068     kernel32:KERNEL32.dll
 0002:0000006c       __imp__LocalFree@4         1001406c     kernel32:KERNEL32.dll
 0002:00000070       __imp__UnhandledExceptionFilter@4 10014070     kernel32:KERNEL32.dll
 0002:00000074       __imp__SetUnhandledExceptionFilter@4 10014074     kernel32:KERNEL32.dll
 0002:00000078       __imp__TerminateProcess@8  10014078     kernel32:KERNEL32.dll
 0002:0000007c       __imp__IsProcessorFeaturePresent@4 1001407c     kernel32:KERNEL32.dll
 0002:00000080       __imp__QueryPerformanceCounter@4 10014080     kernel32:KERNEL32.dll
 0002:00000084       __imp__GetCurrentProcessId@0 10014084     kernel32:KERNEL32.dll
 0002:00000088       __imp__GetCurrentThreadId@0 10014088     kernel32:KERNEL32.dll
 0002:0000008c       __imp__GetSystemTimeAsFileTime@4 1001408c     kernel32:KERNEL32.dll
 0002:00000090       __imp__InitializeSListHead@4 10014090     kernel32:KERNEL32.dll
 0002:00000094       __imp__IsDebuggerPresent@0 10014094     kernel32:KERNEL32.dll
 0002:00000098       __imp__GetStartupInfoW@4   10014098     kernel32:KERNEL32.dll
 0002:0000009c       __imp__GetModuleHandleW@4  1001409c     kernel32:KERNEL32.dll
 0002:000000a0       __imp__RtlUnwind@16        100140a0     kernel32:KERNEL32.dll
 0002:000000a4       __imp__RaiseException@16   100140a4     kernel32:KERNEL32.dll
 0002:000000a8       __imp__InterlockedFlushSList@4 100140a8     kernel32:KERNEL32.dll
 0002:000000ac       __imp__SetLastError@4      100140ac     kernel32:KERNEL32.dll
 0002:000000b0       __imp__EncodePointer@4     100140b0     kernel32:KERNEL32.dll
 0002:000000b4       __imp__EnterCriticalSection@4 100140b4     kernel32:KERNEL32.dll
 0002:000000b8       __imp__LeaveCriticalSection@4 100140b8     kernel32:KERNEL32.dll
 0002:000000bc       __imp__DeleteCriticalSection@4 100140bc     kernel32:KERNEL32.dll
 0002:000000c0       __imp__InitializeCriticalSectionAndSpinCount@8 100140c0     kernel32:KERNEL32.dll
 0002:000000c4       __imp__TlsAlloc@0          100140c4     kernel32:KERNEL32.dll
 0002:000000c8       __imp__TlsGetValue@4       100140c8     kernel32:KERNEL32.dll
 0002:000000cc       __imp__TlsSetValue@8       100140cc     kernel32:KERNEL32.dll
 0002:000000d0       __imp__TlsFree@4           100140d0     kernel32:KERNEL32.dll
 0002:000000d4       __imp__FreeLibrary@4       100140d4     kernel32:KERNEL32.dll
 0002:000000d8       __imp__LoadLibraryExW@12   100140d8     kernel32:KERNEL32.dll
 0002:000000dc       __imp__ExitProcess@4       100140dc     kernel32:KERNEL32.dll
 0002:000000e0       __imp__GetModuleHandleExW@12 100140e0     kernel32:KERNEL32.dll
 0002:000000e4       __imp__GetModuleFileNameW@12 100140e4     kernel32:KERNEL32.dll
 0002:000000e8       __imp__HeapAlloc@12        100140e8     kernel32:KERNEL32.dll
 0002:000000ec       __imp__HeapFree@12         100140ec     kernel32:KERNEL32.dll
 0002:000000f0       __imp__LCMapStringW@24     100140f0     kernel32:KERNEL32.dll
 0002:000000f4       __imp__GetStdHandle@4      100140f4     kernel32:KERNEL32.dll
 0002:000000f8       __imp__GetFileType@4       100140f8     kernel32:KERNEL32.dll
 0002:000000fc       __imp__FindClose@4         100140fc     kernel32:KERNEL32.dll
 0002:00000100       __imp__FindFirstFileExW@24 10014100     kernel32:KERNEL32.dll
 0002:00000104       __imp__FindNextFileW@8     10014104     kernel32:KERNEL32.dll
 0002:00000108       __imp__IsValidCodePage@4   10014108     kernel32:KERNEL32.dll
 0002:0000010c       __imp__GetACP@0            1001410c     kernel32:KERNEL32.dll
 0002:00000110       __imp__GetOEMCP@0          10014110     kernel32:KERNEL32.dll
 0002:00000114       __imp__GetCPInfo@8         10014114     kernel32:KERNEL32.dll
 0002:00000118       __imp__GetCommandLineA@0   10014118     kernel32:KERNEL32.dll
 0002:0000011c       __imp__GetCommandLineW@0   1001411c     kernel32:KERNEL32.dll
 0002:00000120       __imp__GetEnvironmentStringsW@0 10014120     kernel32:KERNEL32.dll
 0002:00000124       __imp__FreeEnvironmentStringsW@4 10014124     kernel32:KERNEL32.dll
 0002:00000128       __imp__GetProcessHeap@0    10014128     kernel32:KERNEL32.dll
 0002:0000012c       __imp__FlushFileBuffers@4  1001412c     kernel32:KERNEL32.dll
 0002:00000130       __imp__WriteFile@20        10014130     kernel32:KERNEL32.dll
 0002:00000134       __imp__GetConsoleCP@0      10014134     kernel32:KERNEL32.dll
 0002:00000138       __imp__GetConsoleMode@8    10014138     kernel32:KERNEL32.dll
 0002:0000013c       \177KERNEL32_NULL_THUNK_DATA 1001413c     kernel32:KERNEL32.dll
 0002:00000140       __imp__VariantInit@4       10014140     oleaut32:OLEAUT32.dll
 0002:00000144       __imp__SysFreeString@4     10014144     oleaut32:OLEAUT32.dll
 0002:00000148       __imp__SysAllocString@4    10014148     oleaut32:OLEAUT32.dll
 0002:0000014c       __imp__VariantClear@4      1001414c     oleaut32:OLEAUT32.dll
 0002:00000150       \177OLEAUT32_NULL_THUNK_DATA 10014150     oleaut32:OLEAUT32.dll
 0002:00000154       __imp__CoCreateInstance@20 10014154     ole32:ole32.dll
 0002:00000158       __imp__CoInitializeSecurity@36 10014158     ole32:ole32.dll
 0002:0000015c       __imp__CoInitializeEx@8    1001415c     ole32:ole32.dll
 0002:00000160       __imp__CoSetProxyBlanket@32 10014160     ole32:ole32.dll
 0002:00000164       __imp__CoUninitialize@0    10014164     ole32:ole32.dll
 0002:00000168       \177ole32_NULL_THUNK_DATA  10014168     ole32:ole32.dll
 0002:0000016c       ___guard_check_icall_fptr  1001416c     LIBCMT:guard_support.obj
 0002:00000170       ___xc_a                    10014170     LIBCMT:initializers.obj
 0002:00000178       ___xc_z                    10014178     LIBCMT:initializers.obj
 0002:0000017c       ___xi_a                    1001417c     LIBCMT:initializers.obj
 0002:00000180       ___acrt_stdio_initializer  10014180     libucrt:stdio_initializer.obj
 0002:00000184       ___acrt_multibyte_initializer 10014184     libucrt:multibyte_initializer.obj
 0002:00000188       ___acrt_tran_sse2_initializer 10014188     libucrt:sse2_initializer.obj
 0002:0000018c       ___xi_z                    1001418c     LIBCMT:initializers.obj
 0002:00000190       ___xp_a                    10014190     LIBCMT:initializers.obj
 0002:00000194       ___acrt_locale_terminator  10014194     libucrt:locale_initializer.obj
 0002:00000198       ___dcrt_console_output_terminator 10014198     libucrt:console_output_initializer.obj
 0002:0000019c       ___acrt_stdio_terminator   1001419c     libucrt:stdio_initializer.obj
 0002:000001a0       ___xp_z                    100141a0     LIBCMT:initializers.obj
 0002:000001a4       ___xt_a                    100141a4     LIBCMT:initializers.obj
 0002:000001a8       ___xt_z                    100141a8     LIBCMT:initializers.obj
 0002:000001b0       ??_7_com_error@@6B@        100141b0     comsuppw:comraise.obj
 0002:000001bc       __pDefaultRawDllMain       100141bc     LIBCMT:dll_dllmain.obj
 0002:000001bc       __pRawDllMain              100141bc     LIBCMT:dll_dllmain.obj
 0002:000001c4       ??_7type_info@@6B@         100141c4     LIBCMT:std_type_info_static.obj
 0002:000001cc       ??_7exception@std@@6B@     100141cc     LIBCMT:throw_bad_alloc.obj
 0002:000001d4       ??_C@_0BC@EOODALEL@Unknown?5exception@ 100141d4     LIBCMT:throw_bad_alloc.obj
 0002:000001ec       ??_7bad_alloc@std@@6B@     100141ec     LIBCMT:throw_bad_alloc.obj
 0002:000001f4       ??_C@_0P@GHFPNOJB@bad?5allocation@ 100141f4     LIBCMT:throw_bad_alloc.obj
 0002:00000208       ??_7bad_array_new_length@std@@6B@ 10014208     LIBCMT:throw_bad_alloc.obj
 0002:00000210       ??_C@_0BF@KINCDENJ@bad?5array?5new?5length@ 10014210     LIBCMT:throw_bad_alloc.obj
 0002:00000228       _CLSID_WbemLocator         10014228     wbemuuid:wbemcli_i.obj
 0002:00000238       _IID_IWbemLocator          10014238     wbemuuid:wbemcli_i.obj
 0002:0000026c       ??_7bad_exception@std@@6B@ 1001426c     libvcruntime:frame.obj
 0002:00000274       ??_C@_0O@DPKOEFFH@bad?5exception@ 10014274     libvcruntime:frame.obj
 0002:00000290       ??_C@_1DM@KHCHBNEB@?$AAa?$AAp?$AAi?$AA?9?$AAm?$AAs?$AA?9?$AAw?$AAi?$AAn?$AA?9?$AAc?$AAo?$AAr?$AAe@ 10014290     libvcruntime:winapi_downlevel.obj
 0002:000002cc       ??_C@_1DK@LPPGFMPP@?$AAa?$AAp?$AAi?$AA?9?$AAm?$AAs?$AA?9?$AAw?$AAi?$AAn?$AA?9?$AAc?$AAo?$AAr?$AAe@ 100142cc     libvcruntime:winapi_downlevel.obj
 0002:00000308       ??_C@_1BC@GDMECMAK@?$AAk?$AAe?$AAr?$AAn?$AAe?$AAl?$AA3?$AA2@ 10014308     libvcruntime:winapi_downlevel.obj
 0002:0000031c       ??_C@_1BA@PFFKHIOG@?$AAa?$AAp?$AAi?$AA?9?$AAm?$AAs?$AA?9@ 1001431c     libvcruntime:winapi_downlevel.obj
 0002:0000032c       ??_C@_1BA@IAIFMGEF@?$AAe?$AAx?$AAt?$AA?9?$AAm?$AAs?$AA?9@ 1001432c     libvcruntime:winapi_downlevel.obj
 0002:00000344       ??_C@_08KNHFBNJ@FlsAlloc@  10014344     libvcruntime:winapi_downlevel.obj
 0002:00000358       ??_C@_07PEJMOBNF@FlsFree@  10014358     libvcruntime:winapi_downlevel.obj
 0002:00000368       ??_C@_0M@GDNOONDI@FlsGetValue@ 10014368     libvcruntime:winapi_downlevel.obj
 0002:0000037c       ??_C@_0M@JCPCPOEF@FlsSetValue@ 1001437c     libvcruntime:winapi_downlevel.obj
 0002:00000390       ??_C@_0BM@HCFOFFN@InitializeCriticalSectionEx@ 10014390     libvcruntime:winapi_downlevel.obj
 0002:0000054c       ??_C@_08EHJDFFNH@__based?$CI@ 1001454c     libvcruntime:undname.obj
 0002:00000558       ??_C@_07KOLFKCDI@__cdecl@  10014558     libvcruntime:undname.obj
 0002:00000560       ??_C@_08GHMPAG@__pascal@   10014560     libvcruntime:undname.obj
 0002:0000056c       ??_C@_09IFJBGAPI@__stdcall@ 1001456c     libvcruntime:undname.obj
 0002:00000578       ??_C@_0L@NPHFGOKO@__thiscall@ 10014578     libvcruntime:undname.obj
 0002:00000584       ??_C@_0L@JMKHOMEK@__fastcall@ 10014584     libvcruntime:undname.obj
 0002:00000590       ??_C@_0N@BCKKPABJ@__vectorcall@ 10014590     libvcruntime:undname.obj
 0002:000005a0       ??_C@_09HIJEGCPM@__clrcall@ 100145a0     libvcruntime:undname.obj
 0002:000005ac       ??_C@_06GHPCKEAG@__eabi@   100145ac     libvcruntime:undname.obj
 0002:000005b4       ??_C@_09IOPIDJLG@__swift_1@ 100145b4     libvcruntime:undname.obj
 0002:000005c0       ??_C@_09KFNFGKHF@__swift_2@ 100145c0     libvcruntime:undname.obj
 0002:000005cc       ??_C@_07JOMMBBKO@__ptr64@  100145cc     libvcruntime:undname.obj
 0002:000005d4       ??_C@_0L@PILCLIHE@__restrict@ 100145d4     libvcruntime:undname.obj
 0002:000005e0       ??_C@_0M@GFIIJFMG@__unaligned@ 100145e0     libvcruntime:undname.obj
 0002:000005ec       ??_C@_09DHDLOLLB@restrict?$CI@ 100145ec     libvcruntime:undname.obj
 0002:000005f6       ??_C@_00CNPNBAHC@@         100145f6     libvcruntime:undname.obj
 0002:000005f8       ??_C@_04NIHEBCM@?5new@     100145f8     libvcruntime:undname.obj
 0002:00000600       ??_C@_07FPCDHGMM@?5delete@ 10014600     libvcruntime:undname.obj
 0002:00000608       ??_C@_01NEMOKFLO@?$DN@     10014608     libvcruntime:undname.obj
 0002:0000060c       ??_C@_02GPIOPFAK@?$DO?$DO@ 1001460c     libvcruntime:undname.obj
 0002:00000610       ??_C@_02FODMEDOG@?$DM?$DM@ 10014610     libvcruntime:undname.obj
 0002:00000614       ??_C@_01DCLJPIOD@?$CB@     10014614     libvcruntime:undname.obj
 0002:00000618       ??_C@_02EGOFBIJA@?$DN?$DN@ 10014618     libvcruntime:undname.obj
 0002:0000061c       ??_C@_02FDNJECIE@?$CB?$DN@ 1001461c     libvcruntime:undname.obj
 0002:00000620       ??_C@_02GPECMEKF@?$FL?$FN@ 10014620     libvcruntime:undname.obj
 0002:00000624       ??_C@_08LHJFAFGD@operator@ 10014624     libvcruntime:undname.obj
 0002:00000630       ??_C@_02HBOOOICD@?9?$DO@   10014630     libvcruntime:undname.obj
 0002:00000634       ??_C@_01NBENCBCI@?$CK@     10014634     libvcruntime:undname.obj
 0002:00000638       ??_C@_02ECNGHCIF@?$CL?$CL@ 10014638     libvcruntime:undname.obj
 0002:0000063c       ??_C@_02BAABKJLB@?9?9@     1001463c     libvcruntime:undname.obj
 0002:00000640       ??_C@_01JOAMLHOP@?9@       10014640     libvcruntime:undname.obj
 0002:00000644       ??_C@_01MIFGBAGJ@?$CL@     10014644     libvcruntime:undname.obj
 0002:00000648       ??_C@_01HNPIGOCE@?$CG@     10014648     libvcruntime:undname.obj
 0002:0000064c       ??_C@_03MNHNFDLC@?9?$DO?$CK@ 1001464c     libvcruntime:undname.obj
 0002:00000650       ??_C@_01KMDKNFGN@?1@       10014650     libvcruntime:undname.obj
 0002:00000654       ??_C@_01FGNFDNOH@?$CF@     10014654     libvcruntime:undname.obj
 0002:00000658       ??_C@_01MNNFJEPP@?$DM@     10014658     libvcruntime:undname.obj
 0002:0000065c       ??_C@_02EHCHHCKH@?$DM?$DN@ 1001465c     libvcruntime:undname.obj
 0002:00000660       ??_C@_01PPODPGHN@?$DO@     10014660     libvcruntime:undname.obj
 0002:00000664       ??_C@_02EEKDKGMJ@?$DO?$DN@ 10014664     libvcruntime:undname.obj
 0002:00000668       ??_C@_01IHBHIGKO@?0@       10014668     libvcruntime:undname.obj
 0002:0000066c       ??_C@_02HCKGKOFO@?$CI?$CJ@ 1001466c     libvcruntime:undname.obj
 0002:00000670       ??_C@_01PJKLJHI@?$HO@      10014670     libvcruntime:undname.obj
 0002:00000674       ??_C@_01JKBOJNNK@?$FO@     10014674     libvcruntime:undname.obj
 0002:00000678       ??_C@_01DNKMNLPK@?$HM@     10014678     libvcruntime:undname.obj
 0002:0000067c       ??_C@_02PPKAJPJL@?$CG?$CG@ 1001467c     libvcruntime:undname.obj
 0002:00000680       ??_C@_02NONPIBCD@?$HM?$HM@ 10014680     libvcruntime:undname.obj
 0002:00000684       ??_C@_02FPIMKNGF@?$CK?$DN@ 10014684     libvcruntime:undname.obj
 0002:00000688       ??_C@_02FOEOMHFC@?$CL?$DN@ 10014688     libvcruntime:undname.obj
 0002:0000068c       ??_C@_02FKMDLLOA@?9?$DN@   1001468c     libvcruntime:undname.obj
 0002:00000690       ??_C@_02FJEHGPIO@?1?$DN@   10014690     libvcruntime:undname.obj
 0002:00000694       ??_C@_02FENAOKFI@?$CF?$DN@ 10014694     libvcruntime:undname.obj
 0002:00000698       ??_C@_03IKFCCPFF@?$DO?$DO?$DN@ 10014698     libvcruntime:undname.obj
 0002:0000069c       ??_C@_03CDNPDDLA@?$DM?$DM?$DN@ 1001469c     libvcruntime:undname.obj
 0002:000006a0       ??_C@_02FGJGFEAB@?$CG?$DN@ 100146a0     libvcruntime:undname.obj
 0002:000006a4       ??_C@_02DHLNPPGH@?$HM?$DN@ 100146a4     libvcruntime:undname.obj
 0002:000006a8       ??_C@_02MHEGNOJ@?$FO?$DN@  100146a8     libvcruntime:undname.obj
 0002:000006ac       ??_C@_09IFPLHPGF@?$GAvftable?8@ 100146ac     libvcruntime:undname.obj
 0002:000006b8       ??_C@_09BLBHBJP@?$GAvbtable?8@ 100146b8     libvcruntime:undname.obj
 0002:000006c4       ??_C@_07FEEIOKP@?$GAvcall?8@ 100146c4     libvcruntime:undname.obj
 0002:000006cc       ??_C@_08LLFFHHDJ@?$GAtypeof?8@ 100146cc     libvcruntime:undname.obj
 0002:000006d8       ??_C@_0BF@KDPPACIK@?$GAlocal?5static?5guard?8@ 100146d8     libvcruntime:undname.obj
 0002:000006f0       ??_C@_08OBABFOLI@?$GAstring?8@ 100146f0     libvcruntime:undname.obj
 0002:000006fc       ??_C@_0BD@JDLKDPAB@?$GAvbase?5destructor?8@ 100146fc     libvcruntime:undname.obj
 0002:00000710       ??_C@_0BN@DEGPLNFK@?$GAvector?5deleting?5destructor?8@ 10014710     libvcruntime:undname.obj
 0002:00000730       ??_C@_0BO@OBMKPJIG@?$GAdefault?5constructor?5closure?8@ 10014730     libvcruntime:undname.obj
 0002:00000750       ??_C@_0BN@IMDCHIKM@?$GAscalar?5deleting?5destructor?8@ 10014750     libvcruntime:undname.obj
 0002:00000770       ??_C@_0BO@PFGOCPJJ@?$GAvector?5constructor?5iterator?8@ 10014770     libvcruntime:undname.obj
 0002:00000790       ??_C@_0BN@LFPFMEDL@?$GAvector?5destructor?5iterator?8@ 10014790     libvcruntime:undname.obj
 0002:000007b0       ??_C@_0CE@IKBNEHA@?$GAvector?5vbase?5constructor?5itera@ 100147b0     libvcruntime:undname.obj
 0002:000007d4       ??_C@_0BL@NILFHHPC@?$GAvirtual?5displacement?5map?8@ 100147d4     libvcruntime:undname.obj
 0002:000007f0       ??_C@_0CB@JONCMFFK@?$GAeh?5vector?5constructor?5iterator@ 100147f0     libvcruntime:undname.obj
 0002:00000814       ??_C@_0CA@GCEOPDGL@?$GAeh?5vector?5destructor?5iterator?8@ 10014814     libvcruntime:undname.obj
 0002:00000834       ??_C@_0CH@OOJPLCPH@?$GAeh?5vector?5vbase?5constructor?5it@ 10014834     libvcruntime:undname.obj
 0002:0000085c       ??_C@_0BL@LLKPOHJI@?$GAcopy?5constructor?5closure?8@ 1001485c     libvcruntime:undname.obj
 0002:00000878       ??_C@_0BA@KBCDOMBN@?$GAudt?5returning?8@ 10014878     libvcruntime:undname.obj
 0002:00000888       ??_C@_03KLGMFNMG@?$GAEH@   10014888     libvcruntime:undname.obj
 0002:0000088c       ??_C@_05KHLCHHI@?$GARTTI@  1001488c     libvcruntime:undname.obj
 0002:00000894       ??_C@_0BA@KKLDJDLB@?$GAlocal?5vftable?8@ 10014894     libvcruntime:undname.obj
 0002:000008a4       ??_C@_0CE@IIHCMGGL@?$GAlocal?5vftable?5constructor?5clos@ 100148a4     libvcruntime:undname.obj
 0002:000008c8       ??_C@_06FHBGPFGH@?5new?$FL?$FN@ 100148c8     libvcruntime:undname.obj
 0002:000008d0       ??_C@_09LBNFPBCA@?5delete?$FL?$FN@ 100148d0     libvcruntime:undname.obj
 0002:000008dc       ??_C@_0P@HJKNJFNN@?$GAomni?5callsig?8@ 100148dc     libvcruntime:undname.obj
 0002:000008ec       ??_C@_0BL@CNOONJFP@?$GAplacement?5delete?5closure?8@ 100148ec     libvcruntime:undname.obj
 0002:00000908       ??_C@_0BN@CKNJLHMB@?$GAplacement?5delete?$FL?$FN?5closure?8@ 10014908     libvcruntime:undname.obj
 0002:00000928       ??_C@_0CG@CFDHKGGD@?$GAmanaged?5vector?5constructor?5ite@ 10014928     libvcruntime:undname.obj
 0002:00000950       ??_C@_0CF@IMGKMJNO@?$GAmanaged?5vector?5destructor?5iter@ 10014950     libvcruntime:undname.obj
 0002:00000978       ??_C@_0CG@HLDDJMAG@?$GAeh?5vector?5copy?5constructor?5ite@ 10014978     libvcruntime:undname.obj
 0002:000009a0       ??_C@_0CM@FCBBDIGB@?$GAeh?5vector?5vbase?5copy?5construct@ 100149a0     libvcruntime:undname.obj
 0002:000009cc       ??_C@_0BL@CLIPGLGB@?$GAdynamic?5initializer?5for?5?8@ 100149cc     libvcruntime:undname.obj
 0002:000009e8       ??_C@_0CB@PDBIFEP@?$GAdynamic?5atexit?5destructor?5for?5@ 100149e8     libvcruntime:undname.obj
 0002:00000a0c       ??_C@_0CD@CGAJBKEJ@?$GAvector?5copy?5constructor?5iterat@ 10014a0c     libvcruntime:undname.obj
 0002:00000a30       ??_C@_0CJ@GJELGAMM@?$GAvector?5vbase?5copy?5constructor?5@ 10014a30     libvcruntime:undname.obj
 0002:00000a5c       ??_C@_0CL@FGIJHLCE@?$GAmanaged?5vector?5copy?5constructo@ 10014a5c     libvcruntime:undname.obj
 0002:00000a88       ??_C@_0BM@PMGGMLDN@?$GAlocal?5static?5thread?5guard?8@ 10014a88     libvcruntime:undname.obj
 0002:00000aa4       ??_C@_0N@BDNMDMOL@operator?5?$CC?$CC?5@ 10014aa4     libvcruntime:undname.obj
 0002:00000ab4       ??_C@_0BC@GGEBGALA@operator?5co_await@ 10014ab4     libvcruntime:undname.obj
 0002:00000ac8       ??_C@_0BC@DAFEJGAK@?5Type?5Descriptor?8@ 10014ac8     libvcruntime:undname.obj
 0002:00000adc       ??_C@_0BM@LDKODKLH@?5Base?5Class?5Descriptor?5at?5?$CI@ 10014adc     libvcruntime:undname.obj
 0002:00000af8       ??_C@_0BD@LGICGFMM@?5Base?5Class?5Array?8@ 10014af8     libvcruntime:undname.obj
 0002:00000b0c       ??_C@_0BN@MECKDCOJ@?5Class?5Hierarchy?5Descriptor?8@ 10014b0c     libvcruntime:undname.obj
 0002:00000b2c       ??_C@_0BK@CFCOFLF@?5Complete?5Object?5Locator?8@ 10014b2c     libvcruntime:undname.obj
 0002:00000b48       __pDestructExceptionObject 10014b48     libvcruntime:ehhelpers.obj
 0002:00000b50       _standard_lookup_table     10014b50     libucrt:output.obj
 0002:00000bac       ??_C@_1O@CEDCILHN@?$AA?$CI?$AAn?$AAu?$AAl?$AAl?$AA?$CJ?$AA?$AA@ 10014bac     libucrt:output.obj
 0002:00000bbc       ??_C@_06OJHGLDPL@?$CInull?$CJ?$AA@ 10014bbc     libucrt:output.obj
 0002:00000bc8       ___acrt_exception_action_table 10014bc8     libucrt:exception_filter.obj
 0002:00000c58       ___acrt_signal_action_table_count 10014c58     libucrt:exception_filter.obj
 0002:00000c5c       ___acrt_signal_action_first_fpe_index 10014c5c     libucrt:exception_filter.obj
 0002:00000c60       ___acrt_signal_action_fpe_count 10014c60     libucrt:exception_filter.obj
 0002:00000c64       ??_C@_1BI@BGOHAHKC@?$AAm?$AAs?$AAc?$AAo?$AAr?$AAe?$AAe?$AA?4?$AAd?$AAl?$AAl?$AA?$AA@ 10014c64     libucrt:exit.obj
 0002:00000c7c       ??_C@_0P@MIGLKIOC@CorExitProcess?$AA@ 10014c7c     libucrt:exit.obj
 0002:00000ec8       ??_C@_1EA@JGEFHKEI@?$AAa?$AAp?$AAi?$AA?9?$AAm?$AAs?$AA?9?$AAw?$AAi?$AAn?$AA?9?$AAc?$AAo?$AAr?$AAe?$AA?9?$AAd?$AAa?$AAt?$AAe?$AAt?$AAi?$AAm?$AAe?$AA?9?$AAl?$AA1?$AA?9?$AA1?$AA?9?$AA1?$AA?$AA@ 10014ec8     libucrt:winapi_thunks.obj
 0002:00000f08       ??_C@_1DM@KHCHBNEB@?$AAa?$AAp?$AAi?$AA?9?$AAm?$AAs?$AA?9?$AAw?$AAi?$AAn?$AA?9?$AAc?$AAo?$AAr?$AAe?$AA?9?$AAf?$AAi?$AAb?$AAe?$AAr?$AAs?$AA?9?$AAl?$AA1?$AA?9?$AA1?$AA?9?$AA1?$AA?$AA@ 10014f08     libucrt:winapi_thunks.obj
 0002:00000f44       ??_C@_1DI@IJCEHOCB@?$AAa?$AAp?$AAi?$AA?9?$AAm?$AAs?$AA?9?$AAw?$AAi?$AAn?$AA?9?$AAc?$AAo?$AAr?$AAe?$AA?9?$AAf?$AAi?$AAl?$AAe?$AA?9?$AAl?$AA1?$AA?9?$AA2?$AA?9?$AA2?$AA?$AA@ 10014f44     libucrt:winapi_thunks.obj
 0002:00000f80       ??_C@_1EI@MPIAOHOC@?$AAa?$AAp?$AAi?$AA?9?$AAm?$AAs?$AA?9?$AAw?$AAi?$AAn?$AA?9?$AAc?$AAo?$AAr?$AAe?$AA?9?$AAl?$AAo?$AAc?$AAa?$AAl?$AAi?$AAz?$AAa?$AAt?$AAi?$AAo?$AAn?$AA?9?$AAl?$AA1?$AA?9@ 10014f80     libucrt:winapi_thunks.obj
 0002:00000fc8       ??_C@_1FK@FPHCKFIE@?$AAa?$AAp?$AAi?$AA?9?$AAm?$AAs?$AA?9?$AAw?$AAi?$AAn?$AA?9?$AAc?$AAo?$AAr?$AAe?$AA?9?$AAl?$AAo?$AAc?$AAa?$AAl?$AAi?$AAz?$AAa?$AAt?$AAi?$AAo?$AAn?$AA?9?$AAo?$AAb?$AAs@ 10014fc8     libucrt:winapi_thunks.obj
 0002:00001028       ??_C@_1EM@DILCGIIO@?$AAa?$AAp?$AAi?$AA?9?$AAm?$AAs?$AA?9?$AAw?$AAi?$AAn?$AA?9?$AAc?$AAo?$AAr?$AAe?$AA?9?$AAp?$AAr?$AAo?$AAc?$AAe?$AAs?$AAs?$AAt?$AAh?$AAr?$AAe?$AAa?$AAd?$AAs?$AA?9?$AAl@ 10015028     libucrt:winapi_thunks.obj
 0002:00001074       ??_C@_1DM@LNCGDDPN@?$AAa?$AAp?$AAi?$AA?9?$AAm?$AAs?$AA?9?$AAw?$AAi?$AAn?$AA?9?$AAc?$AAo?$AAr?$AAe?$AA?9?$AAs?$AAt?$AAr?$AAi?$AAn?$AAg?$AA?9?$AAl?$AA1?$AA?9?$AA1?$AA?9?$AA0?$AA?$AA@ 10015074     libucrt:winapi_thunks.obj
 0002:000010b0       ??_C@_1DK@LPPGFMPP@?$AAa?$AAp?$AAi?$AA?9?$AAm?$AAs?$AA?9?$AAw?$AAi?$AAn?$AA?9?$AAc?$AAo?$AAr?$AAe?$AA?9?$AAs?$AAy?$AAn?$AAc?$AAh?$AA?9?$AAl?$AA1?$AA?9?$AA2?$AA?9?$AA0?$AA?$AA@ 100150b0     libucrt:winapi_thunks.obj
 0002:000010ec       ??_C@_1DO@FPAPJEMD@?$AAa?$AAp?$AAi?$AA?9?$AAm?$AAs?$AA?9?$AAw?$AAi?$AAn?$AA?9?$AAc?$AAo?$AAr?$AAe?$AA?9?$AAs?$AAy?$AAs?$AAi?$AAn?$AAf?$AAo?$AA?9?$AAl?$AA1?$AA?9?$AA2?$AA?9?$AA1?$AA?$AA@ 100150ec     libucrt:winapi_thunks.obj
 0002:0000112c       ??_C@_1DK@NDHNAHIO@?$AAa?$AAp?$AAi?$AA?9?$AAm?$AAs?$AA?9?$AAw?$AAi?$AAn?$AA?9?$AAc?$AAo?$AAr?$AAe?$AA?9?$AAw?$AAi?$AAn?$AAr?$AAt?$AA?9?$AAl?$AA1?$AA?9?$AA1?$AA?9?$AA0?$AA?$AA@ 1001512c     libucrt:winapi_thunks.obj
 0002:00001168       ??_C@_1DM@KGHDGBCM@?$AAa?$AAp?$AAi?$AA?9?$AAm?$AAs?$AA?9?$AAw?$AAi?$AAn?$AA?9?$AAc?$AAo?$AAr?$AAe?$AA?9?$AAx?$AAs?$AAt?$AAa?$AAt?$AAe?$AA?9?$AAl?$AA2?$AA?9?$AA1?$AA?9?$AA0?$AA?$AA@ 10015168     libucrt:winapi_thunks.obj
 0002:000011a8       ??_C@_1EO@IJIOEFOH@?$AAa?$AAp?$AAi?$AA?9?$AAm?$AAs?$AA?9?$AAw?$AAi?$AAn?$AA?9?$AAr?$AAt?$AAc?$AAo?$AAr?$AAe?$AA?9?$AAn?$AAt?$AAu?$AAs?$AAe?$AAr?$AA?9?$AAw?$AAi?$AAn?$AAd?$AAo?$AAw?$AA?9@ 100151a8     libucrt:winapi_thunks.obj
 0002:000011f8       ??_C@_1FG@HHGEKANL@?$AAa?$AAp?$AAi?$AA?9?$AAm?$AAs?$AA?9?$AAw?$AAi?$AAn?$AA?9?$AAs?$AAe?$AAc?$AAu?$AAr?$AAi?$AAt?$AAy?$AA?9?$AAs?$AAy?$AAs?$AAt?$AAe?$AAm?$AAf?$AAu?$AAn?$AAc?$AAt?$AAi@ 100151f8     libucrt:winapi_thunks.obj
 0002:00001250       ??_C@_1EG@DBIOJECG@?$AAe?$AAx?$AAt?$AA?9?$AAm?$AAs?$AA?9?$AAw?$AAi?$AAn?$AA?9?$AAn?$AAt?$AAu?$AAs?$AAe?$AAr?$AA?9?$AAd?$AAi?$AAa?$AAl?$AAo?$AAg?$AAb?$AAo?$AAx?$AA?9?$AAl?$AA1?$AA?9?$AA1@ 10015250     libucrt:winapi_thunks.obj
 0002:00001298       ??_C@_1EO@FIHMJCLF@?$AAe?$AAx?$AAt?$AA?9?$AAm?$AAs?$AA?9?$AAw?$AAi?$AAn?$AA?9?$AAn?$AAt?$AAu?$AAs?$AAe?$AAr?$AA?9?$AAw?$AAi?$AAn?$AAd?$AAo?$AAw?$AAs?$AAt?$AAa?$AAt?$AAi?$AAo?$AAn?$AA?9@ 10015298     libucrt:winapi_thunks.obj
 0002:000012e8       ??_C@_1BC@DNHGCMLG@?$AAa?$AAd?$AAv?$AAa?$AAp?$AAi?$AA3?$AA2?$AA?$AA@ 100152e8     libucrt:winapi_thunks.obj
 0002:000012fc       ??_C@_1BC@GDMECMAK@?$AAk?$AAe?$AAr?$AAn?$AAe?$AAl?$AA3?$AA2?$AA?$AA@ 100152fc     libucrt:winapi_thunks.obj
 0002:00001310       ??_C@_1M@OAIMIKLP@?$AAn?$AAt?$AAd?$AAl?$AAl?$AA?$AA@ 10015310     libucrt:winapi_thunks.obj
 0002:00001320       ??_C@_1EG@DPGNFKGC@?$AAa?$AAp?$AAi?$AA?9?$AAm?$AAs?$AA?9?$AAw?$AAi?$AAn?$AA?9?$AAa?$AAp?$AAp?$AAm?$AAo?$AAd?$AAe?$AAl?$AA?9?$AAr?$AAu?$AAn?$AAt?$AAi?$AAm?$AAe?$AA?9?$AAl?$AA1?$AA?9?$AA1@ 10015320     libucrt:winapi_thunks.obj
 0002:00001368       ??_C@_1O@BCCLBEOE@?$AAu?$AAs?$AAe?$AAr?$AA3?$AA2?$AA?$AA@ 10015368     libucrt:winapi_thunks.obj
 0002:00001378       ??_C@_1BA@PFFKHIOG@?$AAa?$AAp?$AAi?$AA?9?$AAm?$AAs?$AA?9?$AA?$AA@ 10015378     libucrt:winapi_thunks.obj
 0002:00001388       ??_C@_1BA@IAIFMGEF@?$AAe?$AAx?$AAt?$AA?9?$AAm?$AAs?$AA?9?$AA?$AA@ 10015388     libucrt:winapi_thunks.obj
 0002:0000139c       ??_C@_0BA@FHFNEAED@AreFileApisANSI?$AA@ 1001539c     libucrt:winapi_thunks.obj
 0002:000013b4       ??_C@_08KNHFBNJ@FlsAlloc?$AA@ 100153b4     libucrt:winapi_thunks.obj
[...]
 0002:000013c0       ?candidate_modules@?1??try_get_FlsFree@@YAP6GHK@ZXZ@4QBW4module_id@?A0x391cf84c@@B 100153c0     libucrt:winapi_thunks.obj
 0002:000013d0       ?candidate_modules@?1??try_get_FlsGetValue@@YAP6GPAXK@ZXZ@4QBW4module_id@?A0x391cf84c@@B 100153d0     libucrt:winapi_thunks.obj
 0002:000013e4       ?candidate_modules@?1??try_get_FlsSetValue@@YAP6GHKPAX@ZXZ@4QBW4module_id@?A0x391cf84c@@B 100153e4     libucrt:winapi_thunks.obj
 0002:000013f8       ?candidate_modules@?1??try_get_InitializeCriticalSectionEx@@YAP6GHPAU_RTL_CRITICAL_SECTION@@KK@ZXZ@4QBW4module_id@?A0x391cf84c@@B 100153f8     libucrt:winapi_thunks.obj
 0002:0000141c       ?candidate_modules@?1??try_get_LCMapStringEx@@YAP6GHPB_WK0HPA_WHPAU_nlsversioninfo@@PAXJ@ZXZ@4QBW4module_id@?A0x391cf84c@@B 1001541c     libucrt:winapi_thunks.obj
 0002:00001434       ?candidate_modules@?1??try_get_LocaleNameToLCID@@YAP6GKPB_WK@ZXZ@4QBW4module_id@?A0x391cf84c@@B 10015434     libucrt:winapi_thunks.obj
 0002:00001450       ?candidate_modules@?1??try_get_AppPolicyGetProcessTerminationMethod@@YAP6GJPAXPAW4AppPolicyProcessTerminationMethod@@@ZXZ@4QBW4module_id@?A0x391cf84c@@B 10015450     libucrt:winapi_thunks.obj
 0002:00001988       ?_mb_locale_names@@3QBQB_WB 10015988     libucrt:mbctype.obj
 0002:00001fc8       ?LcidToLocaleNameTable@?A0x881e4c05@@3QBULcidToLocaleName@1@B 10015fc8     libucrt:lcidtoname_downlevel.obj
 0002:000030f0       ?LocaleNameToIndexTable@?A0x881e4c05@@3QBULocaleNameIndex@1@B 100170f0     libucrt:lcidtoname_downlevel.obj
 0002:00004a30       LOG_name                   10018a30     libucrt:log10_impl.obj
 0002:00004a40       _One                       10018a40     libucrt:ceil_pentium4.obj
 0002:00004a50       _Bns                       10018a50     libucrt:ceil_pentium4.obj
 0002:00004a60       _Zero                      10018a60     libucrt:ceil_pentium4.obj
 0002:00004a70       _S                         10018a70     libucrt:ceil_pentium4.obj
 0002:00004a80       _NegZero                   10018a80     libucrt:ceil_pentium4.obj
 0002:00004aa0       emask                      10018aa0     libucrt:log10_pentium4.obj
 0002:00004ab0       CC                         10018ab0     libucrt:log10_pentium4.obj
 0002:00004ac0       Magic                      10018ac0     libucrt:log10_pentium4.obj
 0002:00004ad0       hi_mask                    10018ad0     libucrt:log10_pentium4.obj
 0002:00004ae0       LOG10_2                    10018ae0     libucrt:log10_pentium4.obj
 0002:00004af0       place_L                    10018af0     libucrt:log10_pentium4.obj
 0002:00004b10       One                        10018b10     libucrt:log10_pentium4.obj
 0002:00004b20       Zero                       10018b20     libucrt:log10_pentium4.obj
 0002:00004b30       Two52                      10018b30     libucrt:log10_pentium4.obj
 0002:00004b40       Infs                       10018b40     libucrt:log10_pentium4.obj
 0002:00004b50       NaN                        10018b50     libucrt:log10_pentium4.obj
 0002:00004b60       coeff                      10018b60     libucrt:log10_pentium4.obj
 0002:00004bbe       _log2max                   10018bbe     libucrt:87tran.obj
 0002:00004bc8       _smallarg                  10018bc8     libucrt:87tran.obj
 0002:00004bd2       _half                      10018bd2     libucrt:87tran.obj
 0002:00004c1e       One                        10018c1e     libucrt:87disp.obj
 0002:00004c26       Three                      10018c26     libucrt:87disp.obj
 0002:00004c2e       XAMtoTagTab                10018c2e     libucrt:87disp.obj
 0002:00004c40       One                        10018c40     libucrt:common.obj
 0002:00004c54       DblMax                     10018c54     libucrt:common.obj
 0002:00004c5c       DblMin                     10018c5c     libucrt:common.obj
 0002:00004c64       IeeeAdjO                   10018c64     libucrt:common.obj
 0002:00004c6c       IeeeAdjU                   10018c6c     libucrt:common.obj
 0002:00004c74       _infinity                  10018c74     libucrt:common.obj
 0002:00004c7c       _zero                      10018c7c     libucrt:common.obj
 0002:00004cb8       _over                      10018cb8     libucrt:fpctrl.obj
 0002:00004cc4       _under                     10018cc4     libucrt:fpctrl.obj
 0002:000054f8       ?_names@?1??_get_fname@@9@9 100194f8     libucrt:fpexcept.obj
 0002:00005df0       __unwindtable$?ReadSmbiosWMI@@YAPAU_SMBIOS_INFO@@XZ 10019df0     kehelp.obj
 0002:00005e00       __ehfuncinfo$?ReadSmbiosWMI@@YAPAU_SMBIOS_INFO@@XZ 10019e00     kehelp.obj
 0002:00005e28       __sehtable$?ConvertStringToBSTR@_com_util@@YGPA_WPBD@Z 10019e28     comsuppw:comutil.obj
 0002:00005e78       __sehtable$?dllmain_crt_process_attach@@YAHQAUHINSTANCE__@@QAX@Z 10019e78     LIBCMT:dll_dllmain.obj
 0002:00005e98       __sehtable$?dllmain_crt_process_detach@@YAH_N@Z 10019e98     LIBCMT:dll_dllmain.obj
 0002:00005eb8       __sehtable$?dllmain_dispatch@@YAHQAUHINSTANCE__@@KQAX@Z 10019eb8     LIBCMT:dll_dllmain.obj
 0002:00005ed8       __sehtable$___scrt_is_nonwritable_in_current_image 10019ed8     LIBCMT:utility.obj
 0002:00005f88       __sehtable$?FrameUnwindToState@__FrameHandler3@@SAXPAUEHRegistrationNode@@PAXPBU_s_FuncInfo@@H@Z 10019f88     libvcruntime:frame.obj
 0002:00005fb0       __sehtable$?CallCatchBlock@@YAPAXPAUEHExceptionRecord@@PAUEHRegistrationNode@@PAU_CONTEXT@@PBU_s_FuncInfo@@PAXHK@Z 10019fb0     libvcruntime:frame.obj
 0002:00005fd8       __catchsym$?CallUnexpected@@YAXPBU_s_ESTypeList@@@Z$2 10019fd8     libvcruntime:frame.obj
 0002:00005fe8       __unwindtable$?CallUnexpected@@YAXPBU_s_ESTypeList@@@Z 10019fe8     libvcruntime:frame.obj
 0002:00005ff8       __tryblocktable$?CallUnexpected@@YAXPBU_s_ESTypeList@@@Z 10019ff8     libvcruntime:frame.obj
 0002:0000600c       __ehfuncinfo$?CallUnexpected@@YAXPBU_s_ESTypeList@@@Z 1001a00c     libvcruntime:frame.obj
 0002:00006030       __sehtable$??$BuildCatchObjectHelperInternal@$$CBU_s_HandlerType@@@@YAHPAUEHExceptionRecord@@PAXPBU_s_HandlerType@@PBU_s_CatchableType@@@Z 1001a030     libvcruntime:frame.obj
 0002:00006050       __sehtable$??$BuildCatchObjectInternal@$$CBU_s_HandlerType@@@@YAXPAUEHExceptionRecord@@PAXPBU_s_HandlerType@@PBU_s_CatchableType@@@Z 1001a050     libvcruntime:frame.obj
 0002:000060a8       __sehtable$___DestructExceptionObject 1001a0a8     libvcruntime:ehhelpers.obj
 0002:000060c8       __sehtable$??$?RV<lambda_80d7abc6eae2375db70be92ccaaf9b57>@@AAV<lambda_df52180bf14694d51fdefd82613e8f07>@@V<lambda_4fa1155033dff2042363dba4e2dc3802>@@@?$__crt_seh_guarded_call@H@@QAEH$$QAV<lambda_80d7abc6eae2375db70be92ccaaf9b57>@@AAV<lambda_df52180bf14694d51fdefd82613e8f07>@@$$QAV<lambda_4fa1155033dff2042363dba4e2dc3802>@@@Z 1001a0c8     libucrt:output.obj
 0002:000060e8       __sehtable$__query_new_handler 1001a0e8     libucrt:new_handler.obj
 0002:00006108       __sehtable$??R<lambda_6e4b09c48022b2350581041d5f6b0c4c>@@QBE@XZ 1001a108     libucrt:exit.obj
 0002:00006128       __sehtable$??$?RV<lambda_03b1d95aef87969028cfba75ccab2455>@@AAV<lambda_6e4b09c48022b2350581041d5f6b0c4c>@@V<lambda_22bdf7517842c4b3e53723af5aa32b9e>@@@?$__crt_seh_guarded_call@X@@QAEX$$QAV<lambda_03b1d95aef87969028cfba75ccab2455>@@AAV<lambda_6e4b09c48022b2350581041d5f6b0c4c>@@$$QAV<lambda_22bdf7517842c4b3e53723af5aa32b9e>@@@Z 1001a128     libucrt:exit.obj
 0002:00006148       __sehtable$??$?RV<lambda_8e746cf0007f6ed984d6f78af1fec997>@@AAV<lambda_22ebabd17bc4fa466a2aca6d8deb888d>@@V<lambda_18ed0c0b38a6dc0daf1e7ac6d6adf05e>@@@?$__crt_seh_guarded_call@H@@QAEH$$QAV<lambda_8e746cf0007f6ed984d6f78af1fec997>@@AAV<lambda_22ebabd17bc4fa466a2aca6d8deb888d>@@$$QAV<lambda_18ed0c0b38a6dc0daf1e7ac6d6adf05e>@@@Z 1001a148     libucrt:onexit.obj
 0002:00006168       __sehtable$??$?RV<lambda_69a2805e680e0e292e8ba93315fe43a8>@@AAV<lambda_f03950bc5685219e0bcd2087efbe011e>@@V<lambda_03fcd07e894ec930e3f35da366ca99d6>@@@?$__crt_seh_guarded_call@H@@QAEH$$QAV<lambda_69a2805e680e0e292e8ba93315fe43a8>@@AAV<lambda_f03950bc5685219e0bcd2087efbe011e>@@$$QAV<lambda_03fcd07e894ec930e3f35da366ca99d6>@@@Z 1001a168     libucrt:onexit.obj
 0002:00006188       __sehtable$_terminate      1001a188     libucrt:terminate.obj
 0002:000061a8       __sehtable$__fcloseall     1001a1a8     libucrt:closeall.obj
 0002:000061c8       __sehtable$??$?RV<lambda_2866be3712abc81a800a822484c830d8>@@AAV<lambda_39ca0ed439415581b5b15c265174cece>@@V<lambda_2b24c74d71094a6cd0cb82e44167d71b>@@@?$__crt_seh_guarded_call@X@@QAEX$$QAV<lambda_2866be3712abc81a800a822484c830d8>@@AAV<lambda_39ca0ed439415581b5b15c265174cece>@@$$QAV<lambda_2b24c74d71094a6cd0cb82e44167d71b>@@@Z 1001a1c8     libucrt:fflush.obj
 0002:000061e8       __sehtable$??$?RV<lambda_2cc53f568c5a2bb6f192f930a45d44ea>@@AAV<lambda_ab61a845afdef5b7c387490eaf3616ee>@@V<lambda_c2ffc0b7726aa6be21d5f0026187e748>@@@?$__crt_seh_guarded_call@X@@QAEX$$QAV<lambda_2cc53f568c5a2bb6f192f930a45d44ea>@@AAV<lambda_ab61a845afdef5b7c387490eaf3616ee>@@$$QAV<lambda_c2ffc0b7726aa6be21d5f0026187e748>@@@Z 1001a1e8     libucrt:fflush.obj
 0002:00006208       __sehtable$___acrt_initialize_lowio 1001a208     libucrt:ioinit.obj
 0002:00006228       __sehtable$??$?RV<lambda_15ade71b0218206bbe3333a0c9b79046>@@AAV<lambda_da44e0f8b0f19ba52fefafb335991732>@@V<lambda_207f2d024fc103971653565357d6cd41>@@@?$__crt_seh_guarded_call@X@@QAEX$$QAV<lambda_15ade71b0218206bbe3333a0c9b79046>@@AAV<lambda_da44e0f8b0f19ba52fefafb335991732>@@$$QAV<lambda_207f2d024fc103971653565357d6cd41>@@@Z 1001a228     libucrt:per_thread_data.obj
 0002:00006248       __sehtable$??$?RV<lambda_a7e850c220f1c8d1e6efeecdedd162c6>@@AAV<lambda_46720907175c18b6c9d2717bc0d2d362>@@V<lambda_9048902d66e8d99359bc9897bbb930a8>@@@?$__crt_seh_guarded_call@X@@QAEX$$QAV<lambda_a7e850c220f1c8d1e6efeecdedd162c6>@@AAV<lambda_46720907175c18b6c9d2717bc0d2d362>@@$$QAV<lambda_9048902d66e8d99359bc9897bbb930a8>@@@Z 1001a248     libucrt:per_thread_data.obj
 0002:00006268       __sehtable$??$?RV<lambda_38edbb1296d33220d7e4dd0ed76b244a>@@AAV<lambda_5ce1d447e08cb34b2473517608e21441>@@V<lambda_fb385d3da700c9147fc39e65dd577a8c>@@@?$__crt_seh_guarded_call@X@@QAEX$$QAV<lambda_38edbb1296d33220d7e4dd0ed76b244a>@@AAV<lambda_5ce1d447e08cb34b2473517608e21441>@@$$QAV<lambda_fb385d3da700c9147fc39e65dd577a8c>@@@Z 1001a268     libucrt:per_thread_data.obj
 0002:00006288       __sehtable$??$?RV<lambda_6affb1475c98b40b75cdec977db92e3c>@@AAV<lambda_b8d4b9c228a6ecc3f80208dbb4b4a104>@@V<lambda_608742c3c92a14382c1684fc64f96c88>@@@?$__crt_seh_guarded_call@X@@QAEX$$QAV<lambda_6affb1475c98b40b75cdec977db92e3c>@@AAV<lambda_b8d4b9c228a6ecc3f80208dbb4b4a104>@@$$QAV<lambda_608742c3c92a14382c1684fc64f96c88>@@@Z 1001a288     libucrt:per_thread_data.obj
 0002:000062a8       __sehtable$??$?RV<lambda_e5124f882df8998aaf41531e079ba474>@@AAV<lambda_3e16ef9562a7dcce91392c22ab16ea36>@@V<lambda_e25ca0880e6ef98be67edffd8c599615>@@@?$__crt_seh_guarded_call@X@@QAEX$$QAV<lambda_e5124f882df8998aaf41531e079ba474>@@AAV<lambda_3e16ef9562a7dcce91392c22ab16ea36>@@$$QAV<lambda_e25ca0880e6ef98be67edffd8c599615>@@@Z 1001a2a8     libucrt:wsetlocale.obj
 0002:000062c8       __sehtable$?update_thread_multibyte_data_internal@@YAPAU__crt_multibyte_data@@QAU__acrt_ptd@@QAPAU1@@Z 1001a2c8     libucrt:mbctype.obj
 0002:000062e8       __sehtable$??$?RV<lambda_ceb1ee4838e85a9d631eb091e2fbe199>@@AAV<lambda_ae742caa10f662c28703da3d2ea5e57e>@@V<lambda_cd08b5d6af4937fe54fc07d0c9bf6b37>@@@?$__crt_seh_guarded_call@X@@QAEX$$QAV<lambda_ceb1ee4838e85a9d631eb091e2fbe199>@@AAV<lambda_ae742caa10f662c28703da3d2ea5e57e>@@$$QAV<lambda_cd08b5d6af4937fe54fc07d0c9bf6b37>@@@Z 1001a2e8     libucrt:mbctype.obj
 0002:00006308       __sehtable$_raise          1001a308     libucrt:signal.obj
 0002:00006328       __sehtable$??$?RV<lambda_cbab9ec6f41b0180b23cc171c22676b0>@@AAV<lambda_44731a7d0e6d81c3e6aa82d741081786>@@V<lambda_4b292cb8dd18144e164572427af410ab>@@@?$__crt_seh_guarded_call@P6AXH@Z@@QAEP6AXH@Z$$QAV<lambda_cbab9ec6f41b0180b23cc171c22676b0>@@AAV<lambda_44731a7d0e6d81c3e6aa82d741081786>@@$$QAV<lambda_4b292cb8dd18144e164572427af410ab>@@@Z 1001a328     libucrt:signal.obj
 0002:00006348       __sehtable$_fclose         1001a348     libucrt:fclose.obj
 0002:00006368       __sehtable$??$?RV<lambda_9e9de3de5fa147e2223d7db92bc10aa6>@@AAV<lambda_38ce7e780aa69e748d6df282ebc68efe>@@V<lambda_8ca6da459f0f6780f1cff60fdc3d00e5>@@@?$__crt_seh_guarded_call@H@@QAEH$$QAV<lambda_9e9de3de5fa147e2223d7db92bc10aa6>@@AAV<lambda_38ce7e780aa69e748d6df282ebc68efe>@@$$QAV<lambda_8ca6da459f0f6780f1cff60fdc3d00e5>@@@Z 1001a368     libucrt:commit.obj
 0002:00006388       __sehtable$__write         1001a388     libucrt:write.obj
 0002:000063a8       __sehtable$___acrt_lowio_ensure_fh_exists 1001a3a8     libucrt:osfinfo.obj
 0002:000063c8       __sehtable$___acrt_update_thread_locale_data 1001a3c8     libucrt:locale_refcounting.obj
 0002:000063e8       __sehtable$??$?RV<lambda_218ce3db14220d0be481dae8ef3383b6>@@AAV<lambda_628dfdc04ba53c8bfc02c9951375f3f5>@@V<lambda_57dc472bd5c9d5f3b2cbca59b8a843ae>@@@?$__crt_seh_guarded_call@H@@QAEH$$QAV<lambda_218ce3db14220d0be481dae8ef3383b6>@@AAV<lambda_628dfdc04ba53c8bfc02c9951375f3f5>@@$$QAV<lambda_57dc472bd5c9d5f3b2cbca59b8a843ae>@@@Z 1001a3e8     libucrt:close.obj
 0002:00006408       __sehtable$??$common_lseek@_J@@YA_JH_JH@Z 1001a408     libucrt:lseek.obj
 0002:00006428       __sehtable$__IsNonwritableInCurrentImage 1001a428     LIBCMT:pesect.obj
 0002:00006450       .edata                     1001a450     kehelper.exp
 0002:00006478       rgpv                       1001a478     kehelper.exp
 0002:000064a0       rgszName                   1001a4a0     kehelper.exp
 0002:000064c8       rgwOrd                     1001a4c8     kehelper.exp
 0002:000064dc       szName                     1001a4dc     kehelper.exp
 0002:000064e9       $N00001                    1001a4e9     kehelper.exp
 0002:000064f5       $N00002                    1001a4f5     kehelper.exp
 0002:00006504       $N00003                    1001a504     kehelper.exp
 0002:00006516       $N00004                    1001a516     kehelper.exp
 0002:00006525       $N00005                    1001a525     kehelper.exp
 0002:00006536       $N00006                    1001a536     kehelper.exp
 0002:00006544       $N00007                    1001a544     kehelper.exp
 0002:00006554       $N00008                    1001a554     kehelper.exp
 0002:00006560       $N00009                    1001a560     kehelper.exp
 0002:0000656f       $N00010                    1001a56f     kehelper.exp
 0002:000067de       .idata$6                   1001a7de     kernel32:KERNEL32.dll
 0002:00006868       .idata$6                   1001a868     advapi32:ADVAPI32.dll
 0002:000068da       .idata$6                   1001a8da     ole32:ole32.dll
 0002:000068e4       .idata$6                   1001a8e4     oleaut32:OLEAUT32.dll
 0003:00000040       ?__vcrt_flsindex@@3KA      1001b040     libvcruntime:per_thread_data.obj
 0003:00000114       ?errno_no_memory@@3HA      1001b114     libucrt:errno.obj
 0003:00000118       ?doserrno_no_memory@@3KA   1001b118     libucrt:errno.obj
 0003:00000158       ?__acrt_flsindex@@3KA      1001b158     libucrt:per_thread_data.obj
 0003:00000448       __mbctypes                 1001b448     libucrt:mbctype.obj
 0003:00000550       __mbcasemaps               1001b550     libucrt:mbctype.obj
 0003:00000650       ?__rgctypeflag@@3PADA      1001b650     libucrt:mbctype.obj
 0003:00000658       ?__rgcode_page_info@@3PAUcode_page_info@@A 1001b658     libucrt:mbctype.obj
 0003:000008b0       ?__dcrt_lowio_console_output_handle@@3PAXA 1001b8b0     libucrt:initcon.obj
 0003:00000978       _GS_ExceptionRecord        1001b978     LIBCMT:gs_report.obj
 0003:000009c8       _GS_ContextRecord          1001b9c8     LIBCMT:gs_report.obj
 0003:00000c94       ?__proc_attached@@3HA      1001bc94     LIBCMT:dll_dllmain.obj
 0003:00000ca0       ?is_initialized_as_dll@@3_NA 1001bca0     LIBCMT:utility.obj
 0003:00000ca1       ?module_local_atexit_table_initialized@@3_NA 1001bca1     LIBCMT:utility.obj
 0003:00000ca4       ?module_local_atexit_table@@3U_onexit_table_t@@A 1001bca4     LIBCMT:utility.obj
 0003:00000cb0       ?module_local_at_quick_exit_table@@3U_onexit_table_t@@A 1001bcb0     LIBCMT:utility.obj
 0003:00000cdc       ?__vcrt_startup_thread_ptd@@3U__vcrt_ptd@@A 1001bcdc     libvcruntime:per_thread_data.obj
 0003:00000d04       ___vcrt_lock_table         1001bd04     libvcruntime:locks.obj
 0003:00000d1c       ___vcrt_locks_initialized  1001bd1c     libvcruntime:locks.obj
 0003:00000d20       ?module_handles@@3PAPAUHINSTANCE__@@A 1001bd20     libvcruntime:winapi_downlevel.obj
 0003:00000d2c       ?encoded_function_pointers@@3PAPAXA 1001bd2c     libvcruntime:winapi_downlevel.obj
 0003:00000d6c       ?heap@@3V_HeapManager@@A   1001bd6c     libvcruntime:undname.obj
 0003:00000d90       ?__acrt_new_handler@@3V?$dual_state_global@P6AHI@Z@__crt_state_management@@A 1001bd90     libucrt:new_handler.obj
 0003:00000d94       ?c_termination_complete@@3JA 1001bd94     libucrt:exit.obj
 0003:00000d98       ?thread_local_exit_callback_func@@3P6GXPAXK0@ZA 1001bd98     libucrt:exit.obj
 0003:00000da0       ?program_name@?1???$common_configure_argv@D@@YAHW4_crt_argv_mode@@@Z@4PADA 1001bda0     libucrt:argv_parsing.obj
 0003:00000ed0       ?__acrt_invalid_parameter_handler@@3V?$dual_state_global@P6AXPB_W00II@Z@__crt_state_management@@A 1001bed0     libucrt:invalid_parameter.obj
 0003:00000ed8       ?module_handles@@3PAPAUHINSTANCE__@@A 1001bed8     libucrt:winapi_thunks.obj
 0003:00000f28       ?encoded_function_pointers@@3PAPAXA 1001bf28     libucrt:winapi_thunks.obj
 0003:000011b4       ?internal_state@?1??_mbtowc_l@@9@4U_Mbstatet@@A 1001c1b4     libucrt:mbtowc.obj
 0003:000011bc       ?enable_percent_n@@3IA     1001c1bc     libucrt:printf_count_output.obj
 0003:000011d0       ?__acrt_lock_table@@3PAU_RTL_CRITICAL_SECTION@@A 1001c1d0     libucrt:locks.obj
 0003:00001320       ?__acrt_locks_initialized@@3IA 1001c320     libucrt:locks.obj
 0003:00001330       ?fSystemSet@@3HA           1001c330     libucrt:mbctype.obj
 0003:00001334       ?initialized@?1??__acrt_initialize_multibyte@@9@4_NA 1001c334     libucrt:mbctype.obj
 0003:00001354       ?ctrlc_action@@3V?$dual_state_global@P6AXH@Z@__crt_state_management@@A 1001c354     libucrt:signal.obj
 0003:00001358       ?ctrlbreak_action@@3V?$dual_state_global@P6AXH@Z@__crt_state_management@@A 1001c358     libucrt:signal.obj
 0003:0000135c       ?abort_action@@3V?$dual_state_global@P6AXH@Z@__crt_state_management@@A 1001c35c     libucrt:signal.obj
 0003:00001360       ?term_action@@3V?$dual_state_global@P6AXH@Z@__crt_state_management@@A 1001c360     libucrt:signal.obj
 0003:00001364       ?user_matherr@@3V?$dual_state_global@P6AHPAU_exception@@@Z@__crt_state_management@@A 1001c364     libucrt:matherr.obj
 0003:00001368       ?__acrt_global_new_mode@@3V?$dual_state_global@J@__crt_state_management@@A 1001c368     libucrt:new_mode.obj
 0003:00001374       ?__acrt_app_type@@3W4_crt_app_type@@A 1001c374     libucrt:report_runtime_error.obj
 0003:00001378       ?internal_pst@?1??__mbrtoc32_utf8@__crt_mbstring@@YAIPA_UPBDIPAU_Mbstatet@@@Z@4U3@A 1001c378     libucrt:mbrtoc32.obj
 0003:00001384       __pmatherr_set             1001c384     libucrt:libm_error.obj
 0003:00001390       ?PciDataBase@@3PBU_PCI_DATA_BASE@@B 1001c390     kehelp.obj
 0003:00001394       ?SmbiosData@@3PBU_SMBIOS_INFO@@B 1001c394     kehelp.obj
 0003:00001398       ?TaterData@@3PBU_TATER_INFO@@B 1001c398     kehelp.obj
 0003:0000139c       ?PciIrqTable@@3PBU_PCI_ROUTING_TABLE@@B 1001c39c     kehelp.obj
 0003:000013a0       ?DriverLocation@@3PADA     1001c3a0     kehelp.obj
 0003:000014a4       ?BiosData@@3PBEB           1001c4a4     kehelp.obj
 0003:000014a8       ?BiosSpace@@3PBEB          1001c4a8     kehelp.obj
 0004:000000a0       $R000000                   1001d0a0     kehelper.res
 0004:00000378       $R0002D8                   1001d378     kehelper.res
