 firmware

 Timestamp is 6479b90e (Fri Jun  2 05:40:30 2023)

 Preferred load address is 00400000

 Start         Length     Name                   Class
 0001:00000000 00000010H .text$di                CODE
 0001:00000010 00013f10H .text$mn                CODE
 0001:00013f20 000000f0H .text$x                 CODE
 0001:00014010 0000000cH .text$yd                CODE
 0002:00000000 00000184H .idata$5                DATA
 0002:00000184 00000004H .00cfg                  DATA
 0002:00000188 00000004H .CRT$XCA                DATA
 0002:0000018c 00000004H .CRT$XCAA               DATA
 0002:00000190 00000004H .CRT$XCU                DATA
 0002:00000194 00000004H .CRT$XCZ                DATA
 0002:00000198 00000004H .CRT$XIA                DATA
 0002:0000019c 00000004H .CRT$XIAA               DATA
 0002:000001a0 00000004H .CRT$XIAC               DATA
 0002:000001a4 0000000cH .CRT$XIC                DATA
 0002:000001b0 00000004H .CRT$XIZ                DATA
 0002:000001b4 00000004H .CRT$XPA                DATA
 0002:000001b8 00000008H .CRT$XPX                DATA
 0002:000001c0 00000004H .CRT$XPXA               DATA
 0002:000001c4 00000004H .CRT$XPZ                DATA
 0002:000001c8 00000004H .CRT$XTA                DATA
 0002:000001cc 00000004H .CRT$XTZ                DATA
 0002:000001d0 00000000H .gfids$y                DATA
 0002:000001d0 00005938H .rdata                  DATA
 0002:00005b08 000001c8H .rdata$r                DATA
 0002:00005cd0 00000028H .rdata$sxdata           DATA
 0002:00005cf8 0000039cH .rdata$zzzdbg           DATA
 0002:00006094 00000004H .rtc$IAA                DATA
 0002:00006098 00000004H .rtc$IZZ                DATA
 0002:0000609c 00000004H .rtc$TAA                DATA
 0002:000060a0 00000008H .rtc$TZZ                DATA
 0002:000060a8 00000758H .xdata$x                DATA
 0002:00006800 000000c8H .edata                  DATA
 0002:000068c8 00000064H .idata$2                DATA
 0002:0000692c 00000014H .idata$3                DATA
 0002:00006940 00000184H .idata$4                DATA
 0002:00006ac4 0000077cH .idata$6                DATA
 0003:00000000 000008d0H .data                   DATA
 0003:000008d0 000000d0H .data$r                 DATA
 0003:000009a0 00000a34H .bss                    DATA
 0004:00000000 000000a0H .rsrc$01                DATA
 0004:000000a0 00000458H .rsrc$02                DATA

  Address         Publics by Value              Rva+Base       Lib:Object

 0000:00000000       ___guard_iat_count         00000000     <absolute>
 0000:00000000       ___guard_fids_count        00000000     <absolute>
 0000:00000000       ___guard_longjmp_table     00000000     <absolute>
 0000:00000000       ___guard_longjmp_count     00000000     <absolute>
 0000:00000000       ___hybrid_code_map_count   00000000     <absolute>
 0000:00000000       __except_list              00000000     <absolute>
 0000:00000000       ___hybrid_auxiliary_iat    00000000     <absolute>
 0000:00000000       ___guard_fids_table        00000000     <absolute>
 0000:00000000       ___dynamic_value_reloc_table 00000000     <absolute>
 0000:00000000       ___guard_iat_table         00000000     <absolute>
 0000:00000000       ___volatile_metadata       00000000     <absolute>
 0000:00000000       ___enclave_config          00000000     <absolute>
 0000:00000000       ___hybrid_code_map         00000000     <absolute>
 0000:0000000a       ___safe_se_handler_count   0000000a     <absolute>
 0000:00000100       ___guard_flags             00000100     <absolute>
 0000:00000000       ___ImageBase               00400000     <linker-defined>
 0001:00000010       ___local_stdio_printf_options 00401010 f i tvt_Firmware.obj
 0001:00000020       _wprintf                   00401020 f i tvt_Firmware.obj
 0001:00000050       ?swprintf@@YAHQA_WQB_WZZ   00401050 f i tvt_Firmware.obj
 0001:00000080       ??1_bstr_t@@QAE@XZ         00401080 f i tvt_Firmware.obj
 0001:000000e0       ??0XmlWriter@@QAE@ABV0@@Z  004010e0 f i tvt_Firmware.obj
 0001:000001d0       ??4XmlWriter@@QAEAAV0@ABV0@@Z 004011d0 f i tvt_Firmware.obj
 0001:000002c0       ??_EXmlWriter@@UAEPAXI@Z   004012c0 f i tvt_Firmware.obj
 0001:00000370       ?ListDevices@@YAXPBU_GUID@@PB_WAAVXmlWriter@@@Z 00401370 f   tvt_Firmware.obj
 0001:00000680       ?SystemBios@@YAXAAVXmlWriter@@@Z 00401680 f   tvt_Firmware.obj
 0001:000009f0       __get_startup_new_mode     004019f0 f   LIBCMT:new_mode.obj
 0001:000009f0       ___scrt_initialize_winrt   004019f0 f   LIBCMT:utility_desktop.obj
 0001:000009f0       __get_startup_commit_mode  004019f0 f   LIBCMT:commit_mode.obj
 0001:000009f0       __get_startup_thread_locale_mode 004019f0 f   LIBCMT:thread_locale.obj
 0001:000009f0       ___scrt_stub_for_initialize_mta 004019f0 f   LIBCMT:utility_desktop.obj
 0001:000009f0       _Initialize                004019f0 f   tvt_Firmware.obj
 0001:000009f0       ___scrt_exe_initialize_mta 004019f0 f   LIBCMT:utility_desktop.obj
 0001:000009f0       __matherr                  004019f0 f   LIBCMT:matherr.obj
 0001:00000a00       _Execute                   00401a00 f   tvt_Firmware.obj
 0001:00000af0       _main                      00401af0 f   tvt_Firmware.obj
 0001:00000b20       ?_com_issue_error@@YGXJ@Z  00401b20 f   comsuppw:comsupp.obj
 0001:00000b40       ?ConvertBSTRToString@_com_util@@YGPADPA_W@Z 00401b40 f   comsuppw:comutil.obj
 0001:00000c60       ?ConvertStringToBSTR@_com_util@@YGPA_WPBD@Z 00401c60 f   comsuppw:comutil.obj
 0001:00000e00       ??0_com_error@@QAE@ABV0@@Z 00401e00 f i comsuppw:comraise.obj
 0001:00000e40       ??0_com_error@@QAE@JPAUIErrorInfo@@_N@Z 00401e40 f i comsuppw:comraise.obj
 0001:00000e90       ??1_com_error@@UAE@XZ      00401e90 f i comsuppw:comraise.obj
 0001:00000ed0       ??_E_com_error@@UAEPAXI@Z  00401ed0 f i comsuppw:comraise.obj
 0001:00000ed0       ??_G_com_error@@UAEPAXI@Z  00401ed0 f i comsuppw:comraise.obj
 0001:00000f20       ?_com_raise_error@@YGXJPAUIErrorInfo@@@Z 00401f20 f   comsuppw:comraise.obj
 0001:00000f45       @__security_check_cookie@4 00401f45 f   LIBCMT:secchk.obj
 0001:00000f56       ??_V@YAXPAX@Z              00401f56 f   LIBCMT:delete_array.obj
 0001:00000f5b       ??_V@YAXPAXI@Z             00401f5b f   LIBCMT:delete_array_size.obj
 0001:00000f69       ___raise_securityfailure   00401f69 f   LIBCMT:gs_report.obj
 0001:00000f91       ___report_gsfailure        00401f91 f   LIBCMT:gs_report.obj
 0001:0000108a       ??2@YAPAXI@Z               0040208a f   LIBCMT:new_scalar.obj
 0001:000010ba       ??_M@YGXPAXIIP6EX0@Z@Z     004020ba f   LIBCMT:ehvecdtr.obj
 0001:0000113f       ?__ArrayUnwind@@YGXPAXIIP6EX0@Z@Z 0040213f f   LIBCMT:ehvecdtr.obj
 0001:000011b8       ??3@YAXPAXI@Z              004021b8 f   LIBCMT:delete_scalar_size.obj
 0001:000011c6       ??_Etype_info@@UAEPAXI@Z   004021c6 f i LIBCMT:std_type_info_static.obj
 0001:000011c6       ??_Gtype_info@@UAEPAXI@Z   004021c6 f i LIBCMT:std_type_info_static.obj
 0001:00001430       _mainCRTStartup            00402430 f   LIBCMT:exe_main.obj
 0001:0000143a       __initialize_invalid_parameter_handler 0040243a f i LIBCMT:invalid_parameter_handler.obj
 0001:0000143a       @_guard_check_icall_nop@4  0040243a f i LIBCMT:guard_support.obj
 0001:0000143a       __initialize_denormal_control 0040243a f i LIBCMT:denormal_control.obj
 0001:0000143b       ??_U@YAPAXI@Z              0040243b f   LIBCMT:new_array.obj
 0001:00001444       ??$__crt_fast_encode_pointer@PAP6AXXZ@@YAPAP6AXXZQAP6AXXZ@Z 00402444 f i LIBCMT:utility.obj
 0001:00001444       ??$__crt_fast_encode_pointer@PAX@@YAPAXQAX@Z 00402444 f i libvcruntime:winapi_downlevel.obj
 0001:000014a5       ___scrt_acquire_startup_lock 004024a5 f   LIBCMT:utility.obj
 0001:000014d7       ___scrt_initialize_crt     004024d7 f   LIBCMT:utility.obj
 0001:00001510       ___scrt_initialize_onexit_tables 00402510 f   LIBCMT:utility.obj
 0001:000015b5       ___scrt_is_nonwritable_in_current_image 004025b5 f   LIBCMT:utility.obj
 0001:00001649       ___scrt_release_startup_lock 00402649 f   LIBCMT:utility.obj
 0001:00001666       ___scrt_uninitialize_crt   00402666 f   LIBCMT:utility.obj
 0001:0000168e       __onexit                   0040268e f   LIBCMT:utility.obj
 0001:000016c9       _atexit                    004026c9 f   LIBCMT:utility.obj
 0001:000016e0       __alloca_probe_16          004026e0 f   LIBCMT:alloca16.obj
 0001:000016f6       __alloca_probe_8           004026f6     LIBCMT:alloca16.obj
 0001:0000170c       ??3@YAXPAX@Z               0040270c f   LIBCMT:delete_scalar.obj
 0001:00001711       ??0bad_alloc@std@@QAE@ABV01@@Z 00402711 f i LIBCMT:throw_bad_alloc.obj
 0001:0000172c       ??0bad_alloc@std@@QAE@XZ   0040272c f i LIBCMT:throw_bad_alloc.obj
 0001:00001744       ??0bad_array_new_length@std@@QAE@ABV01@@Z 00402744 f i LIBCMT:throw_bad_alloc.obj
 0001:0000175f       ??0bad_array_new_length@std@@QAE@XZ 0040275f f i LIBCMT:throw_bad_alloc.obj
 0001:00001777       ??0exception@std@@QAE@ABV01@@Z 00402777 f i LIBCMT:throw_bad_alloc.obj
 0001:000017a3       ??1bad_exception@std@@UAE@XZ 004027a3 f i libvcruntime:frame.obj
 0001:000017a3       ??1bad_alloc@std@@UAE@XZ   004027a3 f i LIBCMT:throw_bad_alloc.obj
 0001:000017a3       ??1bad_array_new_length@std@@UAE@XZ 004027a3 f i LIBCMT:throw_bad_alloc.obj
 0001:000017b4       ??_Ebad_exception@std@@UAEPAXI@Z 004027b4 f i libvcruntime:frame.obj
 0001:000017b4       ??_Gexception@std@@UAEPAXI@Z 004027b4 f i LIBCMT:throw_bad_alloc.obj
 0001:000017b4       ??_Ebad_alloc@std@@UAEPAXI@Z 004027b4 f i LIBCMT:throw_bad_alloc.obj
 0001:000017b4       ??_Ebad_array_new_length@std@@UAEPAXI@Z 004027b4 f i LIBCMT:throw_bad_alloc.obj
 0001:000017b4       ??_Gbad_alloc@std@@UAEPAXI@Z 004027b4 f i LIBCMT:throw_bad_alloc.obj
 0001:000017b4       ??_Gbad_array_new_length@std@@UAEPAXI@Z 004027b4 f i LIBCMT:throw_bad_alloc.obj
 0001:000017b4       ??_Gbad_exception@std@@UAEPAXI@Z 004027b4 f i libvcruntime:frame.obj
 0001:000017b4       ??_Eexception@std@@UAEPAXI@Z 004027b4 f i LIBCMT:throw_bad_alloc.obj
 0001:000017e1       ?__scrt_throw_std_bad_alloc@@YAXXZ 004027e1 f   LIBCMT:throw_bad_alloc.obj
 0001:000017fe       ?__scrt_throw_std_bad_array_new_length@@YAXXZ 004027fe f   LIBCMT:throw_bad_alloc.obj
 0001:0000181b       ?what@exception@std@@UBEPBDXZ 0040281b f i LIBCMT:throw_bad_alloc.obj
 0001:00001830       __SEH_prolog4              00402830 f   LIBCMT:sehprolg4.obj
 0001:00001876       __SEH_epilog4              00402876 f   LIBCMT:sehprolg4.obj
 0001:000018d8       ___security_init_cookie    004028d8 f   LIBCMT:gs_support.obj
 0001:00001923       __get_startup_argv_mode    00402923 f   LIBCMT:argv_mode.obj
 0001:00001927       __get_startup_file_mode    00402927 f   LIBCMT:file_mode.obj
 0001:0000192d       ?__scrt_initialize_type_info@@YAXXZ 0040292d f   LIBCMT:tncleanup.obj
 0001:00001939       __should_initialize_environment 00402939 f   LIBCMT:env_mode.obj
 0001:00001939       ___acrt_uninitialize_command_line 00402939 f   libucrt:argv_data.obj
 0001:0000193c       __initialize_default_precision 0040293c f   LIBCMT:default_precision.obj
 0001:0000195d       ___local_stdio_scanf_options 0040295d f i LIBCMT:default_local_stdio_options.obj
 0001:00001963       ___scrt_initialize_default_local_stdio_options 00402963 f   LIBCMT:default_local_stdio_options.obj
 0001:00001980       ___scrt_is_user_matherr_present 00402980 f   LIBCMT:matherr_detection.obj
 0001:0000198c       ___scrt_get_dyn_tls_init_callback 0040298c f   LIBCMT:dyn_tls_init.obj
 0001:00001992       ___scrt_get_dyn_tls_dtor_callback 00402992 f   LIBCMT:dyn_tls_dtor.obj
 0001:00001998       ___scrt_fastfail           00402998 f   LIBCMT:utility_desktop.obj
 0001:00001ab2       ___scrt_initialize_mta     00402ab2 f   LIBCMT:utility_desktop.obj
 0001:00001ab7       ___scrt_is_managed_app     00402ab7 f   LIBCMT:utility_desktop.obj
 0001:00001afa       ___scrt_set_unhandled_exception_filter 00402afa f   LIBCMT:utility_desktop.obj
 0001:00001b06       ___scrt_unhandled_exception_filter@4 00402b06 f   LIBCMT:utility_desktop.obj
 0001:00001b47       __crt_debugger_hook        00402b47 f   LIBCMT:utility_desktop.obj
 0001:00001b4f       __RTC_Initialize           00402b4f f   LIBCMT:initsect.obj
 0001:00001b7b       __RTC_Terminate            00402b7b f   LIBCMT:initsect.obj
 0001:00001ba7       ___isa_available_init      00402ba7 f   LIBCMT:cpu_disp.obj
 0001:00001d3e       ___scrt_is_ucrt_dll_in_use 00402d3e f   LIBCMT:ucrt_detection.obj
 0001:00001d50       __alloca_probe             00402d50 f   LIBCMT:chkstk.obj
 0001:00001d50       __chkstk                   00402d50 f   LIBCMT:chkstk.obj
 0001:00001d7d       ?GetRangeOfTrysToCheck@__FrameHandler3@@SA?AU?$pair@Viterator@TryBlockMap@__FrameHandler3@@V123@@std@@AAVTryBlockMap@1@HH@Z 00402d7d f   libvcruntime:trnsctrl.obj
 0001:00001dff       ?_CallCatchBlock2@@YAPAXPAUEHRegistrationNode@@PBU_s_FuncInfo@@PAXHK@Z 00402dff f   libvcruntime:trnsctrl.obj
 0001:00001e5d       ?_CallSETranslator@@YAHPAUEHExceptionRecord@@PAUEHRegistrationNode@@PAX2PBU_s_FuncInfo@@H1@Z 00402e5d f   libvcruntime:trnsctrl.obj
 0001:00001f38       ?_JumpToContinuation@@YGXPAXPAUEHRegistrationNode@@@Z 00402f38 f   libvcruntime:trnsctrl.obj
 0001:00001f68       ?_UnwindNestedFrames@@YGXPAUEHRegistrationNode@@PAUEHExceptionRecord@@@Z 00402f68 f   libvcruntime:trnsctrl.obj
 0001:00001fbb       __CatchGuardHandler        00402fbb f   libvcruntime:trnsctrl.obj
 0001:00001fec       __CreateFrameInfo          00402fec f   libvcruntime:trnsctrl.obj
 0001:00002010       __FindAndUnlinkFrame       00403010 f   libvcruntime:trnsctrl.obj
 0001:00002055       __TranslatorGuardHandler   00403055 f   libvcruntime:trnsctrl.obj
 0001:000020f2       ___CxxFrameHandler3        004030f2 f   libvcruntime:trnsctrl.obj
 0001:00002128       ___DestructExceptionObject 00403128 f   libvcruntime:ehhelpers.obj
 0001:000021c8       ?_CallMemberFunction0@@YGXQAX0@Z 004031c8 f i libvcruntime:ehhelpers.obj
 0001:000021d5       __IsExceptionObjectToBeDestroyed 004031d5 f   libvcruntime:ehhelpers.obj
 0001:000021fb       ___AdjustPointer           004031fb f   libvcruntime:ehhelpers.obj
 0001:00002220       ___FrameUnwindFilter       00403220 f   libvcruntime:ehhelpers.obj
 0001:000022b0       __except_handler4          004032b0 f   libvcruntime:chandler4.obj
 0001:00002407       __CxxThrowException@8      00403407 f   libvcruntime:throw.obj
 0001:00002480       _memset                    00403480 f   libvcruntime:memset.obj
 0001:000025da       ___vcrt_initialize         004035da f   libvcruntime:initialization.obj
 0001:00002603       ___vcrt_uninitialize       00403603 f   libvcruntime:initialization.obj
 0001:00002622       ___std_exception_copy      00403622 f   libvcruntime:std_exception.obj
 0001:00002685       ___std_exception_destroy   00403685 f   libvcruntime:std_exception.obj
 0001:000026a4       ___std_type_info_compare   004036a4 f   libvcruntime:std_type_info.obj
 0001:000026e0       ___vcrt_freefls@4          004036e0 f   libvcruntime:per_thread_data.obj
 0001:000026fc       ___vcrt_getptd             004036fc f   libvcruntime:per_thread_data.obj
 0001:0000270a       ___vcrt_getptd_noexit      0040370a f   libvcruntime:per_thread_data.obj
 0001:0000279c       ___vcrt_initialize_ptd     0040379c f   libvcruntime:per_thread_data.obj
 0001:000027cf       ___vcrt_uninitialize_ptd   004037cf f   libvcruntime:per_thread_data.obj
 0001:00002ee1       ??$TypeMatchHelper@$$CBU_s_HandlerType@@@@YAHPBU_s_HandlerType@@PBU_s_CatchableType@@PBU_s_ThrowInfo@@@Z 00403ee1 f i libvcruntime:frame.obj
 0001:00002f6f       ??$__InternalCxxFrameHandler@V__FrameHandler3@@@@YA?AW4_EXCEPTION_DISPOSITION@@PAUEHExceptionRecord@@PAUEHRegistrationNode@@PAU_CONTEXT@@PAXPBU_s_FuncInfo@@H1E@Z 00403f6f f i libvcruntime:frame.obj
 0001:00003071       ??0bad_exception@std@@QAE@ABV01@@Z 00404071 f i libvcruntime:frame.obj
 0001:0000308c       ??0bad_exception@std@@QAE@XZ 0040408c f i libvcruntime:frame.obj
 0001:000030a4       ??8type_info@@QBE_NABV0@@Z 004040a4 f i libvcruntime:frame.obj
 0001:0000330b       ?FrameUnwindToEmptyState@__FrameHandler3@@SAXPAUEHRegistrationNode@@PAXPBU_s_FuncInfo@@@Z 0040430b f   libvcruntime:frame.obj
 0001:00003323       ?FrameUnwindToState@__FrameHandler3@@SAXPAUEHRegistrationNode@@PAXPBU_s_FuncInfo@@H@Z 00404323 f   libvcruntime:frame.obj
 0001:000034a5       ?_CallMemberFunction1@@YGXQAX00@Z 004044a5 f i libvcruntime:frame.obj
 0001:000034b5       ?_CallMemberFunction2@@YGXQAX00H@Z 004044b5 f i libvcruntime:frame.obj
 0001:000034c8       ?getESTypes@__FrameHandler3@@SAPBU_s_ESTypeList@@PBU_s_FuncInfo@@@Z 004044c8 f i libvcruntime:frame.obj
 0001:000034e0       __CallSettingFrame@12      004044e0 f   libvcruntime:lowhelpr.obj
 0001:00003507       __NLG_Return               00404507     libvcruntime:lowhelpr.obj
 0001:0000352c       ___except_validate_context_record 0040452c f   libvcruntime:jbcxrval.obj
 0001:0000355c       ___except_validate_jump_buffer 0040455c f   libvcruntime:jbcxrval.obj
 0001:00003590       __local_unwind4            00404590 f   libvcruntime:exsup4.obj
 0001:00003668       __seh_longjmp_unwind4@4    00404668 f   libvcruntime:exsup4.obj
 0001:00003690       @_EH4_CallFilterFunc@8     00404690 f   libvcruntime:exsup4.obj
 0001:000036a8       @_EH4_TransferToHandler@8  004046a8 f   libvcruntime:exsup4.obj
 0001:000036c4       @_EH4_GlobalUnwind2@8      004046c4 f   libvcruntime:exsup4.obj
 0001:000036e0       @_EH4_LocalUnwind@16       004046e0 f   libvcruntime:exsup4.obj
 0001:000036f7       ___vcrt_initialize_locks   004046f7 f   libvcruntime:locks.obj
 0001:00003733       ___vcrt_uninitialize_locks 00404733 f   libvcruntime:locks.obj
 0001:00003895       ___vcrt_FlsAlloc           00404895 f   libvcruntime:winapi_downlevel.obj
 0001:000038d0       ___vcrt_FlsFree            004048d0 f   libvcruntime:winapi_downlevel.obj
 0001:0000390b       ___vcrt_FlsGetValue        0040490b f   libvcruntime:winapi_downlevel.obj
 0001:00003946       ___vcrt_FlsSetValue        00404946 f   libvcruntime:winapi_downlevel.obj
 0001:00003984       ___vcrt_InitializeCriticalSectionEx 00404984 f   libvcruntime:winapi_downlevel.obj
 0001:000039cb       ___vcrt_initialize_winapi_thunks 004049cb f   libvcruntime:winapi_downlevel.obj
 0001:000039f4       ___vcrt_uninitialize_winapi_thunks 004049f4 f   libvcruntime:winapi_downlevel.obj
 0001:00003a26       ___vcrt_initialize_pure_virtual_call_handler 00404a26 f   libvcruntime:purevirt_data.obj
 0001:00003a31       _unexpected                00404a31 f   libvcruntime:unexpected.obj
 0001:00003a4e       ?GetCurrentState@__FrameHandler3@@SAHPAUEHRegistrationNode@@PAXPBU_s_FuncInfo@@@Z 00404a4e f   libvcruntime:ehstate.obj
 0001:00003a6b       ?SetState@__FrameHandler3@@SAXPAUEHRegistrationNode@@PBU_s_FuncInfo@@H@Z 00404a6b f   libvcruntime:ehstate.obj
 0001:00003a80       _memmove                   00404a80 f   libvcruntime:memmove.obj
 0001:00004000       __global_unwind2           00405000 f   libvcruntime:exsup.obj
 0001:00004066       __local_unwind2            00405066 f   libvcruntime:exsup.obj
 0001:000040ea       __abnormal_termination     004050ea f   libvcruntime:exsup.obj
 0001:00004110       __NLG_Notify1              00405110 f   libvcruntime:exsup.obj
 0001:0000411c       __NLG_Notify               0040511c f   libvcruntime:exsup.obj
 0001:00004133       __NLG_Dispatch             00405133     libvcruntime:exsup.obj
 0001:00004133       __NLG_Dispatch2            00405133     libvcruntime:exsup.obj
 0001:0000413b       __NLG_Call                 0040513b f   libvcruntime:exsup.obj
 0001:0000413d       __NLG_Return2              0040513d     libvcruntime:exsup.obj
 0001:00004140       _memcpy                    00405140 f   libvcruntime:memcpy.obj
 0001:000046b4       ___acrt_initialize_stdio   004056b4 f   libucrt:_file.obj
 0001:0000477c       ___acrt_iob_func           0040577c f   libucrt:_file.obj
 0001:0000478c       ___acrt_uninitialize_stdio 0040578c f   libucrt:_file.obj
 0001:000047d8       __lock_file                004057d8 f   libucrt:_file.obj
 0001:000047ec       __unlock_file              004057ec f   libucrt:_file.obj
 0001:000049da       ??$count@D@formatting_buffer@__crt_stdio_output@@QBEIXZ 004059da f i libucrt:output.obj
 0001:000049f2       ??$count@_W@formatting_buffer@__crt_stdio_output@@QBEIXZ 004059f2 f i libucrt:output.obj
 0001:00004a0b       ??$ensure_buffer_is_big_enough@D@formatting_buffer@__crt_stdio_output@@QAE_NI@Z 00405a0b f i libucrt:output.obj
 0001:00004a8a       ??$ensure_buffer_is_big_enough@_W@formatting_buffer@__crt_stdio_output@@QAE_NI@Z 00405a8a f i libucrt:output.obj
 0001:00004b0a       ??$is_wide_character_specifier@_W@__crt_stdio_output@@YA_N_K_WW4length_modifier@0@@Z 00405b0a f i libucrt:output.obj
 0001:00004b58       ??$scratch_data@D@formatting_buffer@__crt_stdio_output@@QAEPADXZ 00405b58 f i libucrt:output.obj
 0001:00004b76       ??$type_case_integer_parse_into_buffer@I@?$output_processor@_WV?$string_output_adapter@_W@__crt_stdio_output@@V?$standard_base@_WV?$string_output_adapter@_W@__crt_stdio_output@@@2@@__crt_stdio_output@@AAEXII_N@Z 00405b76 f i libucrt:output.obj
 0001:00004b76       ??$type_case_integer_parse_into_buffer@I@?$output_processor@_WV?$stream_output_adapter@_W@__crt_stdio_output@@V?$standard_base@_WV?$stream_output_adapter@_W@__crt_stdio_output@@@2@@__crt_stdio_output@@AAEXII_N@Z 00405b76 f i libucrt:output.obj
 0001:00004bfd       ??$type_case_integer_parse_into_buffer@_K@?$output_processor@_WV?$stream_output_adapter@_W@__crt_stdio_output@@V?$standard_base@_WV?$stream_output_adapter@_W@__crt_stdio_output@@@2@@__crt_stdio_output@@AAEX_KI_N@Z 00405bfd f i libucrt:output.obj
 0001:00004bfd       ??$type_case_integer_parse_into_buffer@_K@?$output_processor@_WV?$string_output_adapter@_W@__crt_stdio_output@@V?$standard_base@_WV?$string_output_adapter@_W@__crt_stdio_output@@@2@@__crt_stdio_output@@AAEX_KI_N@Z 00405bfd f i libucrt:output.obj
 0001:00004ca1       ??$write_multiple_characters@V?$stream_output_adapter@_W@__crt_stdio_output@@D@__crt_stdio_output@@YAXABV?$stream_output_adapter@_W@0@DHQAH@Z 00405ca1 f i libucrt:output.obj
 0001:00004ce1       ??$write_multiple_characters@V?$string_output_adapter@_W@__crt_stdio_output@@D@__crt_stdio_output@@YAXABV?$string_output_adapter@_W@0@DHQAH@Z 00405ce1 f i libucrt:output.obj
 0001:00004d12       ??0?$common_data@_W@__crt_stdio_output@@IAE@XZ 00405d12 f i libucrt:output.obj
 0001:00004d5e       ??0?$output_adapter_data@_WV?$stream_output_adapter@_W@__crt_stdio_output@@@__crt_stdio_output@@IAE@ABV?$stream_output_adapter@_W@1@_KQB_WQAU__crt_locale_pointers@@QAD@Z 00405d5e f i libucrt:output.obj
 0001:00004d5e       ??0?$output_adapter_data@_WV?$string_output_adapter@_W@__crt_stdio_output@@@__crt_stdio_output@@IAE@ABV?$string_output_adapter@_W@1@_KQB_WQAU__crt_locale_pointers@@QAD@Z 00405d5e f i libucrt:output.obj
 0001:00004d9a       ??0_LocaleUpdate@@QAE@QAU__crt_locale_pointers@@@Z 00405d9a f i libucrt:output.obj
 0001:00004e1d       ??1formatting_buffer@__crt_stdio_output@@QAE@XZ 00405e1d f i libucrt:output.obj
 0001:00004e37       ??4?$__crt_unique_heap_ptr@DU__crt_internal_free_policy@@@@QAEAAV0@$$QAV0@@Z 00405e37 f i libucrt:output.obj
 0001:00004f1c       ?crop_zeroes@__crt_stdio_output@@YAXPADQAU__crt_locale_pointers@@@Z 00405f1c f i libucrt:output.obj
 0001:00004f7c       ?find_next_state@?$output_processor@_WV?$stream_output_adapter@_W@__crt_stdio_output@@V?$standard_base@_WV?$stream_output_adapter@_W@__crt_stdio_output@@@2@@__crt_stdio_output@@ABE?AW4state@2@_WW432@@Z 00405f7c f i libucrt:output.obj
 0001:00004f7c       ?find_next_state@?$output_processor@_WV?$string_output_adapter@_W@__crt_stdio_output@@V?$standard_base@_WV?$string_output_adapter@_W@__crt_stdio_output@@@2@@__crt_stdio_output@@ABE?AW4state@2@_WW432@@Z 00405f7c f i libucrt:output.obj
 0001:00004fbd       ?force_decimal_point@__crt_stdio_output@@YAXPADQAU__crt_locale_pointers@@@Z 00405fbd f i libucrt:output.obj
 0001:00005019       ?parse_int_from_format_string@?$output_processor@_WV?$string_output_adapter@_W@__crt_stdio_output@@V?$standard_base@_WV?$string_output_adapter@_W@__crt_stdio_output@@@2@@__crt_stdio_output@@AAE_NQAH@Z 00406019 f i libucrt:output.obj
 0001:00005019       ?parse_int_from_format_string@?$output_processor@_WV?$stream_output_adapter@_W@__crt_stdio_output@@V?$standard_base@_WV?$stream_output_adapter@_W@__crt_stdio_output@@@2@@__crt_stdio_output@@AAE_NQAH@Z 00406019 f i libucrt:output.obj
 0001:00005091       ?process@?$output_processor@_WV?$stream_output_adapter@_W@__crt_stdio_output@@V?$standard_base@_WV?$stream_output_adapter@_W@__crt_stdio_output@@@2@@__crt_stdio_output@@QAEHXZ 00406091 f i libucrt:output.obj
 0001:000051ad       ?process@?$output_processor@_WV?$string_output_adapter@_W@__crt_stdio_output@@V?$standard_base@_WV?$string_output_adapter@_W@__crt_stdio_output@@@2@@__crt_stdio_output@@QAEHXZ 004061ad f i libucrt:output.obj
 0001:000052c9       ?state_case_flag@?$output_processor@_WV?$stream_output_adapter@_W@__crt_stdio_output@@V?$standard_base@_WV?$stream_output_adapter@_W@__crt_stdio_output@@@2@@__crt_stdio_output@@AAE_NXZ 004062c9 f i libucrt:output.obj
 0001:000052c9       ?state_case_flag@?$output_processor@_WV?$string_output_adapter@_W@__crt_stdio_output@@V?$standard_base@_WV?$string_output_adapter@_W@__crt_stdio_output@@@2@@__crt_stdio_output@@AAE_NXZ 004062c9 f i libucrt:output.obj
 0001:00005306       ?state_case_normal@?$output_processor@_WV?$stream_output_adapter@_W@__crt_stdio_output@@V?$standard_base@_WV?$stream_output_adapter@_W@__crt_stdio_output@@@2@@__crt_stdio_output@@AAE_NXZ 00406306 f i libucrt:output.obj
 0001:00005325       ?state_case_normal@?$output_processor@_WV?$string_output_adapter@_W@__crt_stdio_output@@V?$standard_base@_WV?$string_output_adapter@_W@__crt_stdio_output@@@2@@__crt_stdio_output@@AAE_NXZ 00406325 f i libucrt:output.obj
 0001:00005344       ?state_case_normal_common@?$output_processor@_WV?$stream_output_adapter@_W@__crt_stdio_output@@V?$standard_base@_WV?$stream_output_adapter@_W@__crt_stdio_output@@@2@@__crt_stdio_output@@AAE_NXZ 00406344 f i libucrt:output.obj
 0001:0000536e       ?state_case_normal_common@?$output_processor@_WV?$string_output_adapter@_W@__crt_stdio_output@@V?$standard_base@_WV?$string_output_adapter@_W@__crt_stdio_output@@@2@@__crt_stdio_output@@AAE_NXZ 0040636e f i libucrt:output.obj
 0001:00005389       ?state_case_precision@?$output_processor@_WV?$string_output_adapter@_W@__crt_stdio_output@@V?$standard_base@_WV?$string_output_adapter@_W@__crt_stdio_output@@@2@@__crt_stdio_output@@AAE_NXZ 00406389 f i libucrt:output.obj
 0001:00005389       ?state_case_precision@?$output_processor@_WV?$stream_output_adapter@_W@__crt_stdio_output@@V?$standard_base@_WV?$stream_output_adapter@_W@__crt_stdio_output@@@2@@__crt_stdio_output@@AAE_NXZ 00406389 f i libucrt:output.obj
 0001:000053b0       ?state_case_size@?$output_processor@_WV?$stream_output_adapter@_W@__crt_stdio_output@@V?$standard_base@_WV?$stream_output_adapter@_W@__crt_stdio_output@@@2@@__crt_stdio_output@@AAE_NXZ 004063b0 f i libucrt:output.obj
 0001:00005528       ?state_case_size@?$output_processor@_WV?$string_output_adapter@_W@__crt_stdio_output@@V?$standard_base@_WV?$string_output_adapter@_W@__crt_stdio_output@@@2@@__crt_stdio_output@@AAE_NXZ 00406528 f i libucrt:output.obj
 0001:000056a0       ?state_case_type@?$output_processor@_WV?$stream_output_adapter@_W@__crt_stdio_output@@V?$standard_base@_WV?$stream_output_adapter@_W@__crt_stdio_output@@@2@@__crt_stdio_output@@AAE_NXZ 004066a0 f i libucrt:output.obj
 0001:00005907       ?state_case_type@?$output_processor@_WV?$string_output_adapter@_W@__crt_stdio_output@@V?$standard_base@_WV?$string_output_adapter@_W@__crt_stdio_output@@@2@@__crt_stdio_output@@AAE_NXZ 00406907 f i libucrt:output.obj
 0001:00005b6e       ?state_case_width@?$output_processor@_WV?$stream_output_adapter@_W@__crt_stdio_output@@V?$standard_base@_WV?$stream_output_adapter@_W@__crt_stdio_output@@@2@@__crt_stdio_output@@AAE_NXZ 00406b6e f i libucrt:output.obj
 0001:00005b6e       ?state_case_width@?$output_processor@_WV?$string_output_adapter@_W@__crt_stdio_output@@V?$standard_base@_WV?$string_output_adapter@_W@__crt_stdio_output@@@2@@__crt_stdio_output@@AAE_NXZ 00406b6e f i libucrt:output.obj
 0001:00005b9a       ?to_integer_size@__crt_stdio_output@@YAIW4length_modifier@1@@Z 00406b9a f i libucrt:output.obj
 0001:00005bee       ?type_case_Z@?$output_processor@_WV?$stream_output_adapter@_W@__crt_stdio_output@@V?$standard_base@_WV?$stream_output_adapter@_W@__crt_stdio_output@@@2@@__crt_stdio_output@@AAE_NXZ 00406bee f i libucrt:output.obj
 0001:00005bee       ?type_case_Z@?$output_processor@_WV?$string_output_adapter@_W@__crt_stdio_output@@V?$standard_base@_WV?$string_output_adapter@_W@__crt_stdio_output@@@2@@__crt_stdio_output@@AAE_NXZ 00406bee f i libucrt:output.obj
 0001:00005c4a       ?type_case_a@?$output_processor@_WV?$string_output_adapter@_W@__crt_stdio_output@@V?$standard_base@_WV?$string_output_adapter@_W@__crt_stdio_output@@@2@@__crt_stdio_output@@AAE_NXZ 00406c4a f i libucrt:output.obj
 0001:00005c4a       ?type_case_a@?$output_processor@_WV?$stream_output_adapter@_W@__crt_stdio_output@@V?$standard_base@_WV?$stream_output_adapter@_W@__crt_stdio_output@@@2@@__crt_stdio_output@@AAE_NXZ 00406c4a f i libucrt:output.obj
 0001:00005db9       ?type_case_c_tchar@?$output_processor@_WV?$string_output_adapter@_W@__crt_stdio_output@@V?$standard_base@_WV?$string_output_adapter@_W@__crt_stdio_output@@@2@@__crt_stdio_output@@AAE_N_W@Z 00406db9 f i libucrt:output.obj
 0001:00005db9       ?type_case_c_tchar@?$output_processor@_WV?$stream_output_adapter@_W@__crt_stdio_output@@V?$standard_base@_WV?$stream_output_adapter@_W@__crt_stdio_output@@@2@@__crt_stdio_output@@AAE_N_W@Z 00406db9 f i libucrt:output.obj
 0001:00005e51       ?type_case_integer@?$output_processor@_WV?$stream_output_adapter@_W@__crt_stdio_output@@V?$standard_base@_WV?$stream_output_adapter@_W@__crt_stdio_output@@@2@@__crt_stdio_output@@AAE_NI_N@Z 00406e51 f i libucrt:output.obj
 0001:00005e51       ?type_case_integer@?$output_processor@_WV?$string_output_adapter@_W@__crt_stdio_output@@V?$standard_base@_WV?$string_output_adapter@_W@__crt_stdio_output@@@2@@__crt_stdio_output@@AAE_NI_N@Z 00406e51 f i libucrt:output.obj
 0001:00005fa8       ?type_case_n@?$output_processor@_WV?$string_output_adapter@_W@__crt_stdio_output@@V?$standard_base@_WV?$string_output_adapter@_W@__crt_stdio_output@@@2@@__crt_stdio_output@@AAE_NXZ 00406fa8 f i libucrt:output.obj
 0001:00005fa8       ?type_case_n@?$output_processor@_WV?$stream_output_adapter@_W@__crt_stdio_output@@V?$standard_base@_WV?$stream_output_adapter@_W@__crt_stdio_output@@@2@@__crt_stdio_output@@AAE_NXZ 00406fa8 f i libucrt:output.obj
 0001:0000601c       ?type_case_o@?$output_processor@_WV?$stream_output_adapter@_W@__crt_stdio_output@@V?$standard_base@_WV?$stream_output_adapter@_W@__crt_stdio_output@@@2@@__crt_stdio_output@@AAE_NXZ 0040701c f i libucrt:output.obj
 0001:0000601c       ?type_case_o@?$output_processor@_WV?$string_output_adapter@_W@__crt_stdio_output@@V?$standard_base@_WV?$string_output_adapter@_W@__crt_stdio_output@@@2@@__crt_stdio_output@@AAE_NXZ 0040701c f i libucrt:output.obj
 0001:0000603b       ?type_case_p@?$output_processor@_WV?$string_output_adapter@_W@__crt_stdio_output@@V?$standard_base@_WV?$string_output_adapter@_W@__crt_stdio_output@@@2@@__crt_stdio_output@@AAE_NXZ 0040703b f i libucrt:output.obj
 0001:0000603b       ?type_case_p@?$output_processor@_WV?$stream_output_adapter@_W@__crt_stdio_output@@V?$standard_base@_WV?$stream_output_adapter@_W@__crt_stdio_output@@@2@@__crt_stdio_output@@AAE_NXZ 0040703b f i libucrt:output.obj
 0001:00006053       ?type_case_s@?$output_processor@_WV?$stream_output_adapter@_W@__crt_stdio_output@@V?$standard_base@_WV?$stream_output_adapter@_W@__crt_stdio_output@@@2@@__crt_stdio_output@@AAE_NXZ 00407053 f i libucrt:output.obj
 0001:00006053       ?type_case_s@?$output_processor@_WV?$string_output_adapter@_W@__crt_stdio_output@@V?$standard_base@_WV?$string_output_adapter@_W@__crt_stdio_output@@@2@@__crt_stdio_output@@AAE_NXZ 00407053 f i libucrt:output.obj
 0001:000060c6       ?type_case_s_compute_narrow_string_length@?$output_processor@_WV?$string_output_adapter@_W@__crt_stdio_output@@V?$standard_base@_WV?$string_output_adapter@_W@__crt_stdio_output@@@2@@__crt_stdio_output@@ABEHH_W@Z 004070c6 f i libucrt:output.obj
 0001:000060c6       ?type_case_s_compute_narrow_string_length@?$output_processor@_WV?$stream_output_adapter@_W@__crt_stdio_output@@V?$standard_base@_WV?$stream_output_adapter@_W@__crt_stdio_output@@@2@@__crt_stdio_output@@ABEHH_W@Z 004070c6 f i libucrt:output.obj
 0001:0000610d       ?validate@?$c_string_character_source@_W@__crt_strtox@@QBE_NXZ 0040710d f i libucrt:atox.obj
 0001:0000610d       ?validate@?$string_output_adapter@_W@__crt_stdio_output@@QBE_NXZ 0040710d f i libucrt:output.obj
 0001:0000610d       ?validate@?$stream_output_adapter@_W@__crt_stdio_output@@QBE_NXZ 0040710d f i libucrt:output.obj
 0001:00006128       ?write_character@?$string_output_adapter@_W@__crt_stdio_output@@QBE_N_WQAH@Z 00407128 f i libucrt:output.obj
 0001:0000616d       ?write_character_without_count_update@?$stream_output_adapter@_W@__crt_stdio_output@@QBE_N_W@Z 0040716d f i libucrt:output.obj
 0001:000061a6       ?write_stored_string_tchar@?$output_processor@_WV?$stream_output_adapter@_W@__crt_stdio_output@@V?$standard_base@_WV?$stream_output_adapter@_W@__crt_stdio_output@@@2@@__crt_stdio_output@@AAE_N_W@Z 004071a6 f i libucrt:output.obj
 0001:0000623b       ?write_stored_string_tchar@?$output_processor@_WV?$string_output_adapter@_W@__crt_stdio_output@@V?$standard_base@_WV?$string_output_adapter@_W@__crt_stdio_output@@@2@@__crt_stdio_output@@AAE_N_W@Z 0040723b f i libucrt:output.obj
 0001:000062d0       ?write_string@?$stream_output_adapter@_W@__crt_stdio_output@@QBEXQB_WHQAHAAV__crt_deferred_errno_cache@@@Z 004072d0 f i libucrt:output.obj
 0001:000062fc       ?write_string@?$string_output_adapter@_W@__crt_stdio_output@@QBEXQB_WHQAHAAV__crt_deferred_errno_cache@@@Z 004072fc f i libucrt:output.obj
 0001:0000636f       ?write_string_impl@?$output_adapter_common@_WV?$stream_output_adapter@_W@__crt_stdio_output@@@__crt_stdio_output@@IBEXQB_WHQAHAAV__crt_deferred_errno_cache@@@Z 0040736f f i libucrt:output.obj
 0001:00006412       ___acrt_locale_get_ctype_array_value 00407412 f i libucrt:output.obj
 0001:00006434       ___stdio_common_vfwprintf  00407434 f   libucrt:output.obj
 0001:000064b9       ___stdio_common_vswprintf  004074b9 f   libucrt:output.obj
 0001:000064dd       _wcscpy_s                  004074dd f   libucrt:wcscpy_s.obj
 0001:00006541       ___acrt_wcstok_s_novalidation 00407541 f   libucrt:wcstok_s.obj
 0001:0000661c       _wcstok_s                  0040761c f   libucrt:wcstok_s.obj
 0001:0000665e       _wcsncmp                   0040765e f   libucrt:wcsncmp.obj
 0001:00006698       _free                      00407698 f   libucrt:free.obj
 0001:000066b5       _malloc                    004076b5 f   libucrt:malloc.obj
 0001:000066c0       ___acrt_initialize_new_handler 004076c0 f   libucrt:new_handler.obj
 0001:000066cf       __callnewh                 004076cf f   libucrt:new_handler.obj
 0001:000066fc       __query_new_handler        004076fc f   libucrt:new_handler.obj
 0001:0000674e       _terminate                 0040774e f   libucrt:terminate.obj
 0001:0000678a       __seh_filter_exe           0040778a f   libucrt:exception_filter.obj
 0001:000068e4       __query_app_type           004078e4 f   libucrt:report_runtime_error.obj
 0001:000068ea       __set_app_type             004078ea f   libucrt:report_runtime_error.obj
 0001:000068f9       ??$__crt_fast_encode_pointer@P6AHPAU_exception@@@Z@@YAP6AHPAU_exception@@@ZQ6AH0@Z@Z 004078f9 f i libucrt:matherr.obj
 0001:000068f9       ??$__crt_fast_encode_pointer@P6AHXZ@@YAP6AHXZQ6AHXZ@Z 004078f9 f i libucrt:onexit.obj
 0001:000068f9       ??$__crt_fast_encode_pointer@P6GXPAXK0@Z@@YAP6GXPAXK0@ZQ6GX0K0@Z@Z 004078f9 f i libucrt:exit.obj
 0001:00006918       ___acrt_has_user_matherr   00407918 f   libucrt:matherr.obj
 0001:00006930       ___acrt_initialize_user_matherr 00407930 f   libucrt:matherr.obj
 0001:0000693f       ___acrt_invoke_user_matherr 0040793f f   libucrt:matherr.obj
 0001:00006971       ___setusermatherr          00407971 f   libucrt:matherr.obj
 0001:00006c37       ___acrt_allocate_buffer_for_argv 00407c37 f   libucrt:argv_parsing.obj
 0001:00006c86       __configure_narrow_argv    00407c86 f   libucrt:argv_parsing.obj
 0001:00006e94       ??$uninitialize@A6AXAAPAPA_W@Z@?$dual_state_global@PAPA_W@__crt_state_management@@QAEXA6AXAAPAPA_W@Z@Z 00407e94 f i libucrt:environment_initialization.obj
 0001:00006e94       ??$uninitialize@A6AXAAPAPAD@Z@?$dual_state_global@PAPAD@__crt_state_management@@QAEXA6AXAAPAPAD@Z@Z 00407e94 f i libucrt:environment_initialization.obj
 0001:00006ef3       ___dcrt_get_or_create_narrow_environment_nolock 00407ef3 f   libucrt:environment_initialization.obj
 0001:00006ef8       ___dcrt_uninitialize_environments_nolock 00407ef8 f   libucrt:environment_initialization.obj
 0001:00006f2f       __get_initial_narrow_environment 00407f2f f   libucrt:environment_initialization.obj
 0001:00006f43       __initialize_narrow_environment 00407f43 f   libucrt:environment_initialization.obj
 0001:00006f48       __initterm                 00407f48 f   libucrt:initterm.obj
 0001:00006f8f       __initterm_e               00407f8f f   libucrt:initterm.obj
 0001:000071e0       ___acrt_initialize_thread_local_exit_callback 004081e0 f   libucrt:exit.obj
 0001:000071ef       __c_exit                   004081ef f   libucrt:exit.obj
 0001:000071fe       __cexit                    004081fe f   libucrt:exit.obj
 0001:0000720d       __exit                     0040820d f   libucrt:exit.obj
 0001:00007223       __register_thread_local_exe_atexit_callback 00408223 f   libucrt:exit.obj
 0001:00007249       _exit                      00408249 f   libucrt:exit.obj
 0001:0000725f       __set_fmode                0040825f f   libucrt:setmode.obj
 0001:0000729c       ___acrt_initialize_command_line 0040829c f   libucrt:argv_data.obj
 0001:000072b5       ___p___argc                004082b5 f   libucrt:argv_data.obj
 0001:000072bb       ___p___argv                004082bb f   libucrt:argv_data.obj
 0001:00007325       ___acrt_set_locale_changed 00408325 f   libucrt:wsetlocale.obj
 0001:00007330       ___acrt_uninitialize_locale 00408330 f   libucrt:wsetlocale.obj
 0001:00007359       __configthreadlocale       00408359 f   libucrt:wsetlocale.obj
 0001:000073bb       __query_new_mode           004083bb f   libucrt:new_mode.obj
 0001:000073c2       __set_new_mode             004083c2 f   libucrt:new_mode.obj
 0001:000073f1       ___p__commode              004083f1 f   libucrt:ncommode.obj
 0001:000076a0       __crt_atexit               004086a0 f   libucrt:onexit.obj
 0001:000076b6       __execute_onexit_table     004086b6 f   libucrt:onexit.obj
 0001:000076e5       __initialize_onexit_table  004086e5 f   libucrt:onexit.obj
 0001:0000770e       __register_onexit_function 0040870e f   libucrt:onexit.obj
 0001:00007840       ___acrt_initialize         00408840 f   libucrt:initialization.obj
 0001:00007852       ___acrt_uninitialize       00408852 f   libucrt:initialization.obj
 0001:00007882       __controlfp_s              00408882 f   libucrt:contrlfp.obj
 0001:000078e1       _strcpy_s                  004088e1 f   libucrt:strcpy_s.obj
 0001:0000793b       _abort                     0040893b f   libucrt:abort.obj
 0001:0000797f       _calloc                    0040897f f   libucrt:calloc.obj
 0001:0000798a       ??$is_overflow_condition@K@__crt_strtox@@YA_NIK@Z 0040898a f i libucrt:atox.obj
 0001:000079bb       ??$parse_integer@KV?$c_string_character_source@_W@__crt_strtox@@@__crt_strtox@@YAKQAU__crt_locale_pointers@@V?$c_string_character_source@_W@0@H_N@Z 004089bb f i libucrt:atox.obj
 0001:00007ffd       ?unget@?$c_string_character_source@_W@__crt_strtox@@QAEX_W@Z 00408ffd f i libucrt:atox.obj
 0001:0000802b       __chvalidchk_l             0040902b f i libucrt:atox.obj
 0001:00008053       __ischartype_l             00409053 f i libucrt:atox.obj
 0001:00008090       _strncmp                   00409090 f   libucrt:strncmp.obj
 0001:00008108       ___acrt_call_reportfault   00409108 f   libucrt:invalid_parameter.obj
 0001:00008243       ___acrt_initialize_invalid_parameter_handler 00409243 f   libucrt:invalid_parameter.obj
 0001:00008252       __invalid_parameter        00409252 f   libucrt:invalid_parameter.obj
 0001:000082b6       __invalid_parameter_noinfo 004092b6 f   libucrt:invalid_parameter.obj
 0001:000082c6       __invoke_watson            004092c6 f   libucrt:invalid_parameter.obj
 0001:000082fa       ___acrt_errno_from_os_error 004092fa f   libucrt:errno.obj
 0001:0000833d       ___acrt_errno_map_os_error 0040933d f   libucrt:errno.obj
 0001:00008360       ___doserrno                00409360 f   libucrt:errno.obj
 0001:00008373       __errno                    00409373 f   libucrt:errno.obj
 0001:00008386       __calloc_base              00409386 f   libucrt:calloc_base.obj
 0001:000083e3       __free_base                004093e3 f   libucrt:free_base.obj
 0001:000085d1       ___acrt_AppPolicyGetProcessTerminationMethodInternal@4 004095d1 f   libucrt:winapi_thunks.obj
 0001:00008611       ___acrt_AreFileApisANSI@0  00409611 f   libucrt:winapi_thunks.obj
 0001:00008630       ___acrt_CompareStringEx@36 00409630 f   libucrt:winapi_thunks.obj
 0001:0000868d       ___acrt_FlsAlloc@4         0040968d f   libucrt:winapi_thunks.obj
 0001:000086cc       ___acrt_FlsFree@4          004096cc f   libucrt:winapi_thunks.obj
 0001:0000870b       ___acrt_FlsGetValue@4      0040970b f   libucrt:winapi_thunks.obj
 0001:0000874a       ___acrt_FlsSetValue@8      0040974a f   libucrt:winapi_thunks.obj
 0001:0000878c       ___acrt_InitializeCriticalSectionEx@12 0040978c f   libucrt:winapi_thunks.obj
 0001:000087d7       ___acrt_LCMapStringEx@36   004097d7 f   libucrt:winapi_thunks.obj
 0001:00008834       ___acrt_LocaleNameToLCID@8 00409834 f   libucrt:winapi_thunks.obj
 0001:00008865       ___acrt_initialize_winapi_thunks 00409865 f   libucrt:winapi_thunks.obj
 0001:00008890       ___acrt_uninitialize_winapi_thunks 00409890 f   libucrt:winapi_thunks.obj
 0001:000088c6       __fcloseall                004098c6 f   libucrt:closeall.obj
 0001:00008b32       ___acrt_stdio_flush_nolock 00409b32 f   libucrt:fflush.obj
 0001:00008b97       __fflush_nolock            00409b97 f   libucrt:fflush.obj
 0001:00008bdf       __flushall                 00409bdf f   libucrt:fflush.obj
 0001:00008be8       ___acrt_stdio_free_buffer_nolock 00409be8 f   libucrt:_freebuf.obj
 0001:00008d94       ___acrt_initialize_lowio   00409d94 f   libucrt:ioinit.obj
 0001:00008dea       ___acrt_uninitialize_lowio 00409dea f   libucrt:ioinit.obj
 0001:00008e16       __isdigit_l                00409e16 f i libucrt:_ctype.obj
 0001:00008e4e       _isdigit                   00409e4e f i libucrt:_ctype.obj
 0001:00008fe2       __tolower_l                00409fe2 f   libucrt:tolower_toupper.obj
 0001:00008ffc       _tolower                   00409ffc f   libucrt:tolower_toupper.obj
 0001:0000902c       __malloc_base              0040a02c f   libucrt:malloc_base.obj
 0001:0000907a       ??$make_c_string_character_source@_WPAPA_W@__crt_strtox@@YA?AV?$c_string_character_source@_W@0@QB_WQAPA_W@Z 0040a07a f i libucrt:strtox.obj
 0001:00009095       _wcstol                    0040a095 f   libucrt:strtox.obj
 0001:000090c1       __mbtowc_l                 0040a0c1 f   libucrt:mbtowc.obj
 0001:00009205       _mbtowc                    0040a205 f   libucrt:mbtowc.obj
 0001:0000921f       __wctomb_s_l               0040a21f f   libucrt:wctomb.obj
 0001:0000937c       _wctomb_s                  0040a37c f   libucrt:wctomb.obj
 0001:00009399       _wcsnlen                   0040a399 f   libucrt:strnlen.obj
 0001:00009863       ___acrt_getptd             0040a863 f   libucrt:per_thread_data.obj
 0001:00009920       ___acrt_getptd_head        0040a920 f   libucrt:per_thread_data.obj
 0001:000099ba       ___acrt_getptd_noexit      0040a9ba f   libucrt:per_thread_data.obj
 0001:00009a6f       ___acrt_initialize_ptd     0040aa6f f   libucrt:per_thread_data.obj
 0001:00009a9b       ___acrt_uninitialize_ptd   0040aa9b f   libucrt:per_thread_data.obj
 0001:00009ab5       ___acrt_update_locale_info 0040aab5 f   libucrt:locale_update.obj
 0001:00009ae2       ___acrt_update_multibyte_info 0040aae2 f   libucrt:locale_update.obj
 0001:00009b0f       ?__acrt_fp_classify@@YA?AW4__acrt_fp_class@@ABN@Z 0040ab0f f i libucrt:cvt.obj
 0001:0000a3c6       ___acrt_fp_format          0040b3c6 f   libucrt:cvt.obj
 0001:0000a533       __fputwc_nolock            0040b533 f   libucrt:fputwc.obj
 0001:0000a65e       __fileno                   0040b65e f   libucrt:fileno.obj
 0001:0000a685       __fputc_nolock             0040b685 f   libucrt:fputc.obj
 0001:0000a6ae       __get_printf_count_output  0040b6ae f   libucrt:printf_count_output.obj
 0001:0000a6c3       ___acrt_stdio_begin_temporary_buffering_nolock 0040b6c3 f   libucrt:_sftbuf.obj
 0001:0000a776       ___acrt_stdio_end_temporary_buffering_nolock 0040b776 f   libucrt:_sftbuf.obj
 0001:0000a7b0       ___acrt_initialize_locks   0040b7b0 f   libucrt:locks.obj
 0001:0000a7f1       ___acrt_lock               0040b7f1 f   libucrt:locks.obj
 0001:0000a808       ___acrt_uninitialize_locks 0040b808 f   libucrt:locks.obj
 0001:0000a839       ___acrt_unlock             0040b839 f   libucrt:locks.obj
 0001:0000a9e9       ??$__acrt_mbs_to_wcs_cp@U__crt_win32_buffer_internal_dynamic_resizing@@@@YAHQBDAAV?$__crt_win32_buffer@_WU__crt_win32_buffer_internal_dynamic_resizing@@@@I@Z 0040b9e9 f i libucrt:argv_wildcards.obj
 0001:0000af05       ?__acrt_get_utf8_acp_compatibility_codepage@@YAIXZ 0040bf05 f i libucrt:argv_wildcards.obj
 0001:0000af46       ?_deallocate@?$__crt_win32_buffer@DU__crt_win32_buffer_internal_dynamic_resizing@@@@AAEXXZ 0040bf46 f i libucrt:argv_wildcards.obj
 0001:0000af46       ?_deallocate@?$__crt_win32_buffer@_WU__crt_win32_buffer_internal_dynamic_resizing@@@@AAEXXZ 0040bf46 f i libucrt:argv_wildcards.obj
 0001:0000af60       ?allocate@?$__crt_win32_buffer@DU__crt_win32_buffer_internal_dynamic_resizing@@@@QAEHI@Z 0040bf60 f i libucrt:argv_wildcards.obj
 0001:0000af9c       ?allocate@?$__crt_win32_buffer@_WU__crt_win32_buffer_internal_dynamic_resizing@@@@QAEHI@Z 0040bf9c f i libucrt:argv_wildcards.obj
 0001:0000afdb       ?allocate@__crt_win32_buffer_internal_dynamic_resizing@@SAHQAPAXIABV__crt_win32_buffer_empty_debug_info@@@Z 0040bfdb f i libucrt:argv_wildcards.obj
 0001:0000b081       ___acrt_expand_narrow_argv_wildcards 0040c081 f   libucrt:argv_wildcards.obj
 0001:0000b153       ?allocate@?$__crt_win32_buffer@DU__crt_win32_buffer_no_resizing@@@@QAEHI@Z 0040c153 f i libucrt:getmodulefilenamea.obj
 0001:0000b17a       ?set_to_nullptr@?$__crt_win32_buffer@DU__crt_win32_buffer_no_resizing@@@@QAEXXZ 0040c17a f i libucrt:getmodulefilenamea.obj
 0001:0000b18e       ___acrt_GetModuleFileNameA 0040c18e f   libucrt:getmodulefilenamea.obj
 0001:0000b741       ___acrt_initialize_multibyte 0040c741 f   libucrt:mbctype.obj
 0001:0000b789       ___acrt_update_thread_multibyte_data 0040c789 f   libucrt:mbctype.obj
 0001:0000b79c       __setmbcp_nolock           0040c79c f   libucrt:mbctype.obj
 0001:0000ba6b       __ismbblead                0040ca6b f   libucrt:ismbbyte.obj
 0001:0000ba83       ___acrt_MultiByteToWideChar 0040ca83 f   libucrt:multibytetowidechar.obj
 0001:0000baff       ___acrt_WideCharToMultiByte 0040caff f   libucrt:widechartomultibyte.obj
 0001:0000bbe3       ___dcrt_get_narrow_environment_from_os 0040cbe3 f   libucrt:get_environment_from_os.obj
 0001:0000bfca       ___dcrt_set_variable_in_narrow_environment_nolock 0040cfca f   libucrt:setenv.obj
 0001:0000bfd5       ___acrt_get_process_end_policy 0040cfd5 f   libucrt:win_policies.obj
 0001:0000c008       ___acrt_lowio_create_handle_array 0040d008 f   libucrt:osfinfo.obj
 0001:0000c085       ___acrt_lowio_destroy_handle_array 0040d085 f   libucrt:osfinfo.obj
 0001:0000c0ba       ___acrt_lowio_ensure_fh_exists 0040d0ba f   libucrt:osfinfo.obj
 0001:0000c14e       ___acrt_lowio_lock_fh      0040d14e f   libucrt:osfinfo.obj
 0001:0000c171       ___acrt_lowio_unlock_fh    0040d171 f   libucrt:osfinfo.obj
 0001:0000c194       __free_osfhnd              0040d194 f   libucrt:osfinfo.obj
 0001:0000c225       __get_osfhandle            0040d225 f   libucrt:osfinfo.obj
 0001:0000c28f       ___acrt_locale_free_monetary 0040d28f f   libucrt:initmon.obj
 0001:0000c38d       ___acrt_locale_free_numeric 0040d38d f   libucrt:initnum.obj
 0001:0000c42e       ___acrt_locale_free_time   0040d42e f   libucrt:inittime.obj
 0001:0000c512       ___pctype_func             0040d512 f   libucrt:ctype.obj
 0001:0000c538       ___acrt_GetStringTypeA     0040d538 f   libucrt:getstringtypea.obj
 0001:0000c63d       __freea_crt                0040d63d f i libucrt:getstringtypea.obj
 0001:0000c65d       ___acrt_add_locale_ref     0040d65d f   libucrt:locale_refcounting.obj
 0001:0000c6da       ___acrt_free_locale        0040d6da f   libucrt:locale_refcounting.obj
 0001:0000c824       ___acrt_locale_add_lc_time_reference 0040d824 f   libucrt:locale_refcounting.obj
 0001:0000c84d       ___acrt_locale_free_lc_time_if_unreferenced 0040d84d f   libucrt:locale_refcounting.obj
 0001:0000c87e       ___acrt_locale_release_lc_time_reference 0040d87e f   libucrt:locale_refcounting.obj
 0001:0000c8a7       ___acrt_release_locale_ref 0040d8a7 f   libucrt:locale_refcounting.obj
 0001:0000c928       ___acrt_update_thread_locale_data 0040d928 f   libucrt:locale_refcounting.obj
 0001:0000c99f       __updatetlocinfoEx_nolock  0040d99f f   libucrt:locale_refcounting.obj
 0001:0000c9ef       __recalloc_base            0040d9ef f   libucrt:recalloc.obj
 0001:0000ca5c       ___acrt_initialize_heap    0040da5c f   libucrt:heap_handle.obj
 0001:0000ca6d       ___acrt_uninitialize_heap  0040da6d f   libucrt:heap_handle.obj
 0001:0000ca77       ___acrt_execute_initializers 0040da77 f   libucrt:shared_initialization.obj
 0001:0000cadf       ___acrt_execute_uninitializers 0040dadf f   libucrt:shared_initialization.obj
 0001:0000cbd4       ___acrt_get_sigabrt_handler 0040dbd4 f   libucrt:signal.obj
 0001:0000cbfd       ___acrt_initialize_signal_handlers 0040dbfd f   libucrt:signal.obj
 0001:0000cc1b       ___fpecode                 0040dc1b f   libucrt:signal.obj
 0001:0000cc24       _raise                     0040dc24 f   libucrt:signal.obj
 0001:0000ceb2       __clearfp                  0040deb2 f   libucrt:ieee87.obj
 0001:0000cf92       __control87                0040df92 f   libucrt:ieee87.obj
 0001:0000d32f       _iswctype                  0040e32f f   libucrt:iswctype.obj
 0001:0000d39a       __isctype_l                0040e39a f   libucrt:isctype.obj
 0001:0000d523       ___acrt_DownlevelLocaleNameToLCID 0040e523 f   libucrt:lcidtoname_downlevel.obj
 0001:0000d54f       __fclose_nolock            0040e54f f   libucrt:fclose.obj
 0001:0000d5c6       _fclose                    0040e5c6 f   libucrt:fclose.obj
 0001:0000d6d8       __commit                   0040e6d8 f   libucrt:commit.obj
 0001:0000dedc       __write                    0040eedc f   libucrt:write.obj
 0001:0000dfc4       __write_nolock             0040efc4 f   libucrt:write.obj
 0001:0000e1a8       __isleadbyte_l             0040f1a8 f i libucrt:_wctype.obj
 0001:0000e3d0       ___acrt_LCMapStringA       0040f3d0 f   libucrt:lcmapstringa.obj
 0001:0000e447       ?__mbrtowc_utf8@__crt_mbstring@@YAIPA_WPBDIPAU_Mbstatet@@@Z 0040f447 f   libucrt:mbrtowc.obj
 0001:0000e489       ?__mbsrtowcs_utf8@__crt_mbstring@@YAIPA_WPAPBDIPAU_Mbstatet@@@Z 0040f489 f   libucrt:mbrtowc.obj
 0001:0000e586       ?__c32rtomb_utf8@__crt_mbstring@@YAIPAD_UPAU_Mbstatet@@@Z 0040f586 f   libucrt:c32rtomb.obj
 0001:0000e635       ?return_illegal_sequence@__crt_mbstring@@YAIPAU_Mbstatet@@@Z 0040f635 f i libucrt:c32rtomb.obj
 0001:0000e654       ___acrt_fp_strflt_to_string 0040f654 f   libucrt:_fptostr.obj
 0001:0000e720       ?divide@__crt_strtox@@YA_KAAUbig_integer@1@ABU21@@Z 0040f720 f i libucrt:cfout.obj
 0001:0000ebb8       ___acrt_fltout             0040fbb8 f   libucrt:cfout.obj
 0001:00010363       ___acrt_stdio_flush_and_write_narrow_nolock 00411363 f   libucrt:_flsbuf.obj
 0001:0001036e       ___acrt_stdio_flush_and_write_wide_nolock 0041136e f   libucrt:_flsbuf.obj
 0001:00010379       __isatty                   00411379 f   libucrt:isatty.obj
 0001:00010410       _qsort                     00411410 f   libucrt:qsort.obj
 0001:00010907       _strncpy_s                 00411907 f   libucrt:strncpy_s.obj
 0001:00010920       _strpbrk                   00411920 f   libucrt:strpbrk.obj
 0001:00010960       __mbsdec                   00411960 f   libucrt:mbsdec.obj
 0001:00010977       __mbsdec_l                 00411977 f   libucrt:mbsdec.obj
 0001:00010a15       __strnicoll                00411a15 f   libucrt:strnicol.obj
 0001:00010a3e       __strnicoll_l              00411a3e f   libucrt:strnicol.obj
 0001:00010b08       ___acrt_SetEnvironmentVariableA 00411b08 f   libucrt:setenvironmentvariablea.obj
 0001:00010b9f       __msize_base               00411b9f f   libucrt:msize.obj
 0001:00010bd2       __realloc_base             00411bd2 f   libucrt:realloc_base.obj
 0001:00010c3b       ___set_fpsr_sse2           00411c3b f   libucrt:fpctrl.obj
 0001:00010cb1       __clrfp                    00411cb1 f   libucrt:fpctrl.obj
 0001:00010cc4       __ctrlfp                   00411cc4 f   libucrt:fpctrl.obj
 0001:00010cf0       __set_statfp               00411cf0 f   libucrt:fpctrl.obj
 0001:00010d4b       __statfp                   00411d4b f   libucrt:fpctrl.obj
 0001:00010d5d       ___acrt_GetStringTypeW     00411d5d f   libucrt:getstringtypew.obj
 0001:00010df8       __close                    00411df8 f   libucrt:close.obj
 0001:00010e87       __close_nolock             00411e87 f   libucrt:close.obj
 0001:00010f23       ?__acrt_stdio_free_stream@@YAXV__crt_stdio_stream@@@Z 00411f23 f   libucrt:stream.obj
 0001:000110de       __lseeki64                 004120de f   libucrt:lseek.obj
 0001:000110f9       __lseeki64_nolock          004120f9 f   libucrt:lseek.obj
 0001:00011114       __putwch_nolock            00412114 f   libucrt:putwch.obj
 0001:00011148       ___strncnt                 00412148 f   libucrt:strncnt.obj
 0001:00011164       ?__mbrtoc32_utf8@__crt_mbstring@@YAIPA_UPBDIPAU_Mbstatet@@@Z 00412164 f   libucrt:mbrtoc32.obj
 0001:00011318       _fegetenv                  00412318 f   libucrt:fegetenv.obj
 0001:00011335       _fesetenv                  00412335 f   libucrt:fesetenv.obj
 0001:00011382       _feholdexcept              00412382 f   libucrt:feholdexcept.obj
 0001:000113e0       __CIlog10                  004123e0 f   libucrt:log10_impl.obj
 0001:0001141b       __CIlog10_default          0041241b f   libucrt:log10_impl.obj
 0001:0001142f       __log10_default            0041242f     libucrt:log10_impl.obj
 0001:000114f0       _ceil                      004124f0 f   libucrt:ceil_pentium4.obj
 0001:00011530       __ceil_pentium4            00412530 f   libucrt:ceil_pentium4.obj
 0001:0001160d       ___acrt_stdio_allocate_buffer_nolock 0041260d f   libucrt:_getbuf.obj
 0001:00011666       __strnicmp                 00412666 f   libucrt:strnicmp.obj
 0001:000116d3       __strnicmp_l               004126d3 f   libucrt:strnicmp.obj
 0001:00011a17       ___acrt_CompareStringA     00412a17 f   libucrt:comparestringa.obj
 0001:00011a7e       ___dcrt_lowio_ensure_console_output_initialized 00412a7e f   libucrt:initcon.obj
 0001:00011a9d       ___dcrt_terminate_console_output 00412a9d f   libucrt:initcon.obj
 0001:00011ab4       ___dcrt_write_console      00412ab4 f   libucrt:initcon.obj
 0001:00011e1a       ___acrt_fenv_get_control   00412e1a f   libucrt:_fenvutils.obj
 0001:00011e9c       ___acrt_fenv_get_status    00412e9c f   libucrt:_fenvutils.obj
 0001:00011f56       ___acrt_fenv_set_control   00412f56 f   libucrt:_fenvutils.obj
 0001:00011fc0       ___acrt_fenv_set_status    00412fc0 f   libucrt:_fenvutils.obj
 0001:000120b9       ___acrt_initialize_sse2    004130b9 f   libucrt:mathfcns.obj
 0001:000120d0       __CIlog10_pentium4         004130d0 f   libucrt:log10_pentium4.obj
 0001:000120e8       __log10_pentium4           004130e8     libucrt:log10_pentium4.obj
 0001:00012380       __fFEXP                    00413380 f   libucrt:87tran.obj
 0001:000123d7       __rtinfpopse               004133d7     libucrt:87tran.obj
 0001:000123d9       __rtinfnpopse              004133d9     libucrt:87tran.obj
 0001:000123e9       __fFLN                     004133e9     libucrt:87tran.obj
 0001:0001249e       __rtinfpop                 0041349e     libucrt:87tran.obj
 0001:000124a0       __rtinfnpop                004134a0     libucrt:87tran.obj
 0001:000124b0       __rtforexpinf              004134b0 f   libucrt:87tran.obj
 0001:000124bd       __ffexpm1                  004134bd     libucrt:87tran.obj
 0001:00012570       __trandisp1                00413570 f   libucrt:87disp.obj
 0001:000125e5       __trandisp2                004135e5 f   libucrt:87disp.obj
 0001:0001267f       __rttospopde               0041367f     libucrt:87disp.obj
 0001:00012684       __rttospop                 00413684     libucrt:87disp.obj
 0001:00012690       __rtnospop                 00413690 f   libucrt:87disp.obj
 0001:000126a0       __rttosnpop                004136a0 f   libucrt:87disp.obj
 0001:000126a1       __rtnospopde               004136a1     libucrt:87disp.obj
 0001:000126a8       __rtzeropop                004136a8     libucrt:87disp.obj
 0001:000126aa       __rtzeronpop               004136aa     libucrt:87disp.obj
 0001:000126b0       __rtzerospop               004136b0 f   libucrt:87disp.obj
 0001:000126bd       __rtonepop                 004136bd     libucrt:87disp.obj
 0001:000126c0       __rtonenpop                004136c0 f   libucrt:87disp.obj
 0001:000126d0       __tosnan1                  004136d0 f   libucrt:87disp.obj
 0001:00012700       __nosnan2                  00413700 f   libucrt:87disp.obj
 0001:00012710       __tosnan2                  00413710 f   libucrt:87disp.obj
 0001:00012740       __nan2                     00413740 f   libucrt:87disp.obj
 0001:00012780       __rtindfpop                00413780 f   libucrt:87disp.obj
 0001:00012782       __rtindfnpop               00413782     libucrt:87disp.obj
 0001:00012793       __rttosnpopde              00413793     libucrt:87disp.obj
 0001:000127a0       __rtatan2inf               004137a0 f   libucrt:87disp.obj
 0001:000127bd       __rtchsifneg               004137bd     libucrt:87disp.obj
 0001:000127d0       __twoToTOS                 004137d0 f   libucrt:common.obj
 0001:000127e5       __load_CW                  004137e5 f   libucrt:common.obj
 0001:000127fc       __convertTOStoQNaN         004137fc f   libucrt:common.obj
 0001:00012815       __fload_withFB             00413815 f   libucrt:common.obj
 0001:00012858       __checkTOS_withFB          00413858 f   libucrt:common.obj
 0001:0001286e       __fast_exit                0041386e f   libucrt:common.obj
 0001:0001287b       __math_exit                0041387b f   libucrt:common.obj
 0001:000128a5       __check_overflow_exit      004138a5 f   libucrt:common.obj
 0001:000128b9       __check_range_exit         004138b9 f   libucrt:common.obj
 0001:00012960       __startTwoArgErrorHandling 00413960 f   libucrt:genexcep.obj
 0001:00012977       __startOneArgErrorHandling 00413977 f   libucrt:genexcep.obj
 0001:000129b3       ___libm_error_support      004139b3 f   libucrt:libm_error.obj
 0001:00012ba9       __ceil_default             00413ba9 f   libucrt:ceil.obj
 0001:00012c60       ___ascii_strnicmp          00413c60 f   libucrt:_strnicm.obj
 0001:00012cc1       __d_inttype                00413cc1 f   libucrt:powhlp.obj
 0001:00012d2b       __powhlp                   00413d2b f   libucrt:powhlp.obj
 0001:00012e56       __87except                 00413e56 f   libucrt:87except.obj
 0001:00012f60       __frnd                     00413f60 f   libucrt:frnd.obj
 0001:00012f76       __errcode                  00413f76 f   libucrt:fpexcept.obj
 0001:00012faa       __except1                  00413faa f   libucrt:fpexcept.obj
 0001:00013078       __handle_exc               00414078 f   libucrt:fpexcept.obj
 0001:00013265       __raise_exc                00414265 f   libucrt:fpexcept.obj
 0001:00013288       __raise_exc_ex             00414288 f   libucrt:fpexcept.obj
 0001:0001357e       __set_errno_from_matherr   0041457e f   libucrt:fpexcept.obj
 0001:000135ad       __umatherr                 004145ad f   libucrt:fpexcept.obj
 0001:0001364f       __decomp                   0041464f f   libucrt:util.obj
 0001:0001372d       __set_exp                  0041472d f   libucrt:util.obj
 0001:0001375c       __sptype                   0041475c f   libucrt:util.obj
 0001:000137ba       __fpclass                  004147ba f   libucrt:ieeemisc.obj
 0001:0001385e       _IsProcessorFeaturePresent@4 0041485e f   kernel32:KERNEL32.dll
 0001:00013870       __FindPESection            00414870 f   LIBCMT:pesect.obj
 0001:000138c0       __IsNonwritableInCurrentImage 004148c0 f   LIBCMT:pesect.obj
 0001:00013980       __ValidateImageBase        00414980 f   LIBCMT:pesect.obj
 0001:000139b3       __EH_prolog3_catch         004149b3 f   LIBCMT:ehprolg3.obj
 0001:000139f0       __aulldvrm                 004149f0 f   LIBCMT:ulldvrm.obj
 0001:00013a90       __allmul                   00414a90 f   LIBCMT:llmul.obj
 0001:00013ad0       __alldvrm                  00414ad0 f   LIBCMT:lldvrm.obj
 0001:00013bb0       __aullshr                  00414bb0 f   LIBCMT:ullshr.obj
 0001:00013bd0       __allshl                   00414bd0 f   LIBCMT:llshl.obj
 0001:00013bf0       __ftol2_sse                00414bf0 f   LIBCMT:ftol2.obj
 0001:00013bf9       __ftol2_pentium4           00414bf9 f   LIBCMT:ftol2.obj
 0001:00013c0c       __ftol2_sse_excpt          00414c0c f   LIBCMT:ftol2.obj
 0001:00013c30       __ftol2                    00414c30 f   LIBCMT:ftol2.obj
 0001:00013cb0       _strrchr                   00414cb0 f   libvcruntime:strrchr.obj
 0001:00013df0       _strchr                    00414df0 f   libvcruntime:strchr.obj
 0001:00013e5e       ___from_strstr_to_strchr   00414e5e     libvcruntime:strchr.obj
 0002:00000000       __imp__lstrlenW@4          00416000     kernel32:KERNEL32.dll
 0002:00000004       __imp__DecodePointer@4     00416004     kernel32:KERNEL32.dll
 0002:00000008       __imp__WriteConsoleW@20    00416008     kernel32:KERNEL32.dll
 0002:0000000c       __imp__CreateFileW@28      0041600c     kernel32:KERNEL32.dll
 0002:00000010       __imp__CloseHandle@4       00416010     kernel32:KERNEL32.dll
 0002:00000014       __imp__HeapReAlloc@16      00416014     kernel32:KERNEL32.dll
 0002:00000018       __imp__HeapSize@12         00416018     kernel32:KERNEL32.dll
 0002:0000001c       __imp__SetFilePointerEx@20 0041601c     kernel32:KERNEL32.dll
 0002:00000020       __imp__GetFileSizeEx@8     00416020     kernel32:KERNEL32.dll
 0002:00000024       __imp__GetConsoleMode@8    00416024     kernel32:KERNEL32.dll
 0002:00000028       __imp__GetConsoleCP@0      00416028     kernel32:KERNEL32.dll
 0002:0000002c       __imp__FlushFileBuffers@4  0041602c     kernel32:KERNEL32.dll
 0002:00000030       __imp__GetProcessHeap@0    00416030     kernel32:KERNEL32.dll
 0002:00000034       __imp__GetStringTypeW@16   00416034     kernel32:KERNEL32.dll
 0002:00000038       __imp__SetStdHandle@8      00416038     kernel32:KERNEL32.dll
 0002:0000003c       __imp__SetEnvironmentVariableW@8 0041603c     kernel32:KERNEL32.dll
 0002:00000040       __imp__FreeEnvironmentStringsW@4 00416040     kernel32:KERNEL32.dll
 0002:00000044       __imp__GetEnvironmentStringsW@0 00416044     kernel32:KERNEL32.dll
 0002:00000048       __imp__GetCPInfo@8         00416048     kernel32:KERNEL32.dll
 0002:0000004c       __imp__GetOEMCP@0          0041604c     kernel32:KERNEL32.dll
 0002:00000050       __imp__GetACP@0            00416050     kernel32:KERNEL32.dll
 0002:00000054       __imp__IsValidCodePage@4   00416054     kernel32:KERNEL32.dll
 0002:00000058       __imp__FindNextFileW@8     00416058     kernel32:KERNEL32.dll
 0002:0000005c       __imp__FindFirstFileExW@24 0041605c     kernel32:KERNEL32.dll
 0002:00000060       __imp__FindClose@4         00416060     kernel32:KERNEL32.dll
 0002:00000064       __imp__GetLastError@0      00416064     kernel32:KERNEL32.dll
 0002:00000068       __imp__MultiByteToWideChar@24 00416068     kernel32:KERNEL32.dll
 0002:0000006c       __imp__WideCharToMultiByte@32 0041606c     kernel32:KERNEL32.dll
 0002:00000070       __imp__LocalFree@4         00416070     kernel32:KERNEL32.dll
 0002:00000074       __imp__UnhandledExceptionFilter@4 00416074     kernel32:KERNEL32.dll
 0002:00000078       __imp__SetUnhandledExceptionFilter@4 00416078     kernel32:KERNEL32.dll
 0002:0000007c       __imp__GetCurrentProcess@0 0041607c     kernel32:KERNEL32.dll
 0002:00000080       __imp__TerminateProcess@8  00416080     kernel32:KERNEL32.dll
 0002:00000084       __imp__IsProcessorFeaturePresent@4 00416084     kernel32:KERNEL32.dll
 0002:00000088       __imp__QueryPerformanceCounter@4 00416088     kernel32:KERNEL32.dll
 0002:0000008c       __imp__GetCurrentProcessId@0 0041608c     kernel32:KERNEL32.dll
 0002:00000090       __imp__GetCurrentThreadId@0 00416090     kernel32:KERNEL32.dll
 0002:00000094       __imp__GetSystemTimeAsFileTime@4 00416094     kernel32:KERNEL32.dll
 0002:00000098       __imp__InitializeSListHead@4 00416098     kernel32:KERNEL32.dll
 0002:0000009c       __imp__IsDebuggerPresent@0 0041609c     kernel32:KERNEL32.dll
 0002:000000a0       __imp__GetStartupInfoW@4   004160a0     kernel32:KERNEL32.dll
 0002:000000a4       __imp__GetModuleHandleW@4  004160a4     kernel32:KERNEL32.dll
 0002:000000a8       __imp__RtlUnwind@16        004160a8     kernel32:KERNEL32.dll
 0002:000000ac       __imp__RaiseException@16   004160ac     kernel32:KERNEL32.dll
 0002:000000b0       __imp__SetLastError@4      004160b0     kernel32:KERNEL32.dll
 0002:000000b4       __imp__EncodePointer@4     004160b4     kernel32:KERNEL32.dll
 0002:000000b8       __imp__EnterCriticalSection@4 004160b8     kernel32:KERNEL32.dll
 0002:000000bc       __imp__LeaveCriticalSection@4 004160bc     kernel32:KERNEL32.dll
 0002:000000c0       __imp__DeleteCriticalSection@4 004160c0     kernel32:KERNEL32.dll
 0002:000000c4       __imp__InitializeCriticalSectionAndSpinCount@8 004160c4     kernel32:KERNEL32.dll
 0002:000000c8       __imp__TlsAlloc@0          004160c8     kernel32:KERNEL32.dll
 0002:000000cc       __imp__TlsGetValue@4       004160cc     kernel32:KERNEL32.dll
 0002:000000d0       __imp__TlsSetValue@8       004160d0     kernel32:KERNEL32.dll
 0002:000000d4       __imp__TlsFree@4           004160d4     kernel32:KERNEL32.dll
 0002:000000d8       __imp__FreeLibrary@4       004160d8     kernel32:KERNEL32.dll
 0002:000000dc       __imp__GetProcAddress@8    004160dc     kernel32:KERNEL32.dll
 0002:000000e0       __imp__LoadLibraryExW@12   004160e0     kernel32:KERNEL32.dll
 0002:000000e4       __imp__GetStdHandle@4      004160e4     kernel32:KERNEL32.dll
 0002:000000e8       __imp__WriteFile@20        004160e8     kernel32:KERNEL32.dll
 0002:000000ec       __imp__GetModuleFileNameW@12 004160ec     kernel32:KERNEL32.dll
 0002:000000f0       __imp__ExitProcess@4       004160f0     kernel32:KERNEL32.dll
 0002:000000f4       __imp__GetModuleHandleExW@12 004160f4     kernel32:KERNEL32.dll
 0002:000000f8       __imp__GetCommandLineA@0   004160f8     kernel32:KERNEL32.dll
 0002:000000fc       __imp__GetCommandLineW@0   004160fc     kernel32:KERNEL32.dll
 0002:00000100       __imp__HeapAlloc@12        00416100     kernel32:KERNEL32.dll
 0002:00000104       __imp__HeapFree@12         00416104     kernel32:KERNEL32.dll
 0002:00000108       __imp__CompareStringW@24   00416108     kernel32:KERNEL32.dll
 0002:0000010c       __imp__LCMapStringW@24     0041610c     kernel32:KERNEL32.dll
 0002:00000110       __imp__GetFileType@4       00416110     kernel32:KERNEL32.dll
 0002:00000114       \177KERNEL32_NULL_THUNK_DATA 00416114     kernel32:KERNEL32.dll
 0002:00000118       __imp__SysFreeString@4     00416118     oleaut32:OLEAUT32.dll
 0002:0000011c       __imp__SysAllocString@4    0041611c     oleaut32:OLEAUT32.dll
 0002:00000120       __imp__VariantClear@4      00416120     oleaut32:OLEAUT32.dll
 0002:00000124       \177OLEAUT32_NULL_THUNK_DATA 00416124     oleaut32:OLEAUT32.dll
 0002:00000128       __imp__SetupDiEnumDeviceInfo@12 00416128     setupapi:SETUPAPI.dll
 0002:0000012c       __imp__SetupDiGetDeviceRegistryPropertyW@28 0041612c     setupapi:SETUPAPI.dll
 0002:00000130       __imp__SetupDiGetClassDevsW@16 00416130     setupapi:SETUPAPI.dll
 0002:00000134       __imp__SetupDiGetDevicePropertyW@32 00416134     setupapi:SETUPAPI.dll
 0002:00000138       __imp__CM_Get_Device_IDW@16 00416138     setupapi:SETUPAPI.dll
 0002:0000013c       \177SETUPAPI_NULL_THUNK_DATA 0041613c     setupapi:SETUPAPI.dll
 0002:00000140       __imp_?EndRow@XmlWriter@@QAEXXZ 00416140     XmlWriter:XmlWriter.dll
 0002:00000144       __imp_?WriteSTR@XmlWriter@@QAEXPBDPBG@Z 00416144     XmlWriter:XmlWriter.dll
 0002:00000148       __imp_?EndSection@XmlWriter@@QAEXXZ 00416148     XmlWriter:XmlWriter.dll
 0002:0000014c       __imp_?EndRoot@XmlWriter@@QAEXXZ 0041614c     XmlWriter:XmlWriter.dll
 0002:00000150       __imp_?Flush@XmlWriter@@QAEXXZ 00416150     XmlWriter:XmlWriter.dll
 0002:00000154       __imp_??0XmlWriter@@QAE@XZ 00416154     XmlWriter:XmlWriter.dll
 0002:00000158       __imp_??1XmlWriter@@UAE@XZ 00416158     XmlWriter:XmlWriter.dll
 0002:0000015c       __imp_?Open@XmlWriter@@QAE_NPBD@Z 0041615c     XmlWriter:XmlWriter.dll
 0002:00000160       __imp_?StartRow@XmlWriter@@QAEXPBD@Z 00416160     XmlWriter:XmlWriter.dll
 0002:00000164       __imp_?StartRow@XmlWriter@@QAEXPBG@Z 00416164     XmlWriter:XmlWriter.dll
 0002:00000168       __imp_?WriteCols@XmlWriter@@QAEXH@Z 00416168     XmlWriter:XmlWriter.dll
 0002:0000016c       __imp_?StartTable@XmlWriter@@QAEXPBD@Z 0041616c     XmlWriter:XmlWriter.dll
 0002:00000170       __imp_?StartSection@XmlWriter@@QAEXPBD@Z 00416170     XmlWriter:XmlWriter.dll
 0002:00000174       __imp_?EndTable@XmlWriter@@QAEXXZ 00416174     XmlWriter:XmlWriter.dll
 0002:00000178       \177XmlWriter_NULL_THUNK_DATA 00416178     XmlWriter:XmlWriter.dll
 0002:0000017c       __imp__GetNextSmEntry      0041617c     kehelper:kehelper.dll
 0002:00000180       \177kehelper_NULL_THUNK_DATA 00416180     kehelper:kehelper.dll
 0002:00000184       ___guard_check_icall_fptr  00416184     LIBCMT:guard_support.obj
 0002:00000188       ___xc_a                    00416188     LIBCMT:initializers.obj
 0002:00000194       ___xc_z                    00416194     LIBCMT:initializers.obj
 0002:00000198       ___xi_a                    00416198     LIBCMT:initializers.obj
 0002:000001a4       ___acrt_stdio_initializer  004161a4     libucrt:stdio_initializer.obj
 0002:000001a8       ___acrt_multibyte_initializer 004161a8     libucrt:multibyte_initializer.obj
 0002:000001ac       ___acrt_tran_sse2_initializer 004161ac     libucrt:sse2_initializer.obj
 0002:000001b0       ___xi_z                    004161b0     LIBCMT:initializers.obj
 0002:000001b4       ___xp_a                    004161b4     LIBCMT:initializers.obj
 0002:000001b8       ___acrt_locale_terminator  004161b8     libucrt:locale_initializer.obj
 0002:000001bc       ___dcrt_console_output_terminator 004161bc     libucrt:console_output_initializer.obj
 0002:000001c0       ___acrt_stdio_terminator   004161c0     libucrt:stdio_initializer.obj
 0002:000001c4       ___xp_z                    004161c4     LIBCMT:initializers.obj
 0002:000001c8       ___xt_a                    004161c8     LIBCMT:initializers.obj
 0002:000001cc       ___xt_z                    004161cc     LIBCMT:initializers.obj
 0002:000001d0       ??_7_com_error@@6B@        004161d0     comsuppw:comraise.obj
 0002:000001e0       ??_7type_info@@6B@         004161e0     LIBCMT:std_type_info_static.obj
 0002:000001e8       ??_7exception@std@@6B@     004161e8     LIBCMT:throw_bad_alloc.obj
 0002:000001f0       ??_C@_0BC@EOODALEL@Unknown?5exception@ 004161f0     LIBCMT:throw_bad_alloc.obj
 0002:00000208       ??_7bad_alloc@std@@6B@     00416208     LIBCMT:throw_bad_alloc.obj
 0002:00000210       ??_C@_0P@GHFPNOJB@bad?5allocation@ 00416210     LIBCMT:throw_bad_alloc.obj
 0002:00000224       ??_7bad_array_new_length@std@@6B@ 00416224     LIBCMT:throw_bad_alloc.obj
 0002:0000022c       ??_C@_0BF@KINCDENJ@bad?5array?5new?5length@ 0041622c     LIBCMT:throw_bad_alloc.obj
 0002:00000244       __pDestructExceptionObject 00416244     libvcruntime:ehhelpers.obj
 0002:0000026c       ??_7bad_exception@std@@6B@ 0041626c     libvcruntime:frame.obj
 0002:00000274       ??_C@_0O@DPKOEFFH@bad?5exception@ 00416274     libvcruntime:frame.obj
 0002:00000290       ??_C@_1DM@KHCHBNEB@?$AAa?$AAp?$AAi?$AA?9?$AAm?$AAs?$AA?9?$AAw?$AAi?$AAn?$AA?9?$AAc?$AAo?$AAr?$AAe@ 00416290     libvcruntime:winapi_downlevel.obj
 0002:000002cc       ??_C@_1DK@LPPGFMPP@?$AAa?$AAp?$AAi?$AA?9?$AAm?$AAs?$AA?9?$AAw?$AAi?$AAn?$AA?9?$AAc?$AAo?$AAr?$AAe@ 004162cc     libvcruntime:winapi_downlevel.obj
 0002:00000308       ??_C@_1BC@GDMECMAK@?$AAk?$AAe?$AAr?$AAn?$AAe?$AAl?$AA3?$AA2@ 00416308     libvcruntime:winapi_downlevel.obj
 0002:0000031c       ??_C@_1BA@PFFKHIOG@?$AAa?$AAp?$AAi?$AA?9?$AAm?$AAs?$AA?9@ 0041631c     libvcruntime:winapi_downlevel.obj
 0002:0000032c       ??_C@_1BA@IAIFMGEF@?$AAe?$AAx?$AAt?$AA?9?$AAm?$AAs?$AA?9@ 0041632c     libvcruntime:winapi_downlevel.obj
 0002:00000344       ??_C@_08KNHFBNJ@FlsAlloc@  00416344     libvcruntime:winapi_downlevel.obj
 0002:00000358       ??_C@_07PEJMOBNF@FlsFree@  00416358     libvcruntime:winapi_downlevel.obj
 0002:00000368       ??_C@_0M@GDNOONDI@FlsGetValue@ 00416368     libvcruntime:winapi_downlevel.obj
 0002:0000037c       ??_C@_0M@JCPCPOEF@FlsSetValue@ 0041637c     libvcruntime:winapi_downlevel.obj
 0002:00000390       ??_C@_0BM@HCFOFFN@InitializeCriticalSectionEx@ 00416390     libvcruntime:winapi_downlevel.obj
 0002:0000054c       ??_C@_08EHJDFFNH@__based?$CI@ 0041654c     libvcruntime:undname.obj
 0002:00000558       ??_C@_07KOLFKCDI@__cdecl@  00416558     libvcruntime:undname.obj
 0002:00000560       ??_C@_08GHMPAG@__pascal@   00416560     libvcruntime:undname.obj
 0002:0000056c       ??_C@_09IFJBGAPI@__stdcall@ 0041656c     libvcruntime:undname.obj
 0002:00000578       ??_C@_0L@NPHFGOKO@__thiscall@ 00416578     libvcruntime:undname.obj
 0002:00000584       ??_C@_0L@JMKHOMEK@__fastcall@ 00416584     libvcruntime:undname.obj
 0002:00000590       ??_C@_0N@BCKKPABJ@__vectorcall@ 00416590     libvcruntime:undname.obj
 0002:000005a0       ??_C@_09HIJEGCPM@__clrcall@ 004165a0     libvcruntime:undname.obj
 0002:000005ac       ??_C@_06GHPCKEAG@__eabi@   004165ac     libvcruntime:undname.obj
 0002:000005b4       ??_C@_09IOPIDJLG@__swift_1@ 004165b4     libvcruntime:undname.obj
 0002:000005c0       ??_C@_09KFNFGKHF@__swift_2@ 004165c0     libvcruntime:undname.obj
 0002:000005cc       ??_C@_07JOMMBBKO@__ptr64@  004165cc     libvcruntime:undname.obj
 0002:000005d4       ??_C@_0L@PILCLIHE@__restrict@ 004165d4     libvcruntime:undname.obj
 0002:000005e0       ??_C@_0M@GFIIJFMG@__unaligned@ 004165e0     libvcruntime:undname.obj
 0002:000005ec       ??_C@_09DHDLOLLB@restrict?$CI@ 004165ec     libvcruntime:undname.obj
 0002:000005f6       ??_C@_00CNPNBAHC@@         004165f6     libvcruntime:undname.obj
 0002:000005f8       ??_C@_04NIHEBCM@?5new@     004165f8     libvcruntime:undname.obj
 0002:00000600       ??_C@_07FPCDHGMM@?5delete@ 00416600     libvcruntime:undname.obj
 0002:00000608       ??_C@_01NEMOKFLO@?$DN@     00416608     libvcruntime:undname.obj
 0002:0000060c       ??_C@_02GPIOPFAK@?$DO?$DO@ 0041660c     libvcruntime:undname.obj
 0002:00000610       ??_C@_02FODMEDOG@?$DM?$DM@ 00416610     libvcruntime:undname.obj
 0002:00000614       ??_C@_01DCLJPIOD@?$CB@     00416614     libvcruntime:undname.obj
 0002:00000618       ??_C@_02EGOFBIJA@?$DN?$DN@ 00416618     libvcruntime:undname.obj
 0002:0000061c       ??_C@_02FDNJECIE@?$CB?$DN@ 0041661c     libvcruntime:undname.obj
 0002:00000620       ??_C@_02GPECMEKF@?$FL?$FN@ 00416620     libvcruntime:undname.obj
 0002:00000624       ??_C@_08LHJFAFGD@operator@ 00416624     libvcruntime:undname.obj
 0002:00000630       ??_C@_02HBOOOICD@?9?$DO@   00416630     libvcruntime:undname.obj
 0002:00000634       ??_C@_01NBENCBCI@?$CK@     00416634     libvcruntime:undname.obj
 0002:00000638       ??_C@_02ECNGHCIF@?$CL?$CL@ 00416638     libvcruntime:undname.obj
 0002:0000063c       ??_C@_02BAABKJLB@?9?9@     0041663c     libvcruntime:undname.obj
 0002:00000640       ??_C@_01JOAMLHOP@?9@       00416640     libvcruntime:undname.obj
 0002:00000644       ??_C@_01MIFGBAGJ@?$CL@     00416644     libvcruntime:undname.obj
 0002:00000648       ??_C@_01HNPIGOCE@?$CG@     00416648     libvcruntime:undname.obj
 0002:0000064c       ??_C@_03MNHNFDLC@?9?$DO?$CK@ 0041664c     libvcruntime:undname.obj
 0002:00000650       ??_C@_01KMDKNFGN@?1@       00416650     libvcruntime:undname.obj
 0002:00000654       ??_C@_01FGNFDNOH@?$CF@     00416654     libvcruntime:undname.obj
 0002:00000658       ??_C@_01MNNFJEPP@?$DM@     00416658     libvcruntime:undname.obj
 0002:0000065c       ??_C@_02EHCHHCKH@?$DM?$DN@ 0041665c     libvcruntime:undname.obj
 0002:00000660       ??_C@_01PPODPGHN@?$DO@     00416660     libvcruntime:undname.obj
 0002:00000664       ??_C@_02EEKDKGMJ@?$DO?$DN@ 00416664     libvcruntime:undname.obj
 0002:00000668       ??_C@_01IHBHIGKO@?0@       00416668     libvcruntime:undname.obj
 0002:0000066c       ??_C@_02HCKGKOFO@?$CI?$CJ@ 0041666c     libvcruntime:undname.obj
 0002:00000670       ??_C@_01PJKLJHI@?$HO@      00416670     libvcruntime:undname.obj
 0002:00000674       ??_C@_01JKBOJNNK@?$FO@     00416674     libvcruntime:undname.obj
 0002:00000678       ??_C@_01DNKMNLPK@?$HM@     00416678     libvcruntime:undname.obj
 0002:0000067c       ??_C@_02PPKAJPJL@?$CG?$CG@ 0041667c     libvcruntime:undname.obj
 0002:00000680       ??_C@_02NONPIBCD@?$HM?$HM@ 00416680     libvcruntime:undname.obj
 0002:00000684       ??_C@_02FPIMKNGF@?$CK?$DN@ 00416684     libvcruntime:undname.obj
 0002:00000688       ??_C@_02FOEOMHFC@?$CL?$DN@ 00416688     libvcruntime:undname.obj
 0002:0000068c       ??_C@_02FKMDLLOA@?9?$DN@   0041668c     libvcruntime:undname.obj
 0002:00000690       ??_C@_02FJEHGPIO@?1?$DN@   00416690     libvcruntime:undname.obj
 0002:00000694       ??_C@_02FENAOKFI@?$CF?$DN@ 00416694     libvcruntime:undname.obj
 0002:00000698       ??_C@_03IKFCCPFF@?$DO?$DO?$DN@ 00416698     libvcruntime:undname.obj
 0002:0000069c       ??_C@_03CDNPDDLA@?$DM?$DM?$DN@ 0041669c     libvcruntime:undname.obj
 0002:000006a0       ??_C@_02FGJGFEAB@?$CG?$DN@ 004166a0     libvcruntime:undname.obj
 0002:000006a4       ??_C@_02DHLNPPGH@?$HM?$DN@ 004166a4     libvcruntime:undname.obj
 0002:000006a8       ??_C@_02MHEGNOJ@?$FO?$DN@  004166a8     libvcruntime:undname.obj
 0002:000006ac       ??_C@_09IFPLHPGF@?$GAvftable?8@ 004166ac     libvcruntime:undname.obj
 0002:000006b8       ??_C@_09BLBHBJP@?$GAvbtable?8@ 004166b8     libvcruntime:undname.obj
 0002:000006c4       ??_C@_07FEEIOKP@?$GAvcall?8@ 004166c4     libvcruntime:undname.obj
 0002:000006cc       ??_C@_08LLFFHHDJ@?$GAtypeof?8@ 004166cc     libvcruntime:undname.obj
[...]
 0002:000013f4       ?candidate_modules@?1??try_get_FlsSetValue@@YAP6GHKPAX@ZXZ@4QBW4module_id@?A0x391cf84c@@B 004173f4     libucrt:winapi_thunks.obj
 0002:00001408       ?candidate_modules@?1??try_get_InitializeCriticalSectionEx@@YAP6GHPAU_RTL_CRITICAL_SECTION@@KK@ZXZ@4QBW4module_id@?A0x391cf84c@@B 00417408     libucrt:winapi_thunks.obj
 0002:0000142c       ?candidate_modules@?1??try_get_LCMapStringEx@@YAP6GHPB_WK0HPA_WHPAU_nlsversioninfo@@PAXJ@ZXZ@4QBW4module_id@?A0x391cf84c@@B 0041742c     libucrt:winapi_thunks.obj
 0002:00001444       ?candidate_modules@?1??try_get_LocaleNameToLCID@@YAP6GKPB_WK@ZXZ@4QBW4module_id@?A0x391cf84c@@B 00417444     libucrt:winapi_thunks.obj
 0002:00001460       ?candidate_modules@?1??try_get_AppPolicyGetProcessTerminationMethod@@YAP6GJPAXPAW4AppPolicyProcessTerminationMethod@@@ZXZ@4QBW4module_id@?A0x391cf84c@@B 00417460     libucrt:winapi_thunks.obj
 0002:00001998       ?_mb_locale_names@@3QBQB_WB 00417998     libucrt:mbctype.obj
 0002:000021e8       ?LcidToLocaleNameTable@?A0x881e4c05@@3QBULcidToLocaleName@1@B 004181e8     libucrt:lcidtoname_downlevel.obj
 0002:00003308       ?LocaleNameToIndexTable@?A0x881e4c05@@3QBULocaleNameIndex@1@B 00419308     libucrt:lcidtoname_downlevel.obj
 0002:00004c48       _over                      0041ac48     libucrt:fpctrl.obj
 0002:00004c54       _under                     0041ac54     libucrt:fpctrl.obj
 0002:00004c60       LOG_name                   0041ac60     libucrt:log10_impl.obj
 0002:00004c70       _One                       0041ac70     libucrt:ceil_pentium4.obj
 0002:00004c80       _Bns                       0041ac80     libucrt:ceil_pentium4.obj
 0002:00004c90       _Zero                      0041ac90     libucrt:ceil_pentium4.obj
 0002:00004ca0       _S                         0041aca0     libucrt:ceil_pentium4.obj
 0002:00004cb0       _NegZero                   0041acb0     libucrt:ceil_pentium4.obj
 0002:00004cd0       emask                      0041acd0     libucrt:log10_pentium4.obj
 0002:00004ce0       CC                         0041ace0     libucrt:log10_pentium4.obj
 0002:00004cf0       Magic                      0041acf0     libucrt:log10_pentium4.obj
 0002:00004d00       hi_mask                    0041ad00     libucrt:log10_pentium4.obj
 0002:00004d10       LOG10_2                    0041ad10     libucrt:log10_pentium4.obj
 0002:00004d20       place_L                    0041ad20     libucrt:log10_pentium4.obj
 0002:00004d40       One                        0041ad40     libucrt:log10_pentium4.obj
 0002:00004d50       Zero                       0041ad50     libucrt:log10_pentium4.obj
 0002:00004d60       Two52                      0041ad60     libucrt:log10_pentium4.obj
 0002:00004d70       Infs                       0041ad70     libucrt:log10_pentium4.obj
 0002:00004d80       NaN                        0041ad80     libucrt:log10_pentium4.obj
 0002:00004d90       coeff                      0041ad90     libucrt:log10_pentium4.obj
 0002:00004dee       _log2max                   0041adee     libucrt:87tran.obj
 0002:00004df8       _smallarg                  0041adf8     libucrt:87tran.obj
 0002:00004e02       _half                      0041ae02     libucrt:87tran.obj
 0002:00004e4e       One                        0041ae4e     libucrt:87disp.obj
 0002:00004e56       Three                      0041ae56     libucrt:87disp.obj
 0002:00004e5e       XAMtoTagTab                0041ae5e     libucrt:87disp.obj
 0002:00004e70       One                        0041ae70     libucrt:common.obj
 0002:00004e84       DblMax                     0041ae84     libucrt:common.obj
 0002:00004e8c       DblMin                     0041ae8c     libucrt:common.obj
 0002:00004e94       IeeeAdjO                   0041ae94     libucrt:common.obj
 0002:00004e9c       IeeeAdjU                   0041ae9c     libucrt:common.obj
 0002:00004ea4       _infinity                  0041aea4     libucrt:common.obj
 0002:00004eac       _zero                      0041aeac     libucrt:common.obj
 0002:00005718       ?_names@?1??_get_fname@@9@9 0041b718     libucrt:fpexcept.obj
 0002:000059f8       ?arPrefix@?1??ListDevices@@YAXPBU_GUID@@PB_WAAVXmlWriter@@@Z@4QBQB_WB 0041b9f8     tvt_Firmware.obj
 0002:000060a8       __ehfuncinfo$??_EXmlWriter@@UAEPAXI@Z 0041c0a8     tvt_Firmware.obj
 0002:000060cc       __unwindtable$?SystemBios@@YAXAAVXmlWriter@@@Z 0041c0cc     tvt_Firmware.obj
 0002:000060e4       __ehfuncinfo$?SystemBios@@YAXAAVXmlWriter@@@Z 0041c0e4     tvt_Firmware.obj
 0002:00006108       __catchsym$_Execute$3      0041c108     tvt_Firmware.obj
 0002:00006118       __tryblocktable$_Execute   0041c118     tvt_Firmware.obj
 0002:0000612c       __unwindtable$_Execute     0041c12c     tvt_Firmware.obj
 0002:00006144       __ehfuncinfo$_Execute      0041c144     tvt_Firmware.obj
 0002:00006168       __sehtable$?ConvertStringToBSTR@_com_util@@YGPA_WPBD@Z 0041c168     comsuppw:comutil.obj
 0002:00006184       __catchsym$?ConvertBSTRToString@_com_util@@YGPADPA_W@Z$2 0041c184     comsuppw:comutil.obj
 0002:00006194       __unwindtable$?ConvertBSTRToString@_com_util@@YGPADPA_W@Z 0041c194     comsuppw:comutil.obj
 0002:000061a4       __tryblocktable$?ConvertBSTRToString@_com_util@@YGPADPA_W@Z 0041c1a4     comsuppw:comutil.obj
 0002:000061b8       __ehfuncinfo$?ConvertBSTRToString@_com_util@@YGPADPA_W@Z 0041c1b8     comsuppw:comutil.obj
 0002:00006210       __sehtable$??_M@YGXPAXIIP6EX0@Z@Z 0041c210     LIBCMT:ehvecdtr.obj
 0002:00006230       __sehtable$?__ArrayUnwind@@YGXPAXIIP6EX0@Z@Z 0041c230     LIBCMT:ehvecdtr.obj
 0002:00006250       __sehtable$?__scrt_common_main_seh@@YAHXZ 0041c250     LIBCMT:exe_main.obj
 0002:00006270       __sehtable$___scrt_is_nonwritable_in_current_image 0041c270     LIBCMT:utility.obj
 0002:00006320       __sehtable$___DestructExceptionObject 0041c320     libvcruntime:ehhelpers.obj
 0002:00006340       __sehtable$?FrameUnwindToState@__FrameHandler3@@SAXPAUEHRegistrationNode@@PAXPBU_s_FuncInfo@@H@Z 0041c340     libvcruntime:frame.obj
 0002:00006368       __sehtable$?CallCatchBlock@@YAPAXPAUEHExceptionRecord@@PAUEHRegistrationNode@@PAU_CONTEXT@@PBU_s_FuncInfo@@PAXHK@Z 0041c368     libvcruntime:frame.obj
 0002:00006390       __catchsym$?CallUnexpected@@YAXPBU_s_ESTypeList@@@Z$2 0041c390     libvcruntime:frame.obj
 0002:000063a0       __unwindtable$?CallUnexpected@@YAXPBU_s_ESTypeList@@@Z 0041c3a0     libvcruntime:frame.obj
 0002:000063b0       __tryblocktable$?CallUnexpected@@YAXPBU_s_ESTypeList@@@Z 0041c3b0     libvcruntime:frame.obj
 0002:000063c4       __ehfuncinfo$?CallUnexpected@@YAXPBU_s_ESTypeList@@@Z 0041c3c4     libvcruntime:frame.obj
 0002:000063e8       __sehtable$??$BuildCatchObjectHelperInternal@$$CBU_s_HandlerType@@@@YAHPAUEHExceptionRecord@@PAXPBU_s_HandlerType@@PBU_s_CatchableType@@@Z 0041c3e8     libvcruntime:frame.obj
 0002:00006408       __sehtable$??$BuildCatchObjectInternal@$$CBU_s_HandlerType@@@@YAXPAUEHExceptionRecord@@PAXPBU_s_HandlerType@@PBU_s_CatchableType@@@Z 0041c408     libvcruntime:frame.obj
 0002:00006460       __sehtable$??$?RV<lambda_75d23329f2fb3d02b2e1cf5509bb1caf>@@AAV<lambda_c4f131f91cb4ec00a5b0a26aa161b8b4>@@V<lambda_114dc79c86b00c313cb0b6b3b001aaf8>@@@?$__crt_seh_guarded_call@H@@QAEH$$QAV<lambda_75d23329f2fb3d02b2e1cf5509bb1caf>@@AAV<lambda_c4f131f91cb4ec00a5b0a26aa161b8b4>@@$$QAV<lambda_114dc79c86b00c313cb0b6b3b001aaf8>@@@Z 0041c460     libucrt:output.obj
 0002:00006480       __sehtable$__query_new_handler 0041c480     libucrt:new_handler.obj
 0002:000064a0       __sehtable$_terminate      0041c4a0     libucrt:terminate.obj
 0002:000064c0       __sehtable$??R<lambda_6e4b09c48022b2350581041d5f6b0c4c>@@QBE@XZ 0041c4c0     libucrt:exit.obj
 0002:000064e0       __sehtable$??$?RV<lambda_03b1d95aef87969028cfba75ccab2455>@@AAV<lambda_6e4b09c48022b2350581041d5f6b0c4c>@@V<lambda_22bdf7517842c4b3e53723af5aa32b9e>@@@?$__crt_seh_guarded_call@X@@QAEX$$QAV<lambda_03b1d95aef87969028cfba75ccab2455>@@AAV<lambda_6e4b09c48022b2350581041d5f6b0c4c>@@$$QAV<lambda_22bdf7517842c4b3e53723af5aa32b9e>@@@Z 0041c4e0     libucrt:exit.obj
 0002:00006500       __sehtable$??$?RV<lambda_e5124f882df8998aaf41531e079ba474>@@AAV<lambda_3e16ef9562a7dcce91392c22ab16ea36>@@V<lambda_e25ca0880e6ef98be67edffd8c599615>@@@?$__crt_seh_guarded_call@X@@QAEX$$QAV<lambda_e5124f882df8998aaf41531e079ba474>@@AAV<lambda_3e16ef9562a7dcce91392c22ab16ea36>@@$$QAV<lambda_e25ca0880e6ef98be67edffd8c599615>@@@Z 0041c500     libucrt:wsetlocale.obj
 0002:00006520       __sehtable$??$?RV<lambda_8e746cf0007f6ed984d6f78af1fec997>@@AAV<lambda_22ebabd17bc4fa466a2aca6d8deb888d>@@V<lambda_18ed0c0b38a6dc0daf1e7ac6d6adf05e>@@@?$__crt_seh_guarded_call@H@@QAEH$$QAV<lambda_8e746cf0007f6ed984d6f78af1fec997>@@AAV<lambda_22ebabd17bc4fa466a2aca6d8deb888d>@@$$QAV<lambda_18ed0c0b38a6dc0daf1e7ac6d6adf05e>@@@Z 0041c520     libucrt:onexit.obj
 0002:00006540       __sehtable$??$?RV<lambda_69a2805e680e0e292e8ba93315fe43a8>@@AAV<lambda_f03950bc5685219e0bcd2087efbe011e>@@V<lambda_03fcd07e894ec930e3f35da366ca99d6>@@@?$__crt_seh_guarded_call@H@@QAEH$$QAV<lambda_69a2805e680e0e292e8ba93315fe43a8>@@AAV<lambda_f03950bc5685219e0bcd2087efbe011e>@@$$QAV<lambda_03fcd07e894ec930e3f35da366ca99d6>@@@Z 0041c540     libucrt:onexit.obj
 0002:00006560       __sehtable$__fcloseall     0041c560     libucrt:closeall.obj
 0002:00006580       __sehtable$??$?RV<lambda_2866be3712abc81a800a822484c830d8>@@AAV<lambda_39ca0ed439415581b5b15c265174cece>@@V<lambda_2b24c74d71094a6cd0cb82e44167d71b>@@@?$__crt_seh_guarded_call@X@@QAEX$$QAV<lambda_2866be3712abc81a800a822484c830d8>@@AAV<lambda_39ca0ed439415581b5b15c265174cece>@@$$QAV<lambda_2b24c74d71094a6cd0cb82e44167d71b>@@@Z 0041c580     libucrt:fflush.obj
 0002:000065a0       __sehtable$??$?RV<lambda_2cc53f568c5a2bb6f192f930a45d44ea>@@AAV<lambda_ab61a845afdef5b7c387490eaf3616ee>@@V<lambda_c2ffc0b7726aa6be21d5f0026187e748>@@@?$__crt_seh_guarded_call@X@@QAEX$$QAV<lambda_2cc53f568c5a2bb6f192f930a45d44ea>@@AAV<lambda_ab61a845afdef5b7c387490eaf3616ee>@@$$QAV<lambda_c2ffc0b7726aa6be21d5f0026187e748>@@@Z 0041c5a0     libucrt:fflush.obj
 0002:000065c0       __sehtable$___acrt_initialize_lowio 0041c5c0     libucrt:ioinit.obj
 0002:000065e0       __sehtable$??$?RV<lambda_15ade71b0218206bbe3333a0c9b79046>@@AAV<lambda_da44e0f8b0f19ba52fefafb335991732>@@V<lambda_207f2d024fc103971653565357d6cd41>@@@?$__crt_seh_guarded_call@X@@QAEX$$QAV<lambda_15ade71b0218206bbe3333a0c9b79046>@@AAV<lambda_da44e0f8b0f19ba52fefafb335991732>@@$$QAV<lambda_207f2d024fc103971653565357d6cd41>@@@Z 0041c5e0     libucrt:per_thread_data.obj
 0002:00006600       __sehtable$??$?RV<lambda_a7e850c220f1c8d1e6efeecdedd162c6>@@AAV<lambda_46720907175c18b6c9d2717bc0d2d362>@@V<lambda_9048902d66e8d99359bc9897bbb930a8>@@@?$__crt_seh_guarded_call@X@@QAEX$$QAV<lambda_a7e850c220f1c8d1e6efeecdedd162c6>@@AAV<lambda_46720907175c18b6c9d2717bc0d2d362>@@$$QAV<lambda_9048902d66e8d99359bc9897bbb930a8>@@@Z 0041c600     libucrt:per_thread_data.obj
 0002:00006620       __sehtable$??$?RV<lambda_38edbb1296d33220d7e4dd0ed76b244a>@@AAV<lambda_5ce1d447e08cb34b2473517608e21441>@@V<lambda_fb385d3da700c9147fc39e65dd577a8c>@@@?$__crt_seh_guarded_call@X@@QAEX$$QAV<lambda_38edbb1296d33220d7e4dd0ed76b244a>@@AAV<lambda_5ce1d447e08cb34b2473517608e21441>@@$$QAV<lambda_fb385d3da700c9147fc39e65dd577a8c>@@@Z 0041c620     libucrt:per_thread_data.obj
 0002:00006640       __sehtable$??$?RV<lambda_6affb1475c98b40b75cdec977db92e3c>@@AAV<lambda_b8d4b9c228a6ecc3f80208dbb4b4a104>@@V<lambda_608742c3c92a14382c1684fc64f96c88>@@@?$__crt_seh_guarded_call@X@@QAEX$$QAV<lambda_6affb1475c98b40b75cdec977db92e3c>@@AAV<lambda_b8d4b9c228a6ecc3f80208dbb4b4a104>@@$$QAV<lambda_608742c3c92a14382c1684fc64f96c88>@@@Z 0041c640     libucrt:per_thread_data.obj
 0002:00006660       __sehtable$?update_thread_multibyte_data_internal@@YAPAU__crt_multibyte_data@@QAU__acrt_ptd@@QAPAU1@@Z 0041c660     libucrt:mbctype.obj
 0002:00006680       __sehtable$??$?RV<lambda_ceb1ee4838e85a9d631eb091e2fbe199>@@AAV<lambda_ae742caa10f662c28703da3d2ea5e57e>@@V<lambda_cd08b5d6af4937fe54fc07d0c9bf6b37>@@@?$__crt_seh_guarded_call@X@@QAEX$$QAV<lambda_ceb1ee4838e85a9d631eb091e2fbe199>@@AAV<lambda_ae742caa10f662c28703da3d2ea5e57e>@@$$QAV<lambda_cd08b5d6af4937fe54fc07d0c9bf6b37>@@@Z 0041c680     libucrt:mbctype.obj
 0002:000066a0       __sehtable$___acrt_lowio_ensure_fh_exists 0041c6a0     libucrt:osfinfo.obj
 0002:000066c0       __sehtable$___acrt_update_thread_locale_data 0041c6c0     libucrt:locale_refcounting.obj
 0002:000066e0       __sehtable$_raise          0041c6e0     libucrt:signal.obj
 0002:00006700       __sehtable$??$?RV<lambda_cbab9ec6f41b0180b23cc171c22676b0>@@AAV<lambda_44731a7d0e6d81c3e6aa82d741081786>@@V<lambda_4b292cb8dd18144e164572427af410ab>@@@?$__crt_seh_guarded_call@P6AXH@Z@@QAEP6AXH@Z$$QAV<lambda_cbab9ec6f41b0180b23cc171c22676b0>@@AAV<lambda_44731a7d0e6d81c3e6aa82d741081786>@@$$QAV<lambda_4b292cb8dd18144e164572427af410ab>@@@Z 0041c700     libucrt:signal.obj
 0002:00006720       __sehtable$_fclose         0041c720     libucrt:fclose.obj
 0002:00006740       __sehtable$??$?RV<lambda_9e9de3de5fa147e2223d7db92bc10aa6>@@AAV<lambda_38ce7e780aa69e748d6df282ebc68efe>@@V<lambda_8ca6da459f0f6780f1cff60fdc3d00e5>@@@?$__crt_seh_guarded_call@H@@QAEH$$QAV<lambda_9e9de3de5fa147e2223d7db92bc10aa6>@@AAV<lambda_38ce7e780aa69e748d6df282ebc68efe>@@$$QAV<lambda_8ca6da459f0f6780f1cff60fdc3d00e5>@@@Z 0041c740     libucrt:commit.obj
 0002:00006760       __sehtable$__write         0041c760     libucrt:write.obj
 0002:00006780       __sehtable$___set_fpsr_sse2 0041c780     libucrt:fpctrl.obj
 0002:000067a0       __sehtable$??$?RV<lambda_218ce3db14220d0be481dae8ef3383b6>@@AAV<lambda_628dfdc04ba53c8bfc02c9951375f3f5>@@V<lambda_57dc472bd5c9d5f3b2cbca59b8a843ae>@@@?$__crt_seh_guarded_call@H@@QAEH$$QAV<lambda_218ce3db14220d0be481dae8ef3383b6>@@AAV<lambda_628dfdc04ba53c8bfc02c9951375f3f5>@@$$QAV<lambda_57dc472bd5c9d5f3b2cbca59b8a843ae>@@@Z 0041c7a0     libucrt:close.obj
 0002:000067c0       __sehtable$??$common_lseek@_J@@YA_JH_JH@Z 0041c7c0     libucrt:lseek.obj
 0002:000067e0       __sehtable$__IsNonwritableInCurrentImage 0041c7e0     LIBCMT:pesect.obj
 0002:00006800       .edata                     0041c800     firmware.exp
 0002:00006828       rgpv                       0041c828     firmware.exp
 0002:0000683c       rgszName                   0041c83c     firmware.exp
 0002:00006850       rgwOrd                     0041c850     firmware.exp
 0002:0000685a       szName                     0041c85a     firmware.exp
 0002:00006867       $N00001                    0041c867     firmware.exp
 0002:00006881       $N00002                    0041c881     firmware.exp
 0002:0000689f       $N00003                    0041c89f     firmware.exp
 0002:000068b2       $N00004                    0041c8b2     firmware.exp
 0002:000068ba       $N00005                    0041c8ba     firmware.exp
 0002:00006ad0       .idata$6                   0041cad0     kernel32:KERNEL32.dll
 0002:00006ade       .idata$6                   0041cade     oleaut32:OLEAUT32.dll
 0002:00006afe       .idata$6                   0041cafe     kehelper:kehelper.dll
 0002:00006cc0       .idata$6                   0041ccc0     XmlWriter:XmlWriter.dll
 0002:00006d52       .idata$6                   0041cd52     setupapi:SETUPAPI.dll
 0003:00000040       ?__vcrt_flsindex@@3KA      0041e040     libvcruntime:per_thread_data.obj
 0003:00000110       ?errno_no_memory@@3HA      0041e110     libucrt:errno.obj
 0003:00000114       ?doserrno_no_memory@@3KA   0041e114     libucrt:errno.obj
 0003:00000150       ?__acrt_flsindex@@3KA      0041e150     libucrt:per_thread_data.obj
 0003:00000440       __mbctypes                 0041e440     libucrt:mbctype.obj
 0003:00000548       __mbcasemaps               0041e548     libucrt:mbctype.obj
 0003:00000648       ?__rgctypeflag@@3PADA      0041e648     libucrt:mbctype.obj
 0003:00000650       ?__rgcode_page_info@@3PAUcode_page_info@@A 0041e650     libucrt:mbctype.obj
 0003:000007b0       ?__DAZ_ENABLED@?1??__set_fpsr_sse2@@9@9 0041e7b0     libucrt:fpctrl.obj
 0003:000008c0       ?__dcrt_lowio_console_output_handle@@3PAXA 0041e8c0     libucrt:initcon.obj
 0003:000009a0       _GS_ExceptionRecord        0041e9a0     LIBCMT:gs_report.obj
 0003:000009f0       _GS_ContextRecord          0041e9f0     LIBCMT:gs_report.obj
 0003:00000cc4       ?is_initialized_as_dll@@3_NA 0041ecc4     LIBCMT:utility.obj
 0003:00000cc5       ?module_local_atexit_table_initialized@@3_NA 0041ecc5     LIBCMT:utility.obj
 0003:00000cc8       ?module_local_atexit_table@@3U_onexit_table_t@@A 0041ecc8     LIBCMT:utility.obj
 0003:00000cd4       ?module_local_at_quick_exit_table@@3U_onexit_table_t@@A 0041ecd4     LIBCMT:utility.obj
 0003:00000d00       ?__vcrt_startup_thread_ptd@@3U__vcrt_ptd@@A 0041ed00     libvcruntime:per_thread_data.obj
 0003:00000d28       ___vcrt_lock_table         0041ed28     libvcruntime:locks.obj
 0003:00000d40       ___vcrt_locks_initialized  0041ed40     libvcruntime:locks.obj
 0003:00000d44       ?module_handles@@3PAPAUHINSTANCE__@@A 0041ed44     libvcruntime:winapi_downlevel.obj
 0003:00000d50       ?encoded_function_pointers@@3PAPAXA 0041ed50     libvcruntime:winapi_downlevel.obj
 0003:00000d90       ?heap@@3V_HeapManager@@A   0041ed90     libvcruntime:undname.obj
 0003:00000db0       ?__acrt_new_handler@@3V?$dual_state_global@P6AHI@Z@__crt_state_management@@A 0041edb0     libucrt:new_handler.obj
 0003:00000db4       ?__acrt_app_type@@3W4_crt_app_type@@A 0041edb4     libucrt:report_runtime_error.obj
 0003:00000db8       ?user_matherr@@3V?$dual_state_global@P6AHPAU_exception@@@Z@__crt_state_management@@A 0041edb8     libucrt:matherr.obj
 0003:00000dc0       ?program_name@?1???$common_configure_argv@D@@YAHW4_crt_argv_mode@@@Z@4PADA 0041edc0     libucrt:argv_parsing.obj
 0003:00000ed8       ?c_termination_complete@@3JA 0041eed8     libucrt:exit.obj
 0003:00000edc       ?thread_local_exit_callback_func@@3P6GXPAXK0@ZA 0041eedc     libucrt:exit.obj
 0003:00000f00       ?__acrt_global_new_mode@@3V?$dual_state_global@J@__crt_state_management@@A 0041ef00     libucrt:new_mode.obj
 0003:00000f20       ?__acrt_invalid_parameter_handler@@3V?$dual_state_global@P6AXPB_W00II@Z@__crt_state_management@@A 0041ef20     libucrt:invalid_parameter.obj
 0003:00000f28       ?module_handles@@3PAPAUHINSTANCE__@@A 0041ef28     libucrt:winapi_thunks.obj
 0003:00000f78       ?encoded_function_pointers@@3PAPAXA 0041ef78     libucrt:winapi_thunks.obj
 0003:00001204       ?internal_state@?1??_mbtowc_l@@9@4U_Mbstatet@@A 0041f204     libucrt:mbtowc.obj
 0003:0000120c       ?enable_percent_n@@3IA     0041f20c     libucrt:printf_count_output.obj
 0003:00001220       ?__acrt_lock_table@@3PAU_RTL_CRITICAL_SECTION@@A 0041f220     libucrt:locks.obj
 0003:00001370       ?__acrt_locks_initialized@@3IA 0041f370     libucrt:locks.obj
 0003:00001380       ?fSystemSet@@3HA           0041f380     libucrt:mbctype.obj
 0003:00001384       ?initialized@?1??__acrt_initialize_multibyte@@9@4_NA 0041f384     libucrt:mbctype.obj
 0003:00001398       ?ctrlc_action@@3V?$dual_state_global@P6AXH@Z@__crt_state_management@@A 0041f398     libucrt:signal.obj
 0003:0000139c       ?ctrlbreak_action@@3V?$dual_state_global@P6AXH@Z@__crt_state_management@@A 0041f39c     libucrt:signal.obj
 0003:000013a0       ?abort_action@@3V?$dual_state_global@P6AXH@Z@__crt_state_management@@A 0041f3a0     libucrt:signal.obj
 0003:000013a4       ?term_action@@3V?$dual_state_global@P6AXH@Z@__crt_state_management@@A 0041f3a4     libucrt:signal.obj
 0003:000013a8       ?internal_pst@?1??__mbrtoc32_utf8@__crt_mbstring@@YAIPA_UPBDIPAU_Mbstatet@@@Z@4U3@A 0041f3a8     libucrt:mbrtoc32.obj
 0003:000013b4       __pmatherr_set             0041f3b4     libucrt:libm_error.obj
 0004:000000a0       $R000000                   004200a0     firmware.res
 0004:00000378       $R0002D8                   00420378     firmware.res
